<?xml version="1.0" encoding="ISO-8859-1" ?>
<link_info>
   <banner>TI ARM Clang Linker PC v4.0.3.LTS</banner>
   <copyright>Copyright (c) 1996-2018 Texas Instruments Incorporated</copyright>
   <command_line>C:\ti\ccs2020\ccs\tools\compiler\ti-cgt-armllvm_4.0.3.LTS\bin\tiarmlnk -IC:\ti\ccs2020\ccs\tools\compiler\ti-cgt-armllvm_4.0.3.LTS\lib -o car.out -mcar.map -iC:/ti/mspm0_sdk_2_05_01_00/source -iF:/Code/car -iF:/Code/car/Debug/syscfg -iC:/ti/ccs2020/ccs/tools/compiler/ti-cgt-armllvm_4.0.3.LTS/lib --diag_wrap=off --display_error_number --warn_sections --xml_link_info=car_linkInfo.xml --rom_model ./empty.o ./ti_msp_dl_config.o ./startup_mspm0g350x_ticlang.o ./BSP/src/bsp_tb6612.o ./Board/board.o -l./device_linker.cmd -ldevice.cmd.genlibs -llibc.a --start-group -llibc++.a -llibc++abi.a -llibc.a -llibsys.a -llibsysbm.a -llibclang_rt.builtins.a -llibclang_rt.profile.a --end-group --cg_opt_level=2</command_line>
   <link_time>0x688967ff</link_time>
   <link_errors>0x0</link_errors>
   <output_file>F:\Code\car\Debug\car.out</output_file>
   <entry_point>
      <name>_c_int00_noargs</name>
      <address>0x2ff5</address>
   </entry_point>
   <input_file_list>
      <input_file id="fl-1">
         <path>F:\Code\car\Debug\.\</path>
         <kind>object</kind>
         <file>empty.o</file>
         <name>empty.o</name>
      </input_file>
      <input_file id="fl-2">
         <path>F:\Code\car\Debug\.\</path>
         <kind>object</kind>
         <file>ti_msp_dl_config.o</file>
         <name>ti_msp_dl_config.o</name>
      </input_file>
      <input_file id="fl-3">
         <path>F:\Code\car\Debug\.\</path>
         <kind>object</kind>
         <file>startup_mspm0g350x_ticlang.o</file>
         <name>startup_mspm0g350x_ticlang.o</name>
      </input_file>
      <input_file id="fl-4">
         <path>F:\Code\car\Debug\.\BSP\src\</path>
         <kind>object</kind>
         <file>bsp_tb6612.o</file>
         <name>bsp_tb6612.o</name>
      </input_file>
      <input_file id="fl-5">
         <path>F:\Code\car\Debug\.\Board\</path>
         <kind>object</kind>
         <file>board.o</file>
         <name>board.o</name>
      </input_file>
      <input_file id="fl-12">
         <path>F:\Code\car\Debug\</path>
         <kind>object</kind>
         <file>&lt;internal&gt;</file>
         <name>&lt;internal&gt;</name>
      </input_file>
      <input_file id="fl-13">
         <path>C:\ti\mspm0_sdk_2_05_01_00\source\ti\driverlib\lib\ticlang\m0p\mspm0g1x0x_g3x0x\</path>
         <kind>archive</kind>
         <file>driverlib.a</file>
         <name>dl_common.o</name>
      </input_file>
      <input_file id="fl-14">
         <path>C:\ti\mspm0_sdk_2_05_01_00\source\ti\driverlib\lib\ticlang\m0p\mspm0g1x0x_g3x0x\</path>
         <kind>archive</kind>
         <file>driverlib.a</file>
         <name>dl_timer.o</name>
      </input_file>
      <input_file id="fl-15">
         <path>C:\ti\mspm0_sdk_2_05_01_00\source\ti\driverlib\lib\ticlang\m0p\mspm0g1x0x_g3x0x\</path>
         <kind>archive</kind>
         <file>driverlib.a</file>
         <name>dl_uart.o</name>
      </input_file>
      <input_file id="fl-16">
         <path>C:\ti\mspm0_sdk_2_05_01_00\source\ti\driverlib\lib\ticlang\m0p\mspm0g1x0x_g3x0x\</path>
         <kind>archive</kind>
         <file>driverlib.a</file>
         <name>dl_sysctl_mspm0g1x0x_g3x0x.o</name>
      </input_file>
      <input_file id="fl-2d">
         <path>C:\ti\ccs2020\ccs\tools\compiler\ti-cgt-armllvm_4.0.3.LTS\lib\armv6m-ti-none-eabi\c\</path>
         <kind>archive</kind>
         <file>libc.a</file>
         <name>sprintf.c.obj</name>
      </input_file>
      <input_file id="fl-2e">
         <path>C:\ti\ccs2020\ccs\tools\compiler\ti-cgt-armllvm_4.0.3.LTS\lib\armv6m-ti-none-eabi\c\</path>
         <kind>archive</kind>
         <file>libc.a</file>
         <name>vsnprintf.c.obj</name>
      </input_file>
      <input_file id="fl-2f">
         <path>C:\ti\ccs2020\ccs\tools\compiler\ti-cgt-armllvm_4.0.3.LTS\lib\armv6m-ti-none-eabi\c\</path>
         <kind>archive</kind>
         <file>libc.a</file>
         <name>boot_cortex_m.c.obj</name>
      </input_file>
      <input_file id="fl-30">
         <path>C:\ti\ccs2020\ccs\tools\compiler\ti-cgt-armllvm_4.0.3.LTS\lib\armv6m-ti-none-eabi\c\</path>
         <kind>archive</kind>
         <file>libc.a</file>
         <name>mathacl_init.c.obj</name>
      </input_file>
      <input_file id="fl-31">
         <path>C:\ti\ccs2020\ccs\tools\compiler\ti-cgt-armllvm_4.0.3.LTS\lib\armv6m-ti-none-eabi\c\</path>
         <kind>archive</kind>
         <file>libc.a</file>
         <name>autoinit.c.obj</name>
      </input_file>
      <input_file id="fl-32">
         <path>C:\ti\ccs2020\ccs\tools\compiler\ti-cgt-armllvm_4.0.3.LTS\lib\armv6m-ti-none-eabi\c\</path>
         <kind>archive</kind>
         <file>libc.a</file>
         <name>pre_init.c.obj</name>
      </input_file>
      <input_file id="fl-33">
         <path>C:\ti\ccs2020\ccs\tools\compiler\ti-cgt-armllvm_4.0.3.LTS\lib\armv6m-ti-none-eabi\c\</path>
         <kind>archive</kind>
         <file>libc.a</file>
         <name>cpy_tbl.c.obj</name>
      </input_file>
      <input_file id="fl-34">
         <path>C:\ti\ccs2020\ccs\tools\compiler\ti-cgt-armllvm_4.0.3.LTS\lib\armv6m-ti-none-eabi\c\</path>
         <kind>archive</kind>
         <file>libc.a</file>
         <name>copy_zero_init.c.obj</name>
      </input_file>
      <input_file id="fl-35">
         <path>C:\ti\ccs2020\ccs\tools\compiler\ti-cgt-armllvm_4.0.3.LTS\lib\armv6m-ti-none-eabi\c\</path>
         <kind>archive</kind>
         <file>libc.a</file>
         <name>copy_decompress_none.c.obj</name>
      </input_file>
      <input_file id="fl-36">
         <path>C:\ti\ccs2020\ccs\tools\compiler\ti-cgt-armllvm_4.0.3.LTS\lib\armv6m-ti-none-eabi\c\</path>
         <kind>archive</kind>
         <file>libc.a</file>
         <name>copy_decompress_lzss.c.obj</name>
      </input_file>
      <input_file id="fl-37">
         <path>C:\ti\ccs2020\ccs\tools\compiler\ti-cgt-armllvm_4.0.3.LTS\lib\armv6m-ti-none-eabi\c\</path>
         <kind>archive</kind>
         <file>libc.a</file>
         <name>_printfi.c.obj</name>
      </input_file>
      <input_file id="fl-38">
         <path>C:\ti\ccs2020\ccs\tools\compiler\ti-cgt-armllvm_4.0.3.LTS\lib\armv6m-ti-none-eabi\c\</path>
         <kind>archive</kind>
         <file>libc.a</file>
         <name>s_frexp.c.obj</name>
      </input_file>
      <input_file id="fl-39">
         <path>C:\ti\ccs2020\ccs\tools\compiler\ti-cgt-armllvm_4.0.3.LTS\lib\armv6m-ti-none-eabi\c\</path>
         <kind>archive</kind>
         <file>libc.a</file>
         <name>s_scalbn.c.obj</name>
      </input_file>
      <input_file id="fl-3a">
         <path>C:\ti\ccs2020\ccs\tools\compiler\ti-cgt-armllvm_4.0.3.LTS\lib\armv6m-ti-none-eabi\c\</path>
         <kind>archive</kind>
         <file>libc.a</file>
         <name>wcslen.c.obj</name>
      </input_file>
      <input_file id="fl-3b">
         <path>C:\ti\ccs2020\ccs\tools\compiler\ti-cgt-armllvm_4.0.3.LTS\lib\armv6m-ti-none-eabi\c\</path>
         <kind>archive</kind>
         <file>libc.a</file>
         <name>aeabi_portable.c.obj</name>
      </input_file>
      <input_file id="fl-3c">
         <path>C:\ti\ccs2020\ccs\tools\compiler\ti-cgt-armllvm_4.0.3.LTS\lib\armv6m-ti-none-eabi\c\</path>
         <kind>archive</kind>
         <file>libc.a</file>
         <name>exit.c.obj</name>
      </input_file>
      <input_file id="fl-3d">
         <path>C:\ti\ccs2020\ccs\tools\compiler\ti-cgt-armllvm_4.0.3.LTS\lib\armv6m-ti-none-eabi\c\</path>
         <kind>archive</kind>
         <file>libc.a</file>
         <name>_lock.c.obj</name>
      </input_file>
      <input_file id="fl-3e">
         <path>C:\ti\ccs2020\ccs\tools\compiler\ti-cgt-armllvm_4.0.3.LTS\lib\armv6m-ti-none-eabi\c\</path>
         <kind>archive</kind>
         <file>libc.a</file>
         <name>_ltoa.c.obj</name>
      </input_file>
      <input_file id="fl-3f">
         <path>C:\ti\ccs2020\ccs\tools\compiler\ti-cgt-armllvm_4.0.3.LTS\lib\armv6m-ti-none-eabi\c\</path>
         <kind>archive</kind>
         <file>libc.a</file>
         <name>args_main.c.obj</name>
      </input_file>
      <input_file id="fl-40">
         <path>C:\ti\ccs2020\ccs\tools\compiler\ti-cgt-armllvm_4.0.3.LTS\lib\armv6m-ti-none-eabi\c\</path>
         <kind>archive</kind>
         <file>libc.a</file>
         <name>assert.c.obj</name>
      </input_file>
      <input_file id="fl-41">
         <path>C:\ti\ccs2020\ccs\tools\compiler\ti-cgt-armllvm_4.0.3.LTS\lib\armv6m-ti-none-eabi\c\</path>
         <kind>archive</kind>
         <file>libc.a</file>
         <name>atoi.c.obj</name>
      </input_file>
      <input_file id="fl-42">
         <path>C:\ti\ccs2020\ccs\tools\compiler\ti-cgt-armllvm_4.0.3.LTS\lib\armv6m-ti-none-eabi\c\</path>
         <kind>archive</kind>
         <file>libc.a</file>
         <name>defs.c.obj</name>
      </input_file>
      <input_file id="fl-43">
         <path>C:\ti\ccs2020\ccs\tools\compiler\ti-cgt-armllvm_4.0.3.LTS\lib\armv6m-ti-none-eabi\c\</path>
         <kind>archive</kind>
         <file>libc.a</file>
         <name>memccpy.c.obj</name>
      </input_file>
      <input_file id="fl-44">
         <path>C:\ti\ccs2020\ccs\tools\compiler\ti-cgt-armllvm_4.0.3.LTS\lib\armv6m-ti-none-eabi\c\</path>
         <kind>archive</kind>
         <file>libc.a</file>
         <name>memory.c.obj</name>
      </input_file>
      <input_file id="fl-45">
         <path>C:\ti\ccs2020\ccs\tools\compiler\ti-cgt-armllvm_4.0.3.LTS\lib\armv6m-ti-none-eabi\c\</path>
         <kind>archive</kind>
         <file>libc.a</file>
         <name>fflush.c.obj</name>
      </input_file>
      <input_file id="fl-46">
         <path>C:\ti\ccs2020\ccs\tools\compiler\ti-cgt-armllvm_4.0.3.LTS\lib\armv6m-ti-none-eabi\c\</path>
         <kind>archive</kind>
         <file>libc.a</file>
         <name>fputs.c.obj</name>
      </input_file>
      <input_file id="fl-47">
         <path>C:\ti\ccs2020\ccs\tools\compiler\ti-cgt-armllvm_4.0.3.LTS\lib\armv6m-ti-none-eabi\c\</path>
         <kind>archive</kind>
         <file>libc.a</file>
         <name>_io_perm.c.obj</name>
      </input_file>
      <input_file id="fl-48">
         <path>C:\ti\ccs2020\ccs\tools\compiler\ti-cgt-armllvm_4.0.3.LTS\lib\armv6m-ti-none-eabi\c\</path>
         <kind>archive</kind>
         <file>libc.a</file>
         <name>setvbuf.c.obj</name>
      </input_file>
      <input_file id="fl-49">
         <path>C:\ti\ccs2020\ccs\tools\compiler\ti-cgt-armllvm_4.0.3.LTS\lib\armv6m-ti-none-eabi\c\</path>
         <kind>archive</kind>
         <file>libc.a</file>
         <name>aeabi_ctype.S.obj</name>
      </input_file>
      <input_file id="fl-4a">
         <path>C:\ti\ccs2020\ccs\tools\compiler\ti-cgt-armllvm_4.0.3.LTS\lib\armv6m-ti-none-eabi\c\</path>
         <kind>archive</kind>
         <file>libc.a</file>
         <name>fopen.c.obj</name>
      </input_file>
      <input_file id="fl-4b">
         <path>C:\ti\ccs2020\ccs\tools\compiler\ti-cgt-armllvm_4.0.3.LTS\lib\armv6m-ti-none-eabi\c\</path>
         <kind>archive</kind>
         <file>libc.a</file>
         <name>fseek.c.obj</name>
      </input_file>
      <input_file id="fl-4c">
         <path>C:\ti\ccs2020\ccs\tools\compiler\ti-cgt-armllvm_4.0.3.LTS\lib\armv6m-ti-none-eabi\c\</path>
         <kind>archive</kind>
         <file>libc.a</file>
         <name>fclose.c.obj</name>
      </input_file>
      <input_file id="fl-ec">
         <path>C:\ti\ccs2020\ccs\tools\compiler\ti-cgt-armllvm_4.0.3.LTS\lib\armv6m-ti-none-eabi\c\</path>
         <kind>archive</kind>
         <file>libsysbm.a</file>
         <name>hostexit.c.obj</name>
      </input_file>
      <input_file id="fl-ed">
         <path>C:\ti\ccs2020\ccs\tools\compiler\ti-cgt-armllvm_4.0.3.LTS\lib\armv6m-ti-none-eabi\c\</path>
         <kind>archive</kind>
         <file>libsysbm.a</file>
         <name>write.c.obj</name>
      </input_file>
      <input_file id="fl-ee">
         <path>C:\ti\ccs2020\ccs\tools\compiler\ti-cgt-armllvm_4.0.3.LTS\lib\armv6m-ti-none-eabi\c\</path>
         <kind>archive</kind>
         <file>libsysbm.a</file>
         <name>host_device.c.obj</name>
      </input_file>
      <input_file id="fl-ef">
         <path>C:\ti\ccs2020\ccs\tools\compiler\ti-cgt-armllvm_4.0.3.LTS\lib\armv6m-ti-none-eabi\c\</path>
         <kind>archive</kind>
         <file>libsysbm.a</file>
         <name>remove.c.obj</name>
      </input_file>
      <input_file id="fl-f0">
         <path>C:\ti\ccs2020\ccs\tools\compiler\ti-cgt-armllvm_4.0.3.LTS\lib\armv6m-ti-none-eabi\c\</path>
         <kind>archive</kind>
         <file>libsysbm.a</file>
         <name>open.c.obj</name>
      </input_file>
      <input_file id="fl-f1">
         <path>C:\ti\ccs2020\ccs\tools\compiler\ti-cgt-armllvm_4.0.3.LTS\lib\armv6m-ti-none-eabi\c\</path>
         <kind>archive</kind>
         <file>libsysbm.a</file>
         <name>lseek.c.obj</name>
      </input_file>
      <input_file id="fl-f2">
         <path>C:\ti\ccs2020\ccs\tools\compiler\ti-cgt-armllvm_4.0.3.LTS\lib\armv6m-ti-none-eabi\c\</path>
         <kind>archive</kind>
         <file>libsysbm.a</file>
         <name>close.c.obj</name>
      </input_file>
      <input_file id="fl-f3">
         <path>C:\ti\ccs2020\ccs\tools\compiler\ti-cgt-armllvm_4.0.3.LTS\lib\armv6m-ti-none-eabi\c\</path>
         <kind>archive</kind>
         <file>libsysbm.a</file>
         <name>unlink.c.obj</name>
      </input_file>
      <input_file id="fl-f4">
         <path>C:\ti\ccs2020\ccs\tools\compiler\ti-cgt-armllvm_4.0.3.LTS\lib\armv6m-ti-none-eabi\c\</path>
         <kind>archive</kind>
         <file>libsysbm.a</file>
         <name>hostclose.c.obj</name>
      </input_file>
      <input_file id="fl-f5">
         <path>C:\ti\ccs2020\ccs\tools\compiler\ti-cgt-armllvm_4.0.3.LTS\lib\armv6m-ti-none-eabi\c\</path>
         <kind>archive</kind>
         <file>libsysbm.a</file>
         <name>hostlseek.c.obj</name>
      </input_file>
      <input_file id="fl-f6">
         <path>C:\ti\ccs2020\ccs\tools\compiler\ti-cgt-armllvm_4.0.3.LTS\lib\armv6m-ti-none-eabi\c\</path>
         <kind>archive</kind>
         <file>libsysbm.a</file>
         <name>hostopen.c.obj</name>
      </input_file>
      <input_file id="fl-f7">
         <path>C:\ti\ccs2020\ccs\tools\compiler\ti-cgt-armllvm_4.0.3.LTS\lib\armv6m-ti-none-eabi\c\</path>
         <kind>archive</kind>
         <file>libsysbm.a</file>
         <name>hostread.c.obj</name>
      </input_file>
      <input_file id="fl-f8">
         <path>C:\ti\ccs2020\ccs\tools\compiler\ti-cgt-armllvm_4.0.3.LTS\lib\armv6m-ti-none-eabi\c\</path>
         <kind>archive</kind>
         <file>libsysbm.a</file>
         <name>hostrename.c.obj</name>
      </input_file>
      <input_file id="fl-f9">
         <path>C:\ti\ccs2020\ccs\tools\compiler\ti-cgt-armllvm_4.0.3.LTS\lib\armv6m-ti-none-eabi\c\</path>
         <kind>archive</kind>
         <file>libsysbm.a</file>
         <name>hostunlink.c.obj</name>
      </input_file>
      <input_file id="fl-fa">
         <path>C:\ti\ccs2020\ccs\tools\compiler\ti-cgt-armllvm_4.0.3.LTS\lib\armv6m-ti-none-eabi\c\</path>
         <kind>archive</kind>
         <file>libsysbm.a</file>
         <name>hostwrite.c.obj</name>
      </input_file>
      <input_file id="fl-fb">
         <path>C:\ti\ccs2020\ccs\tools\compiler\ti-cgt-armllvm_4.0.3.LTS\lib\armv6m-ti-none-eabi\c\</path>
         <kind>archive</kind>
         <file>libsysbm.a</file>
         <name>trgmsg.c.obj</name>
      </input_file>
      <input_file id="fl-fc">
         <path>C:\ti\ccs2020\ccs\tools\compiler\ti-cgt-armllvm_4.0.3.LTS\lib\armv6m-ti-none-eabi\</path>
         <kind>archive</kind>
         <file>libclang_rt.builtins.a</file>
         <name>addsf3.S.obj</name>
      </input_file>
      <input_file id="fl-fd">
         <path>C:\ti\ccs2020\ccs\tools\compiler\ti-cgt-armllvm_4.0.3.LTS\lib\armv6m-ti-none-eabi\</path>
         <kind>archive</kind>
         <file>libclang_rt.builtins.a</file>
         <name>adddf3.S.obj</name>
      </input_file>
      <input_file id="fl-fe">
         <path>C:\ti\ccs2020\ccs\tools\compiler\ti-cgt-armllvm_4.0.3.LTS\lib\armv6m-ti-none-eabi\</path>
         <kind>archive</kind>
         <file>libclang_rt.builtins.a</file>
         <name>muldf3.S.obj</name>
      </input_file>
      <input_file id="fl-ff">
         <path>C:\ti\ccs2020\ccs\tools\compiler\ti-cgt-armllvm_4.0.3.LTS\lib\armv6m-ti-none-eabi\</path>
         <kind>archive</kind>
         <file>libclang_rt.builtins.a</file>
         <name>muldsi3.S.obj</name>
      </input_file>
      <input_file id="fl-100">
         <path>C:\ti\ccs2020\ccs\tools\compiler\ti-cgt-armllvm_4.0.3.LTS\lib\armv6m-ti-none-eabi\</path>
         <kind>archive</kind>
         <file>libclang_rt.builtins.a</file>
         <name>mulsf3.S.obj</name>
      </input_file>
      <input_file id="fl-101">
         <path>C:\ti\ccs2020\ccs\tools\compiler\ti-cgt-armllvm_4.0.3.LTS\lib\armv6m-ti-none-eabi\</path>
         <kind>archive</kind>
         <file>libclang_rt.builtins.a</file>
         <name>divsf3.S.obj</name>
      </input_file>
      <input_file id="fl-102">
         <path>C:\ti\ccs2020\ccs\tools\compiler\ti-cgt-armllvm_4.0.3.LTS\lib\armv6m-ti-none-eabi\</path>
         <kind>archive</kind>
         <file>libclang_rt.builtins.a</file>
         <name>divdf3.S.obj</name>
      </input_file>
      <input_file id="fl-103">
         <path>C:\ti\ccs2020\ccs\tools\compiler\ti-cgt-armllvm_4.0.3.LTS\lib\armv6m-ti-none-eabi\</path>
         <kind>archive</kind>
         <file>libclang_rt.builtins.a</file>
         <name>extendsfdf2.S.obj</name>
      </input_file>
      <input_file id="fl-104">
         <path>C:\ti\ccs2020\ccs\tools\compiler\ti-cgt-armllvm_4.0.3.LTS\lib\armv6m-ti-none-eabi\</path>
         <kind>archive</kind>
         <file>libclang_rt.builtins.a</file>
         <name>fixdfsi.S.obj</name>
      </input_file>
      <input_file id="fl-105">
         <path>C:\ti\ccs2020\ccs\tools\compiler\ti-cgt-armllvm_4.0.3.LTS\lib\armv6m-ti-none-eabi\</path>
         <kind>archive</kind>
         <file>libclang_rt.builtins.a</file>
         <name>fixsfsi.S.obj</name>
      </input_file>
      <input_file id="fl-106">
         <path>C:\ti\ccs2020\ccs\tools\compiler\ti-cgt-armllvm_4.0.3.LTS\lib\armv6m-ti-none-eabi\</path>
         <kind>archive</kind>
         <file>libclang_rt.builtins.a</file>
         <name>floatsidf.S.obj</name>
      </input_file>
      <input_file id="fl-107">
         <path>C:\ti\ccs2020\ccs\tools\compiler\ti-cgt-armllvm_4.0.3.LTS\lib\armv6m-ti-none-eabi\</path>
         <kind>archive</kind>
         <file>libclang_rt.builtins.a</file>
         <name>floatsisf.S.obj</name>
      </input_file>
      <input_file id="fl-108">
         <path>C:\ti\ccs2020\ccs\tools\compiler\ti-cgt-armllvm_4.0.3.LTS\lib\armv6m-ti-none-eabi\</path>
         <kind>archive</kind>
         <file>libclang_rt.builtins.a</file>
         <name>muldi3.S.obj</name>
      </input_file>
      <input_file id="fl-109">
         <path>C:\ti\ccs2020\ccs\tools\compiler\ti-cgt-armllvm_4.0.3.LTS\lib\armv6m-ti-none-eabi\</path>
         <kind>archive</kind>
         <file>libclang_rt.builtins.a</file>
         <name>truncdfsf2.S.obj</name>
      </input_file>
      <input_file id="fl-10a">
         <path>C:\ti\ccs2020\ccs\tools\compiler\ti-cgt-armllvm_4.0.3.LTS\lib\armv6m-ti-none-eabi\</path>
         <kind>archive</kind>
         <file>libclang_rt.builtins.a</file>
         <name>aeabi_dcmp.S.obj</name>
      </input_file>
      <input_file id="fl-10b">
         <path>C:\ti\ccs2020\ccs\tools\compiler\ti-cgt-armllvm_4.0.3.LTS\lib\armv6m-ti-none-eabi\</path>
         <kind>archive</kind>
         <file>libclang_rt.builtins.a</file>
         <name>aeabi_fcmp.S.obj</name>
      </input_file>
      <input_file id="fl-10c">
         <path>C:\ti\ccs2020\ccs\tools\compiler\ti-cgt-armllvm_4.0.3.LTS\lib\armv6m-ti-none-eabi\</path>
         <kind>archive</kind>
         <file>libclang_rt.builtins.a</file>
         <name>aeabi_idivmod.S.obj</name>
      </input_file>
      <input_file id="fl-10d">
         <path>C:\ti\ccs2020\ccs\tools\compiler\ti-cgt-armllvm_4.0.3.LTS\lib\armv6m-ti-none-eabi\</path>
         <kind>archive</kind>
         <file>libclang_rt.builtins.a</file>
         <name>aeabi_memcpy.S.obj</name>
      </input_file>
      <input_file id="fl-10e">
         <path>C:\ti\ccs2020\ccs\tools\compiler\ti-cgt-armllvm_4.0.3.LTS\lib\armv6m-ti-none-eabi\</path>
         <kind>archive</kind>
         <file>libclang_rt.builtins.a</file>
         <name>aeabi_memset.S.obj</name>
      </input_file>
      <input_file id="fl-10f">
         <path>C:\ti\ccs2020\ccs\tools\compiler\ti-cgt-armllvm_4.0.3.LTS\lib\armv6m-ti-none-eabi\</path>
         <kind>archive</kind>
         <file>libclang_rt.builtins.a</file>
         <name>aeabi_uidivmod.S.obj</name>
      </input_file>
      <input_file id="fl-110">
         <path>C:\ti\ccs2020\ccs\tools\compiler\ti-cgt-armllvm_4.0.3.LTS\lib\armv6m-ti-none-eabi\</path>
         <kind>archive</kind>
         <file>libclang_rt.builtins.a</file>
         <name>aeabi_uldivmod.S.obj</name>
      </input_file>
      <input_file id="fl-111">
         <path>C:\ti\ccs2020\ccs\tools\compiler\ti-cgt-armllvm_4.0.3.LTS\lib\armv6m-ti-none-eabi\</path>
         <kind>archive</kind>
         <file>libclang_rt.builtins.a</file>
         <name>comparesf2.S.obj</name>
      </input_file>
      <input_file id="fl-112">
         <path>C:\ti\ccs2020\ccs\tools\compiler\ti-cgt-armllvm_4.0.3.LTS\lib\armv6m-ti-none-eabi\</path>
         <kind>archive</kind>
         <file>libclang_rt.builtins.a</file>
         <name>udivmoddi4.S.obj</name>
      </input_file>
      <input_file id="fl-113">
         <path>C:\ti\ccs2020\ccs\tools\compiler\ti-cgt-armllvm_4.0.3.LTS\lib\armv6m-ti-none-eabi\</path>
         <kind>archive</kind>
         <file>libclang_rt.builtins.a</file>
         <name>ashldi3.S.obj</name>
      </input_file>
      <input_file id="fl-114">
         <path>C:\ti\ccs2020\ccs\tools\compiler\ti-cgt-armllvm_4.0.3.LTS\lib\armv6m-ti-none-eabi\</path>
         <kind>archive</kind>
         <file>libclang_rt.builtins.a</file>
         <name>comparedf2.c.obj</name>
      </input_file>
      <input_file id="fl-115">
         <path>C:\ti\ccs2020\ccs\tools\compiler\ti-cgt-armllvm_4.0.3.LTS\lib\armv6m-ti-none-eabi\</path>
         <kind>archive</kind>
         <file>libclang_rt.builtins.a</file>
         <name>aeabi_div0.c.obj</name>
      </input_file>
      <input_file id="fl-116">
         <path>C:\ti\ccs2020\ccs\tools\compiler\ti-cgt-armllvm_4.0.3.LTS\lib\armv6m-ti-none-eabi\c\</path>
         <kind>archive</kind>
         <file>libc.a</file>
         <name>getdevice.c.obj</name>
      </input_file>
      <input_file id="fl-117">
         <path>C:\ti\ccs2020\ccs\tools\compiler\ti-cgt-armllvm_4.0.3.LTS\lib\armv6m-ti-none-eabi\c\</path>
         <kind>archive</kind>
         <file>libc.a</file>
         <name>memcpy16.S.obj</name>
      </input_file>
      <input_file id="fl-118">
         <path>C:\ti\ccs2020\ccs\tools\compiler\ti-cgt-armllvm_4.0.3.LTS\lib\armv6m-ti-none-eabi\c\</path>
         <kind>archive</kind>
         <file>libc.a</file>
         <name>memset16.S.obj</name>
      </input_file>
      <input_file id="fl-119">
         <path>C:\ti\ccs2020\ccs\tools\compiler\ti-cgt-armllvm_4.0.3.LTS\lib\armv6m-ti-none-eabi\c\</path>
         <kind>archive</kind>
         <file>libc.a</file>
         <name>strcmp-armv6m.S.obj</name>
      </input_file>
   </input_file_list>
   <object_component_list>
      <object_component id="oc-18">
         <name>.intvecs</name>
         <load_address>0x0</load_address>
         <readonly>true</readonly>
         <run_address>0x0</run_address>
         <size>0xc0</size>
         <alignment>0x4</alignment>
         <input_file_ref idref="fl-3"/>
      </object_component>
      <object_component id="oc-13d">
         <name>.text:__TI_printfi</name>
         <load_address>0xc0</load_address>
         <readonly>true</readonly>
         <executable>true</executable>
         <run_address>0xc0</run_address>
         <size>0x9d0</size>
         <alignment>0x4</alignment>
         <input_file_ref idref="fl-37"/>
      </object_component>
      <object_component id="oc-34">
         <name>.text.TIMG0_IRQHandler</name>
         <load_address>0xa90</load_address>
         <readonly>true</readonly>
         <executable>true</executable>
         <run_address>0xa90</run_address>
         <size>0x390</size>
         <alignment>0x4</alignment>
         <input_file_ref idref="fl-1"/>
      </object_component>
      <object_component id="oc-191">
         <name>.text._pconv_a</name>
         <load_address>0xe20</load_address>
         <readonly>true</readonly>
         <executable>true</executable>
         <run_address>0xe20</run_address>
         <size>0x220</size>
         <alignment>0x4</alignment>
         <input_file_ref idref="fl-37"/>
      </object_component>
      <object_component id="oc-196">
         <name>.text._pconv_g</name>
         <load_address>0x1040</load_address>
         <readonly>true</readonly>
         <executable>true</executable>
         <run_address>0x1040</run_address>
         <size>0x1dc</size>
         <alignment>0x4</alignment>
         <input_file_ref idref="fl-37"/>
      </object_component>
      <object_component id="oc-76">
         <name>.text.adddf3_subdf3</name>
         <load_address>0x121c</load_address>
         <readonly>true</readonly>
         <executable>true</executable>
         <run_address>0x121c</run_address>
         <size>0x192</size>
         <alignment>0x4</alignment>
         <input_file_ref idref="fl-fd"/>
      </object_component>
      <object_component id="oc-33">
         <name>.text.Default_Handler</name>
         <load_address>0x13ae</load_address>
         <readonly>true</readonly>
         <executable>true</executable>
         <run_address>0x13ae</run_address>
         <size>0x2</size>
         <alignment>0x2</alignment>
         <input_file_ref idref="fl-3"/>
      </object_component>
      <object_component id="oc-1e0">
         <name>.text.fcvt</name>
         <load_address>0x13b0</load_address>
         <readonly>true</readonly>
         <executable>true</executable>
         <run_address>0x13b0</run_address>
         <size>0x13c</size>
         <alignment>0x4</alignment>
         <input_file_ref idref="fl-37"/>
      </object_component>
      <object_component id="oc-198">
         <name>.text._pconv_e</name>
         <load_address>0x14ec</load_address>
         <readonly>true</readonly>
         <executable>true</executable>
         <run_address>0x14ec</run_address>
         <size>0x120</size>
         <alignment>0x4</alignment>
         <input_file_ref idref="fl-37"/>
      </object_component>
      <object_component id="oc-152">
         <name>.text.DL_Timer_initCaptureMode</name>
         <load_address>0x160c</load_address>
         <readonly>true</readonly>
         <executable>true</executable>
         <run_address>0x160c</run_address>
         <size>0x11c</size>
         <alignment>0x4</alignment>
         <input_file_ref idref="fl-14"/>
      </object_component>
      <object_component id="oc-ae">
         <name>.text.main</name>
         <load_address>0x1728</load_address>
         <readonly>true</readonly>
         <executable>true</executable>
         <run_address>0x1728</run_address>
         <size>0x110</size>
         <alignment>0x4</alignment>
         <input_file_ref idref="fl-1"/>
      </object_component>
      <object_component id="oc-1dc">
         <name>.text.__divdf3</name>
         <load_address>0x1838</load_address>
         <readonly>true</readonly>
         <executable>true</executable>
         <run_address>0x1838</run_address>
         <size>0x10c</size>
         <alignment>0x4</alignment>
         <input_file_ref idref="fl-102"/>
      </object_component>
      <object_component id="oc-14d">
         <name>.text.DL_Timer_initFourCCPWMMode</name>
         <load_address>0x1944</load_address>
         <readonly>true</readonly>
         <executable>true</executable>
         <run_address>0x1944</run_address>
         <size>0x104</size>
         <alignment>0x4</alignment>
         <input_file_ref idref="fl-14"/>
      </object_component>
      <object_component id="oc-7e">
         <name>.text.PID_Realize</name>
         <load_address>0x1a48</load_address>
         <readonly>true</readonly>
         <executable>true</executable>
         <run_address>0x1a48</run_address>
         <size>0xec</size>
         <alignment>0x2</alignment>
         <input_file_ref idref="fl-1"/>
      </object_component>
      <object_component id="oc-157">
         <name>.text.DL_Timer_initTimerMode</name>
         <load_address>0x1b34</load_address>
         <readonly>true</readonly>
         <executable>true</executable>
         <run_address>0x1b34</run_address>
         <size>0xe8</size>
         <alignment>0x4</alignment>
         <input_file_ref idref="fl-14"/>
      </object_component>
      <object_component id="oc-72">
         <name>.text.__muldf3</name>
         <load_address>0x1c1c</load_address>
         <readonly>true</readonly>
         <executable>true</executable>
         <run_address>0x1c1c</run_address>
         <size>0xe4</size>
         <alignment>0x4</alignment>
         <input_file_ref idref="fl-fe"/>
      </object_component>
      <object_component id="oc-149">
         <name>.text.DL_SYSCTL_configSYSPLL</name>
         <load_address>0x1d00</load_address>
         <readonly>true</readonly>
         <executable>true</executable>
         <run_address>0x1d00</run_address>
         <size>0xdc</size>
         <alignment>0x4</alignment>
         <input_file_ref idref="fl-16"/>
      </object_component>
      <object_component id="oc-1bf">
         <name>.text.scalbn</name>
         <load_address>0x1ddc</load_address>
         <readonly>true</readonly>
         <executable>true</executable>
         <run_address>0x1ddc</run_address>
         <size>0xd8</size>
         <alignment>0x4</alignment>
         <input_file_ref idref="fl-39"/>
      </object_component>
      <object_component id="oc-6a">
         <name>.text</name>
         <load_address>0x1eb4</load_address>
         <readonly>true</readonly>
         <executable>true</executable>
         <run_address>0x1eb4</run_address>
         <size>0xd8</size>
         <alignment>0x4</alignment>
         <input_file_ref idref="fl-fc"/>
      </object_component>
      <object_component id="oc-1b6">
         <name>.text</name>
         <load_address>0x1f8c</load_address>
         <readonly>true</readonly>
         <executable>true</executable>
         <run_address>0x1f8c</run_address>
         <size>0xa2</size>
         <alignment>0x4</alignment>
         <input_file_ref idref="fl-112"/>
      </object_component>
      <object_component id="oc-e3">
         <name>.text:memcpy</name>
         <load_address>0x202e</load_address>
         <readonly>true</readonly>
         <executable>true</executable>
         <run_address>0x202e</run_address>
         <size>0x9a</size>
         <alignment>0x1</alignment>
         <input_file_ref idref="fl-117"/>
      </object_component>
      <object_component id="oc-118">
         <name>.text.SYSCFG_DL_GPIO_init</name>
         <load_address>0x20c8</load_address>
         <readonly>true</readonly>
         <executable>true</executable>
         <run_address>0x20c8</run_address>
         <size>0x98</size>
         <alignment>0x4</alignment>
         <input_file_ref idref="fl-2"/>
      </object_component>
      <object_component id="oc-11b">
         <name>.text.SYSCFG_DL_PWM_0_init</name>
         <load_address>0x2160</load_address>
         <readonly>true</readonly>
         <executable>true</executable>
         <run_address>0x2160</run_address>
         <size>0x94</size>
         <alignment>0x4</alignment>
         <input_file_ref idref="fl-2"/>
      </object_component>
      <object_component id="oc-62">
         <name>.text.__mulsf3</name>
         <load_address>0x21f4</load_address>
         <readonly>true</readonly>
         <executable>true</executable>
         <run_address>0x21f4</run_address>
         <size>0x8c</size>
         <alignment>0x4</alignment>
         <input_file_ref idref="fl-100"/>
      </object_component>
      <object_component id="oc-66">
         <name>.text.__divsf3</name>
         <load_address>0x2280</load_address>
         <readonly>true</readonly>
         <executable>true</executable>
         <run_address>0x2280</run_address>
         <size>0x82</size>
         <alignment>0x4</alignment>
         <input_file_ref idref="fl-101"/>
      </object_component>
      <object_component id="oc-1a4">
         <name>.text.__aeabi_idiv0</name>
         <load_address>0x2302</load_address>
         <readonly>true</readonly>
         <executable>true</executable>
         <run_address>0x2302</run_address>
         <size>0x2</size>
         <alignment>0x2</alignment>
         <input_file_ref idref="fl-115"/>
      </object_component>
      <object_component id="oc-1c">
         <name>.text:decompress:lzss</name>
         <load_address>0x2304</load_address>
         <readonly>true</readonly>
         <executable>true</executable>
         <run_address>0x2304</run_address>
         <size>0x7c</size>
         <alignment>0x4</alignment>
         <input_file_ref idref="fl-36"/>
      </object_component>
      <object_component id="oc-1da">
         <name>.text.__gedf2</name>
         <load_address>0x2380</load_address>
         <readonly>true</readonly>
         <executable>true</executable>
         <run_address>0x2380</run_address>
         <size>0x74</size>
         <alignment>0x4</alignment>
         <input_file_ref idref="fl-114"/>
      </object_component>
      <object_component id="oc-a5">
         <name>.text.__aeabi_memclr</name>
         <load_address>0x23f4</load_address>
         <readonly>true</readonly>
         <executable>true</executable>
         <run_address>0x23f4</run_address>
         <size>0xc</size>
         <alignment>0x4</alignment>
         <input_file_ref idref="fl-10e"/>
      </object_component>
      <object_component id="oc-7a">
         <name>.text.__truncdfsf2</name>
         <load_address>0x2400</load_address>
         <readonly>true</readonly>
         <executable>true</executable>
         <run_address>0x2400</run_address>
         <size>0x74</size>
         <alignment>0x10</alignment>
         <input_file_ref idref="fl-109"/>
      </object_component>
      <object_component id="oc-1d4">
         <name>.text.__ledf2</name>
         <load_address>0x2474</load_address>
         <readonly>true</readonly>
         <executable>true</executable>
         <run_address>0x2474</run_address>
         <size>0x68</size>
         <alignment>0x4</alignment>
         <input_file_ref idref="fl-114"/>
      </object_component>
      <object_component id="oc-7f">
         <name>.text.lc_printf</name>
         <load_address>0x24dc</load_address>
         <readonly>true</readonly>
         <executable>true</executable>
         <run_address>0x24dc</run_address>
         <size>0x68</size>
         <alignment>0x4</alignment>
         <input_file_ref idref="fl-5"/>
      </object_component>
      <object_component id="oc-1d3">
         <name>.text._mcpy</name>
         <load_address>0x2544</load_address>
         <readonly>true</readonly>
         <executable>true</executable>
         <run_address>0x2544</run_address>
         <size>0x66</size>
         <alignment>0x2</alignment>
         <input_file_ref idref="fl-37"/>
      </object_component>
      <object_component id="oc-1e5">
         <name>.text.__aeabi_ldiv0</name>
         <load_address>0x25aa</load_address>
         <readonly>true</readonly>
         <executable>true</executable>
         <run_address>0x25aa</run_address>
         <size>0x2</size>
         <alignment>0x2</alignment>
         <input_file_ref idref="fl-115"/>
      </object_component>
      <object_component id="oc-143">
         <name>.text.DL_SYSCTL_setHFCLKSourceHFXTParams</name>
         <load_address>0x25ac</load_address>
         <readonly>true</readonly>
         <executable>true</executable>
         <run_address>0x25ac</run_address>
         <size>0x64</size>
         <alignment>0x4</alignment>
         <input_file_ref idref="fl-16"/>
      </object_component>
      <object_component id="oc-119">
         <name>.text.SYSCFG_DL_SYSCTL_init</name>
         <load_address>0x2610</load_address>
         <readonly>true</readonly>
         <executable>true</executable>
         <run_address>0x2610</run_address>
         <size>0x64</size>
         <alignment>0x4</alignment>
         <input_file_ref idref="fl-2"/>
      </object_component>
      <object_component id="oc-192">
         <name>.text.__aeabi_dcmp</name>
         <load_address>0x2674</load_address>
         <readonly>true</readonly>
         <executable>true</executable>
         <run_address>0x2674</run_address>
         <size>0x62</size>
         <alignment>0x4</alignment>
         <input_file_ref idref="fl-10a"/>
      </object_component>
      <object_component id="oc-85">
         <name>.text.__aeabi_fcmp</name>
         <load_address>0x26d8</load_address>
         <readonly>true</readonly>
         <executable>true</executable>
         <run_address>0x26d8</run_address>
         <size>0x62</size>
         <alignment>0x4</alignment>
         <input_file_ref idref="fl-10b"/>
      </object_component>
      <object_component id="oc-116">
         <name>.text:memset</name>
         <load_address>0x273a</load_address>
         <readonly>true</readonly>
         <executable>true</executable>
         <run_address>0x273a</run_address>
         <size>0x62</size>
         <alignment>0x1</alignment>
         <input_file_ref idref="fl-118"/>
      </object_component>
      <object_component id="oc-11f">
         <name>.text.SYSCFG_DL_UART_0_init</name>
         <load_address>0x279c</load_address>
         <readonly>true</readonly>
         <executable>true</executable>
         <run_address>0x279c</run_address>
         <size>0x60</size>
         <alignment>0x4</alignment>
         <input_file_ref idref="fl-2"/>
      </object_component>
      <object_component id="oc-117">
         <name>.text.SYSCFG_DL_initPower</name>
         <load_address>0x27fc</load_address>
         <readonly>true</readonly>
         <executable>true</executable>
         <run_address>0x27fc</run_address>
         <size>0x60</size>
         <alignment>0x4</alignment>
         <input_file_ref idref="fl-2"/>
      </object_component>
      <object_component id="oc-1bb">
         <name>.text.frexp</name>
         <load_address>0x285c</load_address>
         <readonly>true</readonly>
         <executable>true</executable>
         <run_address>0x285c</run_address>
         <size>0x5c</size>
         <alignment>0x4</alignment>
         <input_file_ref idref="fl-38"/>
      </object_component>
      <object_component id="oc-1c7">
         <name>.text.__TI_ltoa</name>
         <load_address>0x28b8</load_address>
         <readonly>true</readonly>
         <executable>true</executable>
         <run_address>0x28b8</run_address>
         <size>0x58</size>
         <alignment>0x2</alignment>
         <input_file_ref idref="fl-3e"/>
      </object_component>
      <object_component id="oc-197">
         <name>.text._pconv_f</name>
         <load_address>0x2910</load_address>
         <readonly>true</readonly>
         <executable>true</executable>
         <run_address>0x2910</run_address>
         <size>0x58</size>
         <alignment>0x2</alignment>
         <input_file_ref idref="fl-37"/>
      </object_component>
      <object_component id="oc-1f2">
         <name>.text.__aeabi_idivmod</name>
         <load_address>0x2968</load_address>
         <readonly>true</readonly>
         <executable>true</executable>
         <run_address>0x2968</run_address>
         <size>0x56</size>
         <alignment>0x4</alignment>
         <input_file_ref idref="fl-10c"/>
      </object_component>
      <object_component id="oc-1d1">
         <name>.text._ecpy</name>
         <load_address>0x29be</load_address>
         <readonly>true</readonly>
         <executable>true</executable>
         <run_address>0x29be</run_address>
         <size>0x52</size>
         <alignment>0x2</alignment>
         <input_file_ref idref="fl-37"/>
      </object_component>
      <object_component id="oc-1c3">
         <name>.text.__fixdfsi</name>
         <load_address>0x2a10</load_address>
         <readonly>true</readonly>
         <executable>true</executable>
         <run_address>0x2a10</run_address>
         <size>0x4a</size>
         <alignment>0x4</alignment>
         <input_file_ref idref="fl-104"/>
      </object_component>
      <object_component id="oc-94">
         <name>.text.AO_Control</name>
         <load_address>0x2a5c</load_address>
         <readonly>true</readonly>
         <executable>true</executable>
         <run_address>0x2a5c</run_address>
         <size>0x48</size>
         <alignment>0x4</alignment>
         <input_file_ref idref="fl-4"/>
      </object_component>
      <object_component id="oc-92">
         <name>.text.BO_Control</name>
         <load_address>0x2aa4</load_address>
         <readonly>true</readonly>
         <executable>true</executable>
         <run_address>0x2aa4</run_address>
         <size>0x48</size>
         <alignment>0x4</alignment>
         <input_file_ref idref="fl-4"/>
      </object_component>
      <object_component id="oc-160">
         <name>.text.DL_UART_init</name>
         <load_address>0x2aec</load_address>
         <readonly>true</readonly>
         <executable>true</executable>
         <run_address>0x2aec</run_address>
         <size>0x48</size>
         <alignment>0x4</alignment>
         <input_file_ref idref="fl-15"/>
      </object_component>
      <object_component id="oc-e8">
         <name>.text.SYSCFG_DL_init</name>
         <load_address>0x2b34</load_address>
         <readonly>true</readonly>
         <executable>true</executable>
         <run_address>0x2b34</run_address>
         <size>0x48</size>
         <alignment>0x4</alignment>
         <input_file_ref idref="fl-2"/>
      </object_component>
      <object_component id="oc-14a">
         <name>.text.DL_SYSCTL_switchMCLKfromSYSOSCtoHSCLK</name>
         <load_address>0x2b7c</load_address>
         <readonly>true</readonly>
         <executable>true</executable>
         <run_address>0x2b7c</run_address>
         <size>0x44</size>
         <alignment>0x4</alignment>
         <input_file_ref idref="fl-16"/>
      </object_component>
      <object_component id="oc-175">
         <name>.text.__aeabi_uidivmod</name>
         <load_address>0x2bc0</load_address>
         <readonly>true</readonly>
         <executable>true</executable>
         <run_address>0x2bc0</run_address>
         <size>0x40</size>
         <alignment>0x4</alignment>
         <input_file_ref idref="fl-10f"/>
      </object_component>
      <object_component id="oc-6e">
         <name>.text.__extendsfdf2</name>
         <load_address>0x2c00</load_address>
         <readonly>true</readonly>
         <executable>true</executable>
         <run_address>0x2c00</run_address>
         <size>0x40</size>
         <alignment>0x4</alignment>
         <input_file_ref idref="fl-103"/>
      </object_component>
      <object_component id="oc-17b">
         <name>.text.atoi</name>
         <load_address>0x2c40</load_address>
         <readonly>true</readonly>
         <executable>true</executable>
         <run_address>0x2c40</run_address>
         <size>0x40</size>
         <alignment>0x4</alignment>
         <input_file_ref idref="fl-41"/>
      </object_component>
      <object_component id="oc-c5">
         <name>.text.vsnprintf</name>
         <load_address>0x2c80</load_address>
         <readonly>true</readonly>
         <executable>true</executable>
         <run_address>0x2c80</run_address>
         <size>0x40</size>
         <alignment>0x4</alignment>
         <input_file_ref idref="fl-2e"/>
      </object_component>
      <object_component id="oc-11c">
         <name>.text.SYSCFG_DL_ENCODER1A_init</name>
         <load_address>0x2cc0</load_address>
         <readonly>true</readonly>
         <executable>true</executable>
         <run_address>0x2cc0</run_address>
         <size>0x3c</size>
         <alignment>0x4</alignment>
         <input_file_ref idref="fl-2"/>
      </object_component>
      <object_component id="oc-11d">
         <name>.text.SYSCFG_DL_ENCODER2A_init</name>
         <load_address>0x2cfc</load_address>
         <readonly>true</readonly>
         <executable>true</executable>
         <run_address>0x2cfc</run_address>
         <size>0x3c</size>
         <alignment>0x4</alignment>
         <input_file_ref idref="fl-2"/>
      </object_component>
      <object_component id="oc-5e">
         <name>.text.__floatsisf</name>
         <load_address>0x2d38</load_address>
         <readonly>true</readonly>
         <executable>true</executable>
         <run_address>0x2d38</run_address>
         <size>0x3c</size>
         <alignment>0x4</alignment>
         <input_file_ref idref="fl-107"/>
      </object_component>
      <object_component id="oc-d2">
         <name>.text.__gtsf2</name>
         <load_address>0x2d74</load_address>
         <readonly>true</readonly>
         <executable>true</executable>
         <run_address>0x2d74</run_address>
         <size>0x3c</size>
         <alignment>0x4</alignment>
         <input_file_ref idref="fl-111"/>
      </object_component>
      <object_component id="oc-f5">
         <name>.text:__TI_auto_init_nobinit_nopinit</name>
         <load_address>0x2db0</load_address>
         <readonly>true</readonly>
         <executable>true</executable>
         <run_address>0x2db0</run_address>
         <size>0x3c</size>
         <alignment>0x4</alignment>
         <input_file_ref idref="fl-31"/>
      </object_component>
      <object_component id="oc-cd">
         <name>.text.__eqsf2</name>
         <load_address>0x2dec</load_address>
         <readonly>true</readonly>
         <executable>true</executable>
         <run_address>0x2dec</run_address>
         <size>0x3a</size>
         <alignment>0x4</alignment>
         <input_file_ref idref="fl-111"/>
      </object_component>
      <object_component id="oc-ba">
         <name>.text.__muldsi3</name>
         <load_address>0x2e28</load_address>
         <readonly>true</readonly>
         <executable>true</executable>
         <run_address>0x2e28</run_address>
         <size>0x3a</size>
         <alignment>0x4</alignment>
         <input_file_ref idref="fl-ff"/>
      </object_component>
      <object_component id="oc-11e">
         <name>.text.SYSCFG_DL_CLOCK_init</name>
         <load_address>0x2e64</load_address>
         <readonly>true</readonly>
         <executable>true</executable>
         <run_address>0x2e64</run_address>
         <size>0x38</size>
         <alignment>0x4</alignment>
         <input_file_ref idref="fl-2"/>
      </object_component>
      <object_component id="oc-3b">
         <name>.text.TIMA0_IRQHandler</name>
         <load_address>0x2e9c</load_address>
         <readonly>true</readonly>
         <executable>true</executable>
         <run_address>0x2e9c</run_address>
         <size>0x38</size>
         <alignment>0x4</alignment>
         <input_file_ref idref="fl-1"/>
      </object_component>
      <object_component id="oc-8e">
         <name>.text.__fixsfsi</name>
         <load_address>0x2ed4</load_address>
         <readonly>true</readonly>
         <executable>true</executable>
         <run_address>0x2ed4</run_address>
         <size>0x38</size>
         <alignment>0x4</alignment>
         <input_file_ref idref="fl-105"/>
      </object_component>
      <object_component id="oc-3a">
         <name>.text.TIMG6_IRQHandler</name>
         <load_address>0x2f0c</load_address>
         <readonly>true</readonly>
         <executable>true</executable>
         <run_address>0x2f0c</run_address>
         <size>0x34</size>
         <alignment>0x4</alignment>
         <input_file_ref idref="fl-1"/>
      </object_component>
      <object_component id="oc-1d2">
         <name>.text._fcpy</name>
         <load_address>0x2f40</load_address>
         <readonly>true</readonly>
         <executable>true</executable>
         <run_address>0x2f40</run_address>
         <size>0x30</size>
         <alignment>0x2</alignment>
         <input_file_ref idref="fl-37"/>
      </object_component>
      <object_component id="oc-109">
         <name>.text._outs</name>
         <load_address>0x2f70</load_address>
         <readonly>true</readonly>
         <executable>true</executable>
         <run_address>0x2f70</run_address>
         <size>0x30</size>
         <alignment>0x2</alignment>
         <input_file_ref idref="fl-2e"/>
      </object_component>
      <object_component id="oc-1cb">
         <name>.text.__floatsidf</name>
         <load_address>0x2fa0</load_address>
         <readonly>true</readonly>
         <executable>true</executable>
         <run_address>0x2fa0</run_address>
         <size>0x2c</size>
         <alignment>0x4</alignment>
         <input_file_ref idref="fl-106"/>
      </object_component>
      <object_component id="oc-120">
         <name>.text.SYSCFG_DL_SYSCTL_CLK_init</name>
         <load_address>0x2fcc</load_address>
         <readonly>true</readonly>
         <executable>true</executable>
         <run_address>0x2fcc</run_address>
         <size>0x28</size>
         <alignment>0x4</alignment>
         <input_file_ref idref="fl-2"/>
      </object_component>
      <object_component id="oc-57">
         <name>.text:_c_int00_noargs</name>
         <load_address>0x2ff4</load_address>
         <readonly>true</readonly>
         <executable>true</executable>
         <run_address>0x2ff4</run_address>
         <size>0x28</size>
         <alignment>0x4</alignment>
         <input_file_ref idref="fl-2f"/>
      </object_component>
      <object_component id="oc-188">
         <name>.text.__muldi3</name>
         <load_address>0x301c</load_address>
         <readonly>true</readonly>
         <executable>true</executable>
         <run_address>0x301c</run_address>
         <size>0x24</size>
         <alignment>0x4</alignment>
         <input_file_ref idref="fl-108"/>
      </object_component>
      <object_component id="oc-170">
         <name>.text.memccpy</name>
         <load_address>0x3040</load_address>
         <readonly>true</readonly>
         <executable>true</executable>
         <run_address>0x3040</run_address>
         <size>0x22</size>
         <alignment>0x2</alignment>
         <input_file_ref idref="fl-43"/>
      </object_component>
      <object_component id="oc-1e6">
         <name>.text.__ashldi3</name>
         <load_address>0x3064</load_address>
         <readonly>true</readonly>
         <executable>true</executable>
         <run_address>0x3064</run_address>
         <size>0x1e</size>
         <alignment>0x4</alignment>
         <input_file_ref idref="fl-113"/>
      </object_component>
      <object_component id="oc-14f">
         <name>.text.DL_Timer_setCaptCompUpdateMethod</name>
         <load_address>0x3084</load_address>
         <readonly>true</readonly>
         <executable>true</executable>
         <run_address>0x3084</run_address>
         <size>0x1c</size>
         <alignment>0x4</alignment>
         <input_file_ref idref="fl-14"/>
      </object_component>
      <object_component id="oc-14c">
         <name>.text.DL_Timer_setClockConfig</name>
         <load_address>0x30a0</load_address>
         <readonly>true</readonly>
         <executable>true</executable>
         <run_address>0x30a0</run_address>
         <size>0x1c</size>
         <alignment>0x4</alignment>
         <input_file_ref idref="fl-14"/>
      </object_component>
      <object_component id="oc-89">
         <name>.text.TB6612_Motor_Stop</name>
         <load_address>0x30bc</load_address>
         <readonly>true</readonly>
         <executable>true</executable>
         <run_address>0x30bc</run_address>
         <size>0x1c</size>
         <alignment>0x4</alignment>
         <input_file_ref idref="fl-4"/>
      </object_component>
      <object_component id="oc-14e">
         <name>.text.DL_Timer_setCaptureCompareOutCtl</name>
         <load_address>0x30d8</load_address>
         <readonly>true</readonly>
         <executable>true</executable>
         <run_address>0x30d8</run_address>
         <size>0x18</size>
         <alignment>0x4</alignment>
         <input_file_ref idref="fl-14"/>
      </object_component>
      <object_component id="oc-10a">
         <name>.text._outc</name>
         <load_address>0x30f0</load_address>
         <readonly>true</readonly>
         <executable>true</executable>
         <run_address>0x30f0</run_address>
         <size>0x18</size>
         <alignment>0x2</alignment>
         <input_file_ref idref="fl-2e"/>
      </object_component>
      <object_component id="oc-4e">
         <name>.text:decompress:ZI:__TI_zero_init_nomemset</name>
         <load_address>0x3108</load_address>
         <readonly>true</readonly>
         <executable>true</executable>
         <run_address>0x3108</run_address>
         <size>0x16</size>
         <alignment>0x2</alignment>
         <input_file_ref idref="fl-34"/>
      </object_component>
      <object_component id="oc-18d">
         <name>.text.__aeabi_uldivmod</name>
         <load_address>0x3120</load_address>
         <readonly>true</readonly>
         <executable>true</executable>
         <run_address>0x3120</run_address>
         <size>0x14</size>
         <alignment>0x4</alignment>
         <input_file_ref idref="fl-110"/>
      </object_component>
      <object_component id="oc-1d0">
         <name>.text.strchr</name>
         <load_address>0x3134</load_address>
         <readonly>true</readonly>
         <executable>true</executable>
         <run_address>0x3134</run_address>
         <size>0x14</size>
         <alignment>0x2</alignment>
         <input_file_ref idref="fl-37"/>
      </object_component>
      <object_component id="oc-15a">
         <name>.text.DL_UART_setClockConfig</name>
         <load_address>0x3148</load_address>
         <readonly>true</readonly>
         <executable>true</executable>
         <run_address>0x3148</run_address>
         <size>0x12</size>
         <alignment>0x2</alignment>
         <input_file_ref idref="fl-15"/>
      </object_component>
      <object_component id="oc-20">
         <name>.text:decompress:none</name>
         <load_address>0x315a</load_address>
         <readonly>true</readonly>
         <executable>true</executable>
         <run_address>0x315a</run_address>
         <size>0x12</size>
         <alignment>0x2</alignment>
         <input_file_ref idref="fl-35"/>
      </object_component>
      <object_component id="oc-d7">
         <name>.text.DL_Timer_setCaptureCompareValue</name>
         <load_address>0x316c</load_address>
         <readonly>true</readonly>
         <executable>true</executable>
         <run_address>0x316c</run_address>
         <size>0x10</size>
         <alignment>0x4</alignment>
         <input_file_ref idref="fl-14"/>
      </object_component>
      <object_component id="oc-17f">
         <name>.text.wcslen</name>
         <load_address>0x317c</load_address>
         <readonly>true</readonly>
         <executable>true</executable>
         <run_address>0x317c</run_address>
         <size>0x10</size>
         <alignment>0x2</alignment>
         <input_file_ref idref="fl-3a"/>
      </object_component>
      <object_component id="oc-16f">
         <name>.text.__aeabi_memset</name>
         <load_address>0x318c</load_address>
         <readonly>true</readonly>
         <executable>true</executable>
         <run_address>0x318c</run_address>
         <size>0xe</size>
         <alignment>0x4</alignment>
         <input_file_ref idref="fl-10e"/>
      </object_component>
      <object_component id="oc-16e">
         <name>.text.strlen</name>
         <load_address>0x319a</load_address>
         <readonly>true</readonly>
         <executable>true</executable>
         <run_address>0x319a</run_address>
         <size>0xe</size>
         <alignment>0x2</alignment>
         <input_file_ref idref="fl-37"/>
      </object_component>
      <object_component id="oc-13f">
         <name>.text.DL_Common_delayCycles</name>
         <load_address>0x31a8</load_address>
         <readonly>true</readonly>
         <executable>true</executable>
         <run_address>0x31a8</run_address>
         <size>0xa</size>
         <alignment>0x2</alignment>
         <input_file_ref idref="fl-13"/>
      </object_component>
      <object_component id="oc-1cf">
         <name>.text.OUTLINED_FUNCTION_0</name>
         <load_address>0x31b2</load_address>
         <readonly>true</readonly>
         <executable>true</executable>
         <run_address>0x31b2</run_address>
         <size>0xa</size>
         <alignment>0x2</alignment>
         <input_file_ref idref="fl-37"/>
      </object_component>
      <object_component id="oc-246">
         <name>.tramp.__aeabi_dsub.1</name>
         <load_address>0x31bc</load_address>
         <readonly>true</readonly>
         <executable>true</executable>
         <run_address>0x31bc</run_address>
         <size>0x10</size>
         <alignment>0x4</alignment>
         <input_file_ref idref="fl-fd"/>
      </object_component>
      <object_component id="oc-1e1">
         <name>.text.OUTLINED_FUNCTION_1</name>
         <load_address>0x31cc</load_address>
         <readonly>true</readonly>
         <executable>true</executable>
         <run_address>0x31cc</run_address>
         <size>0xa</size>
         <alignment>0x2</alignment>
         <input_file_ref idref="fl-37"/>
      </object_component>
      <object_component id="oc-183">
         <name>.text.__aeabi_errno_addr</name>
         <load_address>0x31d8</load_address>
         <readonly>true</readonly>
         <executable>true</executable>
         <run_address>0x31d8</run_address>
         <size>0x8</size>
         <alignment>0x4</alignment>
         <input_file_ref idref="fl-3b"/>
      </object_component>
      <object_component id="oc-47">
         <name>.text.__aeabi_memcpy</name>
         <load_address>0x31e0</load_address>
         <readonly>true</readonly>
         <executable>true</executable>
         <run_address>0x31e0</run_address>
         <size>0x8</size>
         <alignment>0x4</alignment>
         <input_file_ref idref="fl-10d"/>
      </object_component>
      <object_component id="oc-ee">
         <name>.text:abort</name>
         <load_address>0x31e8</load_address>
         <readonly>true</readonly>
         <executable>true</executable>
         <run_address>0x31e8</run_address>
         <size>0x6</size>
         <alignment>0x2</alignment>
         <input_file_ref idref="fl-3c"/>
      </object_component>
      <object_component id="oc-126">
         <name>.text.HOSTexit</name>
         <load_address>0x31ee</load_address>
         <readonly>true</readonly>
         <executable>true</executable>
         <run_address>0x31ee</run_address>
         <size>0x4</size>
         <alignment>0x2</alignment>
         <input_file_ref idref="fl-ec"/>
      </object_component>
      <object_component id="oc-2f">
         <name>.text.Reset_Handler</name>
         <load_address>0x31f2</load_address>
         <readonly>true</readonly>
         <executable>true</executable>
         <run_address>0x31f2</run_address>
         <size>0x4</size>
         <alignment>0x2</alignment>
         <input_file_ref idref="fl-3"/>
      </object_component>
      <object_component id="oc-aa">
         <name>.text._system_pre_init</name>
         <load_address>0x31f6</load_address>
         <readonly>true</readonly>
         <executable>true</executable>
         <run_address>0x31f6</run_address>
         <size>0x4</size>
         <alignment>0x2</alignment>
         <input_file_ref idref="fl-32"/>
      </object_component>
      <object_component id="oc-240">
         <name>__TI_handler_table</name>
         <load_address>0x3410</load_address>
         <readonly>true</readonly>
         <run_address>0x3410</run_address>
         <size>0xc</size>
         <alignment>0x4</alignment>
      </object_component>
      <object_component id="oc-243">
         <name>.cinit..bss.load</name>
         <load_address>0x341c</load_address>
         <readonly>true</readonly>
         <run_address>0x341c</run_address>
         <size>0x8</size>
         <alignment>0x4</alignment>
      </object_component>
      <object_component id="oc-242">
         <name>.cinit..data.load</name>
         <load_address>0x3424</load_address>
         <readonly>true</readonly>
         <run_address>0x3424</run_address>
         <size>0x7</size>
         <alignment>0x1</alignment>
      </object_component>
      <object_component id="oc-241">
         <name>__TI_cinit_table</name>
         <load_address>0x342c</load_address>
         <readonly>true</readonly>
         <run_address>0x342c</run_address>
         <size>0x10</size>
         <alignment>0x4</alignment>
      </object_component>
      <object_component id="oc-1aa">
         <name>.rodata:__aeabi_ctype_table_</name>
         <load_address>0x3200</load_address>
         <readonly>true</readonly>
         <run_address>0x3200</run_address>
         <size>0x101</size>
         <alignment>0x10</alignment>
         <input_file_ref idref="fl-49"/>
      </object_component>
      <object_component id="oc-158">
         <name>.rodata.gCLOCKClockConfig</name>
         <load_address>0x3301</load_address>
         <readonly>true</readonly>
         <run_address>0x3301</run_address>
         <size>0x3</size>
         <alignment>0x1</alignment>
         <input_file_ref idref="fl-2"/>
      </object_component>
      <object_component id="oc-14b">
         <name>.rodata.gSYSPLLConfig</name>
         <load_address>0x3304</load_address>
         <readonly>true</readonly>
         <run_address>0x3304</run_address>
         <size>0x28</size>
         <alignment>0x4</alignment>
         <input_file_ref idref="fl-2"/>
      </object_component>
      <object_component id="oc-dd">
         <name>.rodata.str1.15091695396400935675.1</name>
         <load_address>0x332c</load_address>
         <readonly>true</readonly>
         <run_address>0x332c</run_address>
         <size>0x21</size>
         <alignment>0x1</alignment>
         <input_file_ref idref="fl-4"/>
      </object_component>
      <object_component id="oc-ed">
         <name>.rodata.str1.9517790425240694019.1</name>
         <load_address>0x334d</load_address>
         <readonly>true</readonly>
         <run_address>0x334d</run_address>
         <size>0x1e</size>
         <alignment>0x1</alignment>
         <input_file_ref idref="fl-1"/>
      </object_component>
      <object_component id="oc-9a">
         <name>.rodata.str1.254342170260855183.1</name>
         <load_address>0x336b</load_address>
         <readonly>true</readonly>
         <run_address>0x336b</run_address>
         <size>0x16</size>
         <alignment>0x1</alignment>
         <input_file_ref idref="fl-1"/>
      </object_component>
      <object_component id="oc-153">
         <name>.rodata.gENCODER1AClockConfig</name>
         <load_address>0x3381</load_address>
         <readonly>true</readonly>
         <run_address>0x3381</run_address>
         <size>0x3</size>
         <alignment>0x1</alignment>
         <input_file_ref idref="fl-2"/>
      </object_component>
      <object_component id="oc-159">
         <name>.rodata.gCLOCKTimerConfig</name>
         <load_address>0x3384</load_address>
         <readonly>true</readonly>
         <run_address>0x3384</run_address>
         <size>0x14</size>
         <alignment>0x4</alignment>
         <input_file_ref idref="fl-2"/>
      </object_component>
      <object_component id="oc-18c">
         <name>.rodata.str1.10348868589481759720.1</name>
         <load_address>0x3398</load_address>
         <readonly>true</readonly>
         <run_address>0x3398</run_address>
         <size>0x11</size>
         <alignment>0x1</alignment>
         <input_file_ref idref="fl-37"/>
      </object_component>
      <object_component id="oc-174">
         <name>.rodata.str1.15363888844622738466.1</name>
         <load_address>0x33a9</load_address>
         <readonly>true</readonly>
         <run_address>0x33a9</run_address>
         <size>0x11</size>
         <alignment>0x1</alignment>
         <input_file_ref idref="fl-37"/>
      </object_component>
      <object_component id="oc-161">
         <name>.rodata.gUART_0ClockConfig</name>
         <load_address>0x33ba</load_address>
         <readonly>true</readonly>
         <run_address>0x33ba</run_address>
         <size>0x2</size>
         <alignment>0x1</alignment>
         <input_file_ref idref="fl-2"/>
      </object_component>
      <object_component id="oc-154">
         <name>.rodata.gENCODER1ACaptureConfig</name>
         <load_address>0x33bc</load_address>
         <readonly>true</readonly>
         <run_address>0x33bc</run_address>
         <size>0x10</size>
         <alignment>0x4</alignment>
         <input_file_ref idref="fl-2"/>
      </object_component>
      <object_component id="oc-156">
         <name>.rodata.gENCODER2ACaptureConfig</name>
         <load_address>0x33cc</load_address>
         <readonly>true</readonly>
         <run_address>0x33cc</run_address>
         <size>0x10</size>
         <alignment>0x4</alignment>
         <input_file_ref idref="fl-2"/>
      </object_component>
      <object_component id="oc-19e">
         <name>.rodata..Lswitch.table.DL_Timer_initCompareMode</name>
         <load_address>0x33dc</load_address>
         <readonly>true</readonly>
         <run_address>0x33dc</run_address>
         <size>0xc</size>
         <alignment>0x4</alignment>
         <input_file_ref idref="fl-14"/>
      </object_component>
      <object_component id="oc-162">
         <name>.rodata.gUART_0Config</name>
         <load_address>0x33e8</load_address>
         <readonly>true</readonly>
         <run_address>0x33e8</run_address>
         <size>0xa</size>
         <alignment>0x2</alignment>
         <input_file_ref idref="fl-2"/>
      </object_component>
      <object_component id="oc-151">
         <name>.rodata.gPWM_0Config</name>
         <load_address>0x33f4</load_address>
         <readonly>true</readonly>
         <run_address>0x33f4</run_address>
         <size>0x8</size>
         <alignment>0x4</alignment>
         <input_file_ref idref="fl-2"/>
      </object_component>
      <object_component id="oc-155">
         <name>.rodata.gENCODER2AClockConfig</name>
         <load_address>0x33fc</load_address>
         <readonly>true</readonly>
         <run_address>0x33fc</run_address>
         <size>0x3</size>
         <alignment>0x1</alignment>
         <input_file_ref idref="fl-2"/>
      </object_component>
      <object_component id="oc-150">
         <name>.rodata.gPWM_0ClockConfig</name>
         <load_address>0x33ff</load_address>
         <readonly>true</readonly>
         <run_address>0x33ff</run_address>
         <size>0x3</size>
         <alignment>0x1</alignment>
         <input_file_ref idref="fl-2"/>
      </object_component>
      <object_component id="oc-208">
         <name>.binit</name>
         <load_address>0x0</load_address>
         <readonly>true</readonly>
         <run_address>0x0</run_address>
         <size>0x0</size>
         <alignment>0x4</alignment>
      </object_component>
      <object_component id="oc-99">
         <name>.data.TIMG0_IRQHandler.numes</name>
         <load_address>0x202003b0</load_address>
         <readwrite>true</readwrite>
         <run_address>0x202003b0</run_address>
         <size>0x1</size>
         <alignment>0x1</alignment>
         <input_file_ref idref="fl-1"/>
      </object_component>
      <object_component id="oc-1b1">
         <name>.data.__aeabi_errno</name>
         <load_address>0x202003ac</load_address>
         <readwrite>true</readwrite>
         <run_address>0x202003ac</run_address>
         <size>0x4</size>
         <alignment>0x4</alignment>
         <input_file_ref idref="fl-3b"/>
      </object_component>
      <object_component id="oc-95">
         <name>.common:motor_l</name>
         <uninitialized>true</uninitialized>
         <readwrite>true</readwrite>
         <run_address>0x20200000</run_address>
         <size>0xc4</size>
         <alignment>0x4</alignment>
      </object_component>
      <object_component id="oc-96">
         <name>.common:motor_r</name>
         <uninitialized>true</uninitialized>
         <readwrite>true</readwrite>
         <run_address>0x202000c4</run_address>
         <size>0xc4</size>
         <alignment>0x4</alignment>
      </object_component>
      <object_component id="oc-97">
         <name>.common:route_l</name>
         <uninitialized>true</uninitialized>
         <readwrite>true</readwrite>
         <run_address>0x202003a0</run_address>
         <size>0x4</size>
         <alignment>0x4</alignment>
      </object_component>
      <object_component id="oc-98">
         <name>.common:route_r</name>
         <uninitialized>true</uninitialized>
         <readwrite>true</readwrite>
         <run_address>0x202003a4</run_address>
         <size>0x4</size>
         <alignment>0x4</alignment>
      </object_component>
      <object_component id="oc-9b">
         <name>.common:direction_l</name>
         <uninitialized>true</uninitialized>
         <readwrite>true</readwrite>
         <run_address>0x202003a8</run_address>
         <size>0x1</size>
         <alignment>0x1</alignment>
      </object_component>
      <object_component id="oc-9c">
         <name>.common:direction_r</name>
         <uninitialized>true</uninitialized>
         <readwrite>true</readwrite>
         <run_address>0x202003aa</run_address>
         <size>0x1</size>
         <alignment>0x1</alignment>
      </object_component>
      <object_component id="oc-9d">
         <name>.common:direction_l_last</name>
         <uninitialized>true</uninitialized>
         <readwrite>true</readwrite>
         <run_address>0x202003a9</run_address>
         <size>0x1</size>
         <alignment>0x1</alignment>
      </object_component>
      <object_component id="oc-9e">
         <name>.common:direction_r_last</name>
         <uninitialized>true</uninitialized>
         <readwrite>true</readwrite>
         <run_address>0x202003ab</run_address>
         <size>0x1</size>
         <alignment>0x1</alignment>
      </object_component>
      <object_component id="oc-121">
         <name>.common:gPWM_0Backup</name>
         <uninitialized>true</uninitialized>
         <readwrite>true</readwrite>
         <run_address>0x20200244</run_address>
         <size>0xbc</size>
         <alignment>0x4</alignment>
      </object_component>
      <object_component id="oc-122">
         <name>.common:gENCODER1ABackup</name>
         <uninitialized>true</uninitialized>
         <readwrite>true</readwrite>
         <run_address>0x20200188</run_address>
         <size>0xbc</size>
         <alignment>0x4</alignment>
      </object_component>
      <object_component id="oc-123">
         <name>.common:gENCODER2ABackup</name>
         <uninitialized>true</uninitialized>
         <readwrite>true</readwrite>
         <run_address>0x20200300</run_address>
         <size>0xa0</size>
         <alignment>0x4</alignment>
      </object_component>
      <object_component id="oc-1a">
         <name>.stack</name>
         <uninitialized>true</uninitialized>
         <readwrite>true</readwrite>
         <run_address>0x20207e00</run_address>
         <size>0x4</size>
         <alignment>0x4</alignment>
         <input_file_ref idref="fl-2f"/>
      </object_component>
      <object_component id="oc-245">
         <name>.stack</name>
         <uninitialized>true</uninitialized>
         <readwrite>true</readwrite>
         <run_address>0x20207e00</run_address>
         <size>0x0</size>
         <alignment>0x8</alignment>
      </object_component>
      <object_component id="oc-37">
         <name>.debug_loc</name>
         <load_address>0x0</load_address>
         <run_address>0x0</run_address>
         <size>0x3d3</size>
         <alignment>0x1</alignment>
         <input_file_ref idref="fl-1"/>
      </object_component>
      <object_component id="oc-11a">
         <name>.debug_loc</name>
         <load_address>0x3d3</load_address>
         <run_address>0x3d3</run_address>
         <size>0x14a</size>
         <alignment>0x1</alignment>
         <input_file_ref idref="fl-2"/>
      </object_component>
      <object_component id="oc-93">
         <name>.debug_loc</name>
         <load_address>0x51d</load_address>
         <run_address>0x51d</run_address>
         <size>0x100</size>
         <alignment>0x1</alignment>
         <input_file_ref idref="fl-4"/>
      </object_component>
      <object_component id="oc-82">
         <name>.debug_loc</name>
         <load_address>0x61d</load_address>
         <run_address>0x61d</run_address>
         <size>0x260</size>
         <alignment>0x1</alignment>
         <input_file_ref idref="fl-5"/>
      </object_component>
      <object_component id="oc-19b">
         <name>.debug_loc</name>
         <load_address>0x87d</load_address>
         <run_address>0x87d</run_address>
         <size>0x13</size>
         <alignment>0x1</alignment>
         <input_file_ref idref="fl-13"/>
      </object_component>
      <object_component id="oc-da">
         <name>.debug_loc</name>
         <load_address>0x890</load_address>
         <run_address>0x890</run_address>
         <size>0x1a27</size>
         <alignment>0x1</alignment>
         <input_file_ref idref="fl-14"/>
      </object_component>
      <object_component id="oc-15d">
         <name>.debug_loc</name>
         <load_address>0x22b7</load_address>
         <run_address>0x22b7</run_address>
         <size>0x7bc</size>
         <alignment>0x1</alignment>
         <input_file_ref idref="fl-15"/>
      </object_component>
      <object_component id="oc-146">
         <name>.debug_loc</name>
         <load_address>0x2a73</load_address>
         <run_address>0x2a73</run_address>
         <size>0x414</size>
         <alignment>0x1</alignment>
         <input_file_ref idref="fl-16"/>
      </object_component>
      <object_component id="oc-c8">
         <name>.debug_loc</name>
         <load_address>0x2e87</load_address>
         <run_address>0x2e87</run_address>
         <size>0x186</size>
         <alignment>0x1</alignment>
         <input_file_ref idref="fl-2e"/>
      </object_component>
      <object_component id="oc-42">
         <name>.debug_loc</name>
         <load_address>0x300d</load_address>
         <run_address>0x300d</run_address>
         <size>0xd8</size>
         <alignment>0x1</alignment>
         <input_file_ref idref="fl-2f"/>
      </object_component>
      <object_component id="oc-f7">
         <name>.debug_loc</name>
         <load_address>0x30e5</load_address>
         <run_address>0x30e5</run_address>
         <size>0x424</size>
         <alignment>0x1</alignment>
         <input_file_ref idref="fl-31"/>
      </object_component>
      <object_component id="oc-52">
         <name>.debug_loc</name>
         <load_address>0x3509</load_address>
         <run_address>0x3509</run_address>
         <size>0x16c</size>
         <alignment>0x1</alignment>
         <input_file_ref idref="fl-34"/>
      </object_component>
      <object_component id="oc-4d">
         <name>.debug_loc</name>
         <load_address>0x3675</load_address>
         <run_address>0x3675</run_address>
         <size>0x6f</size>
         <alignment>0x1</alignment>
         <input_file_ref idref="fl-35"/>
      </object_component>
      <object_component id="oc-45">
         <name>.debug_loc</name>
         <load_address>0x36e4</load_address>
         <run_address>0x36e4</run_address>
         <size>0x167</size>
         <alignment>0x1</alignment>
         <input_file_ref idref="fl-36"/>
      </object_component>
      <object_component id="oc-139">
         <name>.debug_loc</name>
         <load_address>0x384b</load_address>
         <run_address>0x384b</run_address>
         <size>0x32d8</size>
         <alignment>0x1</alignment>
         <input_file_ref idref="fl-37"/>
      </object_component>
      <object_component id="oc-1ed">
         <name>.debug_loc</name>
         <load_address>0x6b23</load_address>
         <run_address>0x6b23</run_address>
         <size>0x9c</size>
         <alignment>0x1</alignment>
         <input_file_ref idref="fl-38"/>
      </object_component>
      <object_component id="oc-1f0">
         <name>.debug_loc</name>
         <load_address>0x6bbf</load_address>
         <run_address>0x6bbf</run_address>
         <size>0x127</size>
         <alignment>0x1</alignment>
         <input_file_ref idref="fl-39"/>
      </object_component>
      <object_component id="oc-1b0">
         <name>.debug_loc</name>
         <load_address>0x6ce6</load_address>
         <run_address>0x6ce6</run_address>
         <size>0x33</size>
         <alignment>0x1</alignment>
         <input_file_ref idref="fl-3a"/>
      </object_component>
      <object_component id="oc-1b4">
         <name>.debug_loc</name>
         <load_address>0x6d19</load_address>
         <run_address>0x6d19</run_address>
         <size>0x101</size>
         <alignment>0x1</alignment>
         <input_file_ref idref="fl-3b"/>
      </object_component>
      <object_component id="oc-f4">
         <name>.debug_loc</name>
[...]
         <value>0x0</value>
      </symbol>
      <symbol id="sm-e9">
         <name>__TI_ATRegion0_region_sz</name>
         <value>0x0</value>
      </symbol>
      <symbol id="sm-ea">
         <name>__TI_ATRegion1_src_addr</name>
         <value>0x0</value>
      </symbol>
      <symbol id="sm-eb">
         <name>__TI_ATRegion1_trg_addr</name>
         <value>0x0</value>
      </symbol>
      <symbol id="sm-ec">
         <name>__TI_ATRegion1_region_sz</name>
         <value>0x0</value>
      </symbol>
      <symbol id="sm-ed">
         <name>__TI_ATRegion2_src_addr</name>
         <value>0x0</value>
      </symbol>
      <symbol id="sm-ee">
         <name>__TI_ATRegion2_trg_addr</name>
         <value>0x0</value>
      </symbol>
      <symbol id="sm-ef">
         <name>__TI_ATRegion2_region_sz</name>
         <value>0x0</value>
      </symbol>
      <symbol id="sm-f8">
         <name>DL_Common_delayCycles</name>
         <value>0x31a9</value>
         <object_component_ref idref="oc-13f"/>
      </symbol>
      <symbol id="sm-118">
         <name>DL_Timer_setClockConfig</name>
         <value>0x30a1</value>
         <object_component_ref idref="oc-14c"/>
      </symbol>
      <symbol id="sm-119">
         <name>DL_Timer_initTimerMode</name>
         <value>0x1b35</value>
         <object_component_ref idref="oc-157"/>
      </symbol>
      <symbol id="sm-11a">
         <name>DL_Timer_setCaptureCompareValue</name>
         <value>0x316d</value>
         <object_component_ref idref="oc-d7"/>
      </symbol>
      <symbol id="sm-11b">
         <name>DL_Timer_initCaptureMode</name>
         <value>0x160d</value>
         <object_component_ref idref="oc-152"/>
      </symbol>
      <symbol id="sm-11c">
         <name>DL_Timer_setCaptCompUpdateMethod</name>
         <value>0x3085</value>
         <object_component_ref idref="oc-14f"/>
      </symbol>
      <symbol id="sm-11d">
         <name>DL_Timer_setCaptureCompareOutCtl</name>
         <value>0x30d9</value>
         <object_component_ref idref="oc-14e"/>
      </symbol>
      <symbol id="sm-11e">
         <name>DL_Timer_initFourCCPWMMode</name>
         <value>0x1945</value>
         <object_component_ref idref="oc-14d"/>
      </symbol>
      <symbol id="sm-12b">
         <name>DL_UART_init</name>
         <value>0x2aed</value>
         <object_component_ref idref="oc-160"/>
      </symbol>
      <symbol id="sm-12c">
         <name>DL_UART_setClockConfig</name>
         <value>0x3149</value>
         <object_component_ref idref="oc-15a"/>
      </symbol>
      <symbol id="sm-13d">
         <name>DL_SYSCTL_configSYSPLL</name>
         <value>0x1d01</value>
         <object_component_ref idref="oc-149"/>
      </symbol>
      <symbol id="sm-13e">
         <name>DL_SYSCTL_switchMCLKfromSYSOSCtoHSCLK</name>
         <value>0x2b7d</value>
         <object_component_ref idref="oc-14a"/>
      </symbol>
      <symbol id="sm-13f">
         <name>DL_SYSCTL_setHFCLKSourceHFXTParams</name>
         <value>0x25ad</value>
         <object_component_ref idref="oc-143"/>
      </symbol>
      <symbol id="sm-151">
         <name>vsnprintf</name>
         <value>0x2c81</value>
         <object_component_ref idref="oc-c5"/>
      </symbol>
      <symbol id="sm-15c">
         <name>_c_int00_noargs</name>
         <value>0x2ff5</value>
         <object_component_ref idref="oc-57"/>
      </symbol>
      <symbol id="sm-15d">
         <name>__stack</name>
         <value>0x20207e00</value>
         <object_component_ref idref="oc-1a"/>
      </symbol>
      <symbol id="sm-169">
         <name>__TI_auto_init_nobinit_nopinit</name>
         <value>0x2db1</value>
         <object_component_ref idref="oc-f5"/>
      </symbol>
      <symbol id="sm-171">
         <name>_system_pre_init</name>
         <value>0x31f7</value>
         <object_component_ref idref="oc-aa"/>
      </symbol>
      <symbol id="sm-17c">
         <name>__TI_zero_init_nomemset</name>
         <value>0x3109</value>
         <object_component_ref idref="oc-4e"/>
      </symbol>
      <symbol id="sm-185">
         <name>__TI_decompress_none</name>
         <value>0x315b</value>
         <object_component_ref idref="oc-20"/>
      </symbol>
      <symbol id="sm-190">
         <name>__TI_decompress_lzss</name>
         <value>0x2305</value>
         <object_component_ref idref="oc-1c"/>
      </symbol>
      <symbol id="sm-1d9">
         <name>__TI_printfi</name>
         <value>0xc1</value>
         <object_component_ref idref="oc-13d"/>
      </symbol>
      <symbol id="sm-1e3">
         <name>frexp</name>
         <value>0x285d</value>
         <object_component_ref idref="oc-1bb"/>
      </symbol>
      <symbol id="sm-1e4">
         <name>frexpl</name>
         <value>0x285d</value>
         <object_component_ref idref="oc-1bb"/>
      </symbol>
      <symbol id="sm-1ee">
         <name>scalbn</name>
         <value>0x1ddd</value>
         <object_component_ref idref="oc-1bf"/>
      </symbol>
      <symbol id="sm-1ef">
         <name>ldexp</name>
         <value>0x1ddd</value>
         <object_component_ref idref="oc-1bf"/>
      </symbol>
      <symbol id="sm-1f0">
         <name>scalbnl</name>
         <value>0x1ddd</value>
         <object_component_ref idref="oc-1bf"/>
      </symbol>
      <symbol id="sm-1f1">
         <name>ldexpl</name>
         <value>0x1ddd</value>
         <object_component_ref idref="oc-1bf"/>
      </symbol>
      <symbol id="sm-1fa">
         <name>wcslen</name>
         <value>0x317d</value>
         <object_component_ref idref="oc-17f"/>
      </symbol>
      <symbol id="sm-205">
         <name>__aeabi_errno_addr</name>
         <value>0x31d9</value>
         <object_component_ref idref="oc-183"/>
      </symbol>
      <symbol id="sm-206">
         <name>__aeabi_errno</name>
         <value>0x202003ac</value>
         <object_component_ref idref="oc-1b1"/>
      </symbol>
      <symbol id="sm-210">
         <name>abort</name>
         <value>0x31e9</value>
         <object_component_ref idref="oc-ee"/>
      </symbol>
      <symbol id="sm-21a">
         <name>__TI_ltoa</name>
         <value>0x28b9</value>
         <object_component_ref idref="oc-1c7"/>
      </symbol>
      <symbol id="sm-226">
         <name>atoi</name>
         <value>0x2c41</value>
         <object_component_ref idref="oc-17b"/>
      </symbol>
      <symbol id="sm-230">
         <name>memccpy</name>
         <value>0x3041</value>
         <object_component_ref idref="oc-170"/>
      </symbol>
      <symbol id="sm-236">
         <name>__aeabi_ctype_table_</name>
         <value>0x3200</value>
         <object_component_ref idref="oc-1aa"/>
      </symbol>
      <symbol id="sm-237">
         <name>__aeabi_ctype_table_C</name>
         <value>0x3200</value>
         <object_component_ref idref="oc-1aa"/>
      </symbol>
      <symbol id="sm-242">
         <name>HOSTexit</name>
         <value>0x31ef</value>
         <object_component_ref idref="oc-126"/>
      </symbol>
      <symbol id="sm-243">
         <name>C$$EXIT</name>
         <value>0x31ee</value>
         <object_component_ref idref="oc-126"/>
      </symbol>
      <symbol id="sm-258">
         <name>__aeabi_fadd</name>
         <value>0x1ebf</value>
         <object_component_ref idref="oc-6a"/>
      </symbol>
      <symbol id="sm-259">
         <name>__addsf3</name>
         <value>0x1ebf</value>
         <object_component_ref idref="oc-6a"/>
      </symbol>
      <symbol id="sm-25a">
         <name>__aeabi_fsub</name>
         <value>0x1eb5</value>
         <object_component_ref idref="oc-6a"/>
      </symbol>
      <symbol id="sm-25b">
         <name>__subsf3</name>
         <value>0x1eb5</value>
         <object_component_ref idref="oc-6a"/>
      </symbol>
      <symbol id="sm-261">
         <name>__aeabi_dadd</name>
         <value>0x1227</value>
         <object_component_ref idref="oc-76"/>
      </symbol>
      <symbol id="sm-262">
         <name>__adddf3</name>
         <value>0x1227</value>
         <object_component_ref idref="oc-76"/>
      </symbol>
      <symbol id="sm-263">
         <name>__aeabi_dsub</name>
         <value>0x121d</value>
         <object_component_ref idref="oc-76"/>
      </symbol>
      <symbol id="sm-264">
         <name>__subdf3</name>
         <value>0x121d</value>
         <object_component_ref idref="oc-76"/>
      </symbol>
      <symbol id="sm-26d">
         <name>__aeabi_dmul</name>
         <value>0x1c1d</value>
         <object_component_ref idref="oc-72"/>
      </symbol>
      <symbol id="sm-26e">
         <name>__muldf3</name>
         <value>0x1c1d</value>
         <object_component_ref idref="oc-72"/>
      </symbol>
      <symbol id="sm-274">
         <name>__muldsi3</name>
         <value>0x2e29</value>
         <object_component_ref idref="oc-ba"/>
      </symbol>
      <symbol id="sm-27a">
         <name>__aeabi_fmul</name>
         <value>0x21f5</value>
         <object_component_ref idref="oc-62"/>
      </symbol>
      <symbol id="sm-27b">
         <name>__mulsf3</name>
         <value>0x21f5</value>
         <object_component_ref idref="oc-62"/>
      </symbol>
      <symbol id="sm-281">
         <name>__aeabi_fdiv</name>
         <value>0x2281</value>
         <object_component_ref idref="oc-66"/>
      </symbol>
      <symbol id="sm-282">
         <name>__divsf3</name>
         <value>0x2281</value>
         <object_component_ref idref="oc-66"/>
      </symbol>
      <symbol id="sm-288">
         <name>__aeabi_ddiv</name>
         <value>0x1839</value>
         <object_component_ref idref="oc-1dc"/>
      </symbol>
      <symbol id="sm-289">
         <name>__divdf3</name>
         <value>0x1839</value>
         <object_component_ref idref="oc-1dc"/>
      </symbol>
      <symbol id="sm-28f">
         <name>__aeabi_f2d</name>
         <value>0x2c01</value>
         <object_component_ref idref="oc-6e"/>
      </symbol>
      <symbol id="sm-290">
         <name>__extendsfdf2</name>
         <value>0x2c01</value>
         <object_component_ref idref="oc-6e"/>
      </symbol>
      <symbol id="sm-296">
         <name>__aeabi_d2iz</name>
         <value>0x2a11</value>
         <object_component_ref idref="oc-1c3"/>
      </symbol>
      <symbol id="sm-297">
         <name>__fixdfsi</name>
         <value>0x2a11</value>
         <object_component_ref idref="oc-1c3"/>
      </symbol>
      <symbol id="sm-29d">
         <name>__aeabi_f2iz</name>
         <value>0x2ed5</value>
         <object_component_ref idref="oc-8e"/>
      </symbol>
      <symbol id="sm-29e">
         <name>__fixsfsi</name>
         <value>0x2ed5</value>
         <object_component_ref idref="oc-8e"/>
      </symbol>
      <symbol id="sm-2a4">
         <name>__aeabi_i2d</name>
         <value>0x2fa1</value>
         <object_component_ref idref="oc-1cb"/>
      </symbol>
      <symbol id="sm-2a5">
         <name>__floatsidf</name>
         <value>0x2fa1</value>
         <object_component_ref idref="oc-1cb"/>
      </symbol>
      <symbol id="sm-2ab">
         <name>__aeabi_i2f</name>
         <value>0x2d39</value>
         <object_component_ref idref="oc-5e"/>
      </symbol>
      <symbol id="sm-2ac">
         <name>__floatsisf</name>
         <value>0x2d39</value>
         <object_component_ref idref="oc-5e"/>
      </symbol>
      <symbol id="sm-2b2">
         <name>__aeabi_lmul</name>
         <value>0x301d</value>
         <object_component_ref idref="oc-188"/>
      </symbol>
      <symbol id="sm-2b3">
         <name>__muldi3</name>
         <value>0x301d</value>
         <object_component_ref idref="oc-188"/>
      </symbol>
      <symbol id="sm-2ba">
         <name>__aeabi_d2f</name>
         <value>0x2401</value>
         <object_component_ref idref="oc-7a"/>
      </symbol>
      <symbol id="sm-2bb">
         <name>__truncdfsf2</name>
         <value>0x2401</value>
         <object_component_ref idref="oc-7a"/>
      </symbol>
      <symbol id="sm-2c1">
         <name>__aeabi_dcmpeq</name>
         <value>0x2675</value>
         <object_component_ref idref="oc-192"/>
      </symbol>
      <symbol id="sm-2c2">
         <name>__aeabi_dcmplt</name>
         <value>0x2689</value>
         <object_component_ref idref="oc-192"/>
      </symbol>
      <symbol id="sm-2c3">
         <name>__aeabi_dcmple</name>
         <value>0x269d</value>
         <object_component_ref idref="oc-192"/>
      </symbol>
      <symbol id="sm-2c4">
         <name>__aeabi_dcmpge</name>
         <value>0x26b1</value>
         <object_component_ref idref="oc-192"/>
      </symbol>
      <symbol id="sm-2c5">
         <name>__aeabi_dcmpgt</name>
         <value>0x26c5</value>
         <object_component_ref idref="oc-192"/>
      </symbol>
      <symbol id="sm-2cb">
         <name>__aeabi_fcmpeq</name>
         <value>0x26d9</value>
         <object_component_ref idref="oc-85"/>
      </symbol>
      <symbol id="sm-2cc">
         <name>__aeabi_fcmplt</name>
         <value>0x26ed</value>
         <object_component_ref idref="oc-85"/>
      </symbol>
      <symbol id="sm-2cd">
         <name>__aeabi_fcmple</name>
         <value>0x2701</value>
         <object_component_ref idref="oc-85"/>
      </symbol>
      <symbol id="sm-2ce">
         <name>__aeabi_fcmpge</name>
         <value>0x2715</value>
         <object_component_ref idref="oc-85"/>
      </symbol>
      <symbol id="sm-2cf">
         <name>__aeabi_fcmpgt</name>
         <value>0x2729</value>
         <object_component_ref idref="oc-85"/>
      </symbol>
      <symbol id="sm-2d5">
         <name>__aeabi_idiv</name>
         <value>0x2969</value>
         <object_component_ref idref="oc-1f2"/>
      </symbol>
      <symbol id="sm-2d6">
         <name>__aeabi_idivmod</name>
         <value>0x2969</value>
         <object_component_ref idref="oc-1f2"/>
      </symbol>
      <symbol id="sm-2dc">
         <name>__aeabi_memcpy</name>
         <value>0x31e1</value>
         <object_component_ref idref="oc-47"/>
      </symbol>
      <symbol id="sm-2dd">
         <name>__aeabi_memcpy4</name>
         <value>0x31e1</value>
         <object_component_ref idref="oc-47"/>
      </symbol>
      <symbol id="sm-2de">
         <name>__aeabi_memcpy8</name>
         <value>0x31e1</value>
         <object_component_ref idref="oc-47"/>
      </symbol>
      <symbol id="sm-2e7">
         <name>__aeabi_memset</name>
         <value>0x318d</value>
         <object_component_ref idref="oc-16f"/>
      </symbol>
      <symbol id="sm-2e8">
         <name>__aeabi_memset4</name>
         <value>0x318d</value>
         <object_component_ref idref="oc-16f"/>
      </symbol>
      <symbol id="sm-2e9">
         <name>__aeabi_memset8</name>
         <value>0x318d</value>
         <object_component_ref idref="oc-16f"/>
      </symbol>
      <symbol id="sm-2ea">
         <name>__aeabi_memclr</name>
         <value>0x23f5</value>
         <object_component_ref idref="oc-a5"/>
      </symbol>
      <symbol id="sm-2eb">
         <name>__aeabi_memclr4</name>
         <value>0x23f5</value>
         <object_component_ref idref="oc-a5"/>
      </symbol>
      <symbol id="sm-2ec">
         <name>__aeabi_memclr8</name>
         <value>0x23f5</value>
         <object_component_ref idref="oc-a5"/>
      </symbol>
      <symbol id="sm-2f2">
         <name>__aeabi_uidiv</name>
         <value>0x2bc1</value>
         <object_component_ref idref="oc-175"/>
      </symbol>
      <symbol id="sm-2f3">
         <name>__aeabi_uidivmod</name>
         <value>0x2bc1</value>
         <object_component_ref idref="oc-175"/>
      </symbol>
      <symbol id="sm-2f9">
         <name>__aeabi_uldivmod</name>
         <value>0x3121</value>
         <object_component_ref idref="oc-18d"/>
      </symbol>
      <symbol id="sm-302">
         <name>__eqsf2</name>
         <value>0x2ded</value>
         <object_component_ref idref="oc-cd"/>
      </symbol>
      <symbol id="sm-303">
         <name>__lesf2</name>
         <value>0x2ded</value>
         <object_component_ref idref="oc-cd"/>
      </symbol>
      <symbol id="sm-304">
         <name>__ltsf2</name>
         <value>0x2ded</value>
         <object_component_ref idref="oc-cd"/>
      </symbol>
      <symbol id="sm-305">
         <name>__nesf2</name>
         <value>0x2ded</value>
         <object_component_ref idref="oc-cd"/>
      </symbol>
      <symbol id="sm-306">
         <name>__cmpsf2</name>
         <value>0x2ded</value>
         <object_component_ref idref="oc-cd"/>
      </symbol>
      <symbol id="sm-307">
         <name>__gtsf2</name>
         <value>0x2d75</value>
         <object_component_ref idref="oc-d2"/>
      </symbol>
      <symbol id="sm-308">
         <name>__gesf2</name>
         <value>0x2d75</value>
         <object_component_ref idref="oc-d2"/>
      </symbol>
      <symbol id="sm-30e">
         <name>__udivmoddi4</name>
         <value>0x1f8d</value>
         <object_component_ref idref="oc-1b6"/>
      </symbol>
      <symbol id="sm-314">
         <name>__aeabi_llsl</name>
         <value>0x3065</value>
         <object_component_ref idref="oc-1e6"/>
      </symbol>
      <symbol id="sm-315">
         <name>__ashldi3</name>
         <value>0x3065</value>
         <object_component_ref idref="oc-1e6"/>
      </symbol>
      <symbol id="sm-323">
         <name>__ledf2</name>
         <value>0x2475</value>
         <object_component_ref idref="oc-1d4"/>
      </symbol>
      <symbol id="sm-324">
         <name>__gedf2</name>
         <value>0x2381</value>
         <object_component_ref idref="oc-1da"/>
      </symbol>
      <symbol id="sm-325">
         <name>__cmpdf2</name>
         <value>0x2475</value>
         <object_component_ref idref="oc-1d4"/>
      </symbol>
      <symbol id="sm-326">
         <name>__eqdf2</name>
         <value>0x2475</value>
         <object_component_ref idref="oc-1d4"/>
      </symbol>
      <symbol id="sm-327">
         <name>__ltdf2</name>
         <value>0x2475</value>
         <object_component_ref idref="oc-1d4"/>
      </symbol>
      <symbol id="sm-328">
         <name>__nedf2</name>
         <value>0x2475</value>
         <object_component_ref idref="oc-1d4"/>
      </symbol>
      <symbol id="sm-329">
         <name>__gtdf2</name>
         <value>0x2381</value>
         <object_component_ref idref="oc-1da"/>
      </symbol>
      <symbol id="sm-335">
         <name>__aeabi_idiv0</name>
         <value>0x2303</value>
         <object_component_ref idref="oc-1a4"/>
      </symbol>
      <symbol id="sm-336">
         <name>__aeabi_ldiv0</name>
         <value>0x25ab</value>
         <object_component_ref idref="oc-1e5"/>
      </symbol>
      <symbol id="sm-350">
         <name>memcpy</name>
         <value>0x202f</value>
         <object_component_ref idref="oc-e3"/>
      </symbol>
      <symbol id="sm-35f">
         <name>memset</name>
         <value>0x273b</value>
         <object_component_ref idref="oc-116"/>
      </symbol>
      <symbol id="sm-360">
         <name>__TI_static_base__</name>
         <value>0x0</value>
      </symbol>
      <symbol id="sm-364">
         <name>__mpu_init</name>
         <value>0x0</value>
      </symbol>
      <symbol id="sm-365">
         <name>_system_post_cinit</name>
         <value>0x0</value>
      </symbol>
   </symbol_table>
   <title>Link successful</title>
</link_info>
