******************************************************************************
            TI ARM Clang Linker PC v4.0.3                      
******************************************************************************
>> Linked Tue Jul 29 19:00:36 2025

OUTPUT FILE NAME:   <car.out>
ENTRY POINT SYMBOL: "_c_int00_noargs"  address: 00002fc5


MEMORY CONFIGURATION

         name            origin    length      used     unused   attr    fill
----------------------  --------  ---------  --------  --------  ----  --------
  FLASH                 00000000   00020000  00003410  0001cbf0  R  X
  SRAM                  20200000   00008000  000005b0  00007a50  RW X
  BCR_CONFIG            41c00000   000000ff  00000000  000000ff  R   
  BSL_CONFIG            41c00100   00000080  00000000  00000080  R   


SEGMENT ALLOCATION MAP

run origin  load origin   length   init length attrs members
----------  ----------- ---------- ----------- ----- -------
00000000    00000000    00003410   00003410    r-x
  00000000    00000000    000000c0   000000c0    r-- .intvecs
  000000c0    000000c0    00003110   00003110    r-x .text
  000031d0    000031d0    00000210   00000210    r-- .rodata
  000033e0    000033e0    00000030   00000030    r-- .cinit
20200000    20200000    000003b0   00000000    rw-
  20200000    20200000    000003ac   00000000    rw- .bss
  202003ac    202003ac    00000004   00000000    rw- .data
20207e00    20207e00    00000200   00000000    rw-
  20207e00    20207e00    00000200   00000000    rw- .stack


SECTION ALLOCATION MAP

 output                                  attributes/
section   page    origin      length       input sections
--------  ----  ----------  ----------   ----------------
.intvecs   0    00000000    000000c0     
                  00000000    000000c0     startup_mspm0g350x_ticlang.o (.intvecs)

.text      0    000000c0    00003110     
                  000000c0    000009d0     libc.a : _printfi.c.obj (.text:__TI_printfi)
                  00000a90    00000374     empty.o (.text.TIMG0_IRQHandler)
                  00000e04    00000220     libc.a : _printfi.c.obj (.text._pconv_a)
                  00001024    000001dc            : _printfi.c.obj (.text._pconv_g)
                  00001200    00000192     libclang_rt.builtins.a : adddf3.S.obj (.text.adddf3_subdf3)
                  00001392    00000002     startup_mspm0g350x_ticlang.o (.text.Default_Handler)
                  00001394    0000013c     libc.a : _printfi.c.obj (.text.fcvt)
                  000014d0    00000120            : _printfi.c.obj (.text._pconv_e)
                  000015f0    0000011c     driverlib.a : dl_timer.o (.text.DL_Timer_initCaptureMode)
                  0000170c    00000110     empty.o (.text.main)
                  0000181c    0000010c     libclang_rt.builtins.a : divdf3.S.obj (.text.__divdf3)
                  00001928    00000104     driverlib.a : dl_timer.o (.text.DL_Timer_initFourCCPWMMode)
                  00001a2c    000000ec     empty.o (.text.PID_Realize)
                  00001b18    000000e8     driverlib.a : dl_timer.o (.text.DL_Timer_initTimerMode)
                  00001c00    000000e4     libclang_rt.builtins.a : muldf3.S.obj (.text.__muldf3)
                  00001ce4    000000dc     driverlib.a : dl_sysctl_mspm0g1x0x_g3x0x.o (.text.DL_SYSCTL_configSYSPLL)
                  00001dc0    000000d8     libc.a : s_scalbn.c.obj (.text.scalbn)
                  00001e98    000000d8     libclang_rt.builtins.a : addsf3.S.obj (.text)
                  00001f70    000000a2                            : udivmoddi4.S.obj (.text)
                  00002012    0000009a     libc.a : memcpy16.S.obj (.text:memcpy)
                  000020ac    00000098     ti_msp_dl_config.o (.text.SYSCFG_DL_GPIO_init)
                  00002144    00000094     ti_msp_dl_config.o (.text.SYSCFG_DL_PWM_0_init)
                  000021d8    0000008c     libclang_rt.builtins.a : mulsf3.S.obj (.text.__mulsf3)
                  00002264    00000082                            : divsf3.S.obj (.text.__divsf3)
                  000022e6    00000002                            : aeabi_div0.c.obj (.text.__aeabi_idiv0)
                  000022e8    0000007c     libc.a : copy_decompress_lzss.c.obj (.text:decompress:lzss)
                  00002364    00000074     libclang_rt.builtins.a : comparedf2.c.obj (.text.__gedf2)
                  000023d8    00000008     libc.a : aeabi_portable.c.obj (.text.__aeabi_errno_addr)
                  000023e0    00000074     libclang_rt.builtins.a : truncdfsf2.S.obj (.text.__truncdfsf2)
                  00002454    00000068                            : comparedf2.c.obj (.text.__ledf2)
                  000024bc    00000068     board.o (.text.lc_printf)
                  00002524    00000066     libc.a : _printfi.c.obj (.text._mcpy)
                  0000258a    00000002     libclang_rt.builtins.a : aeabi_div0.c.obj (.text.__aeabi_ldiv0)
                  0000258c    00000064     driverlib.a : dl_sysctl_mspm0g1x0x_g3x0x.o (.text.DL_SYSCTL_setHFCLKSourceHFXTParams)
                  000025f0    00000064     ti_msp_dl_config.o (.text.SYSCFG_DL_SYSCTL_init)
                  00002654    00000062     libclang_rt.builtins.a : aeabi_dcmp.S.obj (.text.__aeabi_dcmp)
                  000026b6    00000002     --HOLE-- [fill = 0]
                  000026b8    00000062                            : aeabi_fcmp.S.obj (.text.__aeabi_fcmp)
                  0000271a    00000062     libc.a : memset16.S.obj (.text:memset)
                  0000277c    00000060     ti_msp_dl_config.o (.text.SYSCFG_DL_UART_0_init)
                  000027dc    00000060     ti_msp_dl_config.o (.text.SYSCFG_DL_initPower)
                  0000283c    0000005c     libc.a : s_frexp.c.obj (.text.frexp)
                  00002898    00000058            : _ltoa.c.obj (.text.__TI_ltoa)
                  000028f0    00000058            : _printfi.c.obj (.text._pconv_f)
                  00002948    00000056     libclang_rt.builtins.a : aeabi_idivmod.S.obj (.text.__aeabi_idivmod)
                  0000299e    00000052     libc.a : _printfi.c.obj (.text._ecpy)
                  000029f0    0000004a     libclang_rt.builtins.a : fixdfsi.S.obj (.text.__fixdfsi)
                  00002a3a    00000002     --HOLE-- [fill = 0]
                  00002a3c    00000048     bsp_tb6612.o (.text.AO_Control)
                  00002a84    00000048     bsp_tb6612.o (.text.BO_Control)
                  00002acc    00000048     driverlib.a : dl_uart.o (.text.DL_UART_init)
                  00002b14    00000048     ti_msp_dl_config.o (.text.SYSCFG_DL_init)
                  00002b5c    00000044     driverlib.a : dl_sysctl_mspm0g1x0x_g3x0x.o (.text.DL_SYSCTL_switchMCLKfromSYSOSCtoHSCLK)
                  00002ba0    00000040     libclang_rt.builtins.a : aeabi_uidivmod.S.obj (.text.__aeabi_uidivmod)
                  00002be0    00000040                            : extendsfdf2.S.obj (.text.__extendsfdf2)
                  00002c20    00000040     libc.a : atoi.c.obj (.text.atoi)
                  00002c60    00000040            : vsnprintf.c.obj (.text.vsnprintf)
                  00002ca0    0000003c     ti_msp_dl_config.o (.text.SYSCFG_DL_ENCODER1A_init)
                  00002cdc    0000003c     ti_msp_dl_config.o (.text.SYSCFG_DL_ENCODER2A_init)
                  00002d18    0000003c     libclang_rt.builtins.a : floatsisf.S.obj (.text.__floatsisf)
                  00002d54    0000003c                            : comparesf2.S.obj (.text.__gtsf2)
                  00002d90    0000003c     libc.a : autoinit.c.obj (.text:__TI_auto_init_nobinit_nopinit)
                  00002dcc    0000003a     libclang_rt.builtins.a : comparesf2.S.obj (.text.__eqsf2)
                  00002e06    00000002     --HOLE-- [fill = 0]
                  00002e08    0000003a                            : muldsi3.S.obj (.text.__muldsi3)
                  00002e42    00000002     --HOLE-- [fill = 0]
                  00002e44    00000038     ti_msp_dl_config.o (.text.SYSCFG_DL_CLOCK_init)
                  00002e7c    00000038     libclang_rt.builtins.a : fixsfsi.S.obj (.text.__fixsfsi)
                  00002eb4    00000030     empty.o (.text.TIMA0_IRQHandler)
                  00002ee4    00000030     libc.a : _printfi.c.obj (.text._fcpy)
                  00002f14    00000030            : vsnprintf.c.obj (.text._outs)
                  00002f44    0000002c     empty.o (.text.TIMG6_IRQHandler)
                  00002f70    0000002c     libclang_rt.builtins.a : floatsidf.S.obj (.text.__floatsidf)
                  00002f9c    00000028     ti_msp_dl_config.o (.text.SYSCFG_DL_SYSCTL_CLK_init)
                  00002fc4    00000028     libc.a : boot_cortex_m.c.obj (.text:_c_int00_noargs)
                  00002fec    00000024     libclang_rt.builtins.a : muldi3.S.obj (.text.__muldi3)
                  00003010    00000022     libc.a : memccpy.c.obj (.text.memccpy)
                  00003032    00000002     --HOLE-- [fill = 0]
                  00003034    0000001e     libclang_rt.builtins.a : ashldi3.S.obj (.text.__ashldi3)
                  00003052    00000002     --HOLE-- [fill = 0]
                  00003054    0000001c     driverlib.a : dl_timer.o (.text.DL_Timer_setCaptCompUpdateMethod)
                  00003070    0000001c                 : dl_timer.o (.text.DL_Timer_setClockConfig)
                  0000308c    0000001c     bsp_tb6612.o (.text.TB6612_Motor_Stop)
                  000030a8    00000018     driverlib.a : dl_timer.o (.text.DL_Timer_setCaptureCompareOutCtl)
                  000030c0    00000018     libc.a : vsnprintf.c.obj (.text._outc)
                  000030d8    00000016            : copy_zero_init.c.obj (.text:decompress:ZI:__TI_zero_init_nomemset)
                  000030ee    00000002     --HOLE-- [fill = 0]
                  000030f0    00000014     libclang_rt.builtins.a : aeabi_uldivmod.S.obj (.text.__aeabi_uldivmod)
                  00003104    00000014     libc.a : _printfi.c.obj (.text.strchr)
                  00003118    00000012     driverlib.a : dl_uart.o (.text.DL_UART_setClockConfig)
                  0000312a    00000012     libc.a : copy_decompress_none.c.obj (.text:decompress:none)
                  0000313c    00000010     driverlib.a : dl_timer.o (.text.DL_Timer_setCaptureCompareValue)
                  0000314c    00000010     libc.a : wcslen.c.obj (.text.wcslen)
                  0000315c    0000000e     libclang_rt.builtins.a : aeabi_memset.S.obj (.text.__aeabi_memset)
                  0000316a    0000000e     libc.a : _printfi.c.obj (.text.strlen)
                  00003178    0000000c     libclang_rt.builtins.a : aeabi_memset.S.obj (.text.__aeabi_memclr)
                  00003184    0000000a     driverlib.a : dl_common.o (.text.DL_Common_delayCycles)
                  0000318e    0000000a     libc.a : _printfi.c.obj (.text.OUTLINED_FUNCTION_0)
                  00003198    00000010     libclang_rt.builtins.a : adddf3.S.obj (.tramp.__aeabi_dsub.1)
                  000031a8    0000000a     libc.a : _printfi.c.obj (.text.OUTLINED_FUNCTION_1)
                  000031b2    00000002     --HOLE-- [fill = 0]
                  000031b4    00000008     libclang_rt.builtins.a : aeabi_memcpy.S.obj (.text.__aeabi_memcpy)
                  000031bc    00000006     libc.a : exit.c.obj (.text:abort)
                  000031c2    00000004     libsysbm.a : hostexit.c.obj (.text.HOSTexit)
                  000031c6    00000004     startup_mspm0g350x_ticlang.o (.text.Reset_Handler)
                  000031ca    00000004     libc.a : pre_init.c.obj (.text._system_pre_init)
                  000031ce    00000002     --HOLE-- [fill = 0]

.cinit     0    000033e0    00000030     
                  000033e0    0000000c     (__TI_handler_table)
                  000033ec    00000008     (.cinit..bss.load) [load image, compression = zero_init]
                  000033f4    00000007     (.cinit..data.load) [load image, compression = lzss]
                  000033fb    00000001     --HOLE-- [fill = 0]
                  000033fc    00000010     (__TI_cinit_table)
                  0000340c    00000004     --HOLE-- [fill = 0]

.rodata    0    000031d0    00000210     
                  000031d0    00000101     libc.a : aeabi_ctype.S.obj (.rodata:__aeabi_ctype_table_)
                  000032d1    00000003     ti_msp_dl_config.o (.rodata.gCLOCKClockConfig)
                  000032d4    00000028     ti_msp_dl_config.o (.rodata.gSYSPLLConfig)
                  000032fc    00000021     bsp_tb6612.o (.rodata.str1.15091695396400935675.1)
                  0000331d    0000001e     empty.o (.rodata.str1.9517790425240694019.1)
                  0000333b    00000016     empty.o (.rodata.str1.254342170260855183.1)
                  00003351    00000003     ti_msp_dl_config.o (.rodata.gENCODER1AClockConfig)
                  00003354    00000014     ti_msp_dl_config.o (.rodata.gCLOCKTimerConfig)
                  00003368    00000011     libc.a : _printfi.c.obj (.rodata.str1.10348868589481759720.1)
                  00003379    00000011            : _printfi.c.obj (.rodata.str1.15363888844622738466.1)
                  0000338a    00000002     ti_msp_dl_config.o (.rodata.gUART_0ClockConfig)
                  0000338c    00000010     ti_msp_dl_config.o (.rodata.gENCODER1ACaptureConfig)
                  0000339c    00000010     ti_msp_dl_config.o (.rodata.gENCODER2ACaptureConfig)
                  000033ac    0000000c     driverlib.a : dl_timer.o (.rodata..Lswitch.table.DL_Timer_initCompareMode)
                  000033b8    0000000a     ti_msp_dl_config.o (.rodata.gUART_0Config)
                  000033c2    00000002     --HOLE-- [fill = 0]
                  000033c4    00000008     ti_msp_dl_config.o (.rodata.gPWM_0Config)
                  000033cc    00000003     ti_msp_dl_config.o (.rodata.gENCODER2AClockConfig)
                  000033cf    00000003     ti_msp_dl_config.o (.rodata.gPWM_0ClockConfig)
                  000033d2    0000000e     --HOLE-- [fill = 0]

.init_array 
*          0    00000000    00000000     UNINITIALIZED

.binit     0    00000000    00000000     

.bss       0    20200000    000003ac     UNINITIALIZED
                  20200000    000000c4     (.common:motor_l)
                  202000c4    000000c4     (.common:motor_r)
                  20200188    000000bc     (.common:gENCODER1ABackup)
                  20200244    000000bc     (.common:gPWM_0Backup)
                  20200300    000000a0     (.common:gENCODER2ABackup)
                  202003a0    00000004     (.common:route_l)
                  202003a4    00000004     (.common:route_r)
                  202003a8    00000001     (.common:direction_l)
                  202003a9    00000001     (.common:direction_l_last)
                  202003aa    00000001     (.common:direction_r)
                  202003ab    00000001     (.common:direction_r_last)

.data      0    202003ac    00000004     UNINITIALIZED
                  202003ac    00000004     libc.a : aeabi_portable.c.obj (.data.__aeabi_errno)

.stack     0    20207e00    00000200     UNINITIALIZED
                  20207e00    00000004     libc.a : boot_cortex_m.c.obj (.stack)
                  20207e04    000001fc     --HOLE--

__llvm_prf_cnts 
*          0    20200000    00000000     UNINITIALIZED

__llvm_prf_bits 
*          0    20200000    00000000     UNINITIALIZED

MODULE SUMMARY

       Module                         code    ro data   rw data
       ------                         ----    -------   -------
    .\
       empty.o                        1484    52        404    
       ti_msp_dl_config.o             880     124       536    
       startup_mspm0g350x_ticlang.o   6       192       0      
    +--+------------------------------+-------+---------+---------+
       Total:                         2370    368       940    
                                                               
    .\BSP\src\
       bsp_tb6612.o                   172     33        0      
    +--+------------------------------+-------+---------+---------+
       Total:                         172     33        0      
                                                               
    .\Board\
       board.o                        104     0         0      
    +--+------------------------------+-------+---------+---------+
       Total:                         104     0         0      
                                                               
    C:/ti/mspm0_sdk_2_05_01_00/source/ti/driverlib/lib/ticlang/m0p/mspm0g1x0x_g3x0x/driverlib.a
       dl_timer.o                     872     12        0      
       dl_sysctl_mspm0g1x0x_g3x0x.o   388     0         0      
       dl_uart.o                      90      0         0      
       dl_common.o                    10      0         0      
    +--+------------------------------+-------+---------+---------+
       Total:                         1360    12        0      
                                                               
    C:\ti\ccs2020\ccs\tools\compiler\ti-cgt-armllvm_4.0.3.LTS\lib\armv6m-ti-none-eabi/c/libc.a
       _printfi.c.obj                 4510    34        0      
       aeabi_ctype.S.obj              0       257       0      
       s_scalbn.c.obj                 216     0         0      
       memcpy16.S.obj                 154     0         0      
       vsnprintf.c.obj                136     0         0      
       copy_decompress_lzss.c.obj     124     0         0      
       memset16.S.obj                 98      0         0      
       s_frexp.c.obj                  92      0         0      
       _ltoa.c.obj                    88      0         0      
       atoi.c.obj                     64      0         0      
       autoinit.c.obj                 60      0         0      
       boot_cortex_m.c.obj            40      0         0      
       memccpy.c.obj                  34      0         0      
       copy_zero_init.c.obj           22      0         0      
       copy_decompress_none.c.obj     18      0         0      
       wcslen.c.obj                   16      0         0      
       aeabi_portable.c.obj           8       0         4      
       exit.c.obj                     6       0         0      
       pre_init.c.obj                 4       0         0      
    +--+------------------------------+-------+---------+---------+
       Total:                         5690    291       4      
                                                               
    C:\ti\ccs2020\ccs\tools\compiler\ti-cgt-armllvm_4.0.3.LTS\lib\armv6m-ti-none-eabi/c/libsysbm.a
       hostexit.c.obj                 4       0         0      
    +--+------------------------------+-------+---------+---------+
       Total:                         4       0         0      
                                                               
    C:\ti\ccs2020\ccs\tools\compiler\ti-cgt-armllvm_4.0.3.LTS\lib\armv6m-ti-none-eabi/libclang_rt.builtins.a
       adddf3.S.obj                   418     0         0      
       divdf3.S.obj                   268     0         0      
       muldf3.S.obj                   228     0         0      
       comparedf2.c.obj               220     0         0      
       addsf3.S.obj                   216     0         0      
       udivmoddi4.S.obj               162     0         0      
       mulsf3.S.obj                   140     0         0      
       divsf3.S.obj                   130     0         0      
       comparesf2.S.obj               118     0         0      
       truncdfsf2.S.obj               116     0         0      
       aeabi_dcmp.S.obj               98      0         0      
       aeabi_fcmp.S.obj               98      0         0      
       aeabi_idivmod.S.obj            86      0         0      
       fixdfsi.S.obj                  74      0         0      
       aeabi_uidivmod.S.obj           64      0         0      
       extendsfdf2.S.obj              64      0         0      
       floatsisf.S.obj                60      0         0      
       muldsi3.S.obj                  58      0         0      
       fixsfsi.S.obj                  56      0         0      
       floatsidf.S.obj                44      0         0      
       muldi3.S.obj                   36      0         0      
       ashldi3.S.obj                  30      0         0      
       aeabi_memset.S.obj             26      0         0      
       aeabi_uldivmod.S.obj           20      0         0      
       aeabi_memcpy.S.obj             8       0         0      
       aeabi_div0.c.obj               4       0         0      
    +--+------------------------------+-------+---------+---------+
       Total:                         2842    0         0      
                                                               
       Stack:                         0       0         512    
       Linker Generated:              0       43        0      
    +--+------------------------------+-------+---------+---------+
       Grand Total:                   12542   747       1456   


LINKER GENERATED COPY TABLES

__TI_cinit_table @ 000033fc records: 2, size/record: 8, table size: 16
	.bss: load addr=000033ec, load size=00000008 bytes, run addr=20200000, run size=000003ac bytes, compression=zero_init
	.data: load addr=000033f4, load size=00000007 bytes, run addr=202003ac, run size=00000004 bytes, compression=lzss


LINKER GENERATED HANDLER TABLE

__TI_handler_table @ 000033e0 records: 3, size/record: 4, table size: 12
	index: 0, handler: __TI_decompress_lzss
	index: 1, handler: __TI_decompress_none
	index: 2, handler: __TI_zero_init


FAR CALL TRAMPOLINES

callee name               trampoline name
   callee addr  tramp addr   call addr  call info
--------------  -----------  ---------  ----------------
__aeabi_dsub              $Tramp$TT$L$PI$$__aeabi_dsub
   00001201     00003198     00003196   libc.a : _printfi.c.obj (.text.OUTLINED_FUNCTION_0)

[1 trampolines]
[1 trampoline calls]


GLOBAL SYMBOLS: SORTED ALPHABETICALLY BY Name 

address   name                                 
-------   ----                                 
00001393  ADC0_IRQHandler                      
00001393  ADC1_IRQHandler                      
00001393  AES_IRQHandler                       
00002a3d  AO_Control                           
00002a85  BO_Control                           
000031c2  C$$EXIT                              
00001393  CANFD0_IRQHandler                    
00001393  DAC0_IRQHandler                      
00003185  DL_Common_delayCycles                
00001ce5  DL_SYSCTL_configSYSPLL               
0000258d  DL_SYSCTL_setHFCLKSourceHFXTParams   
00002b5d  DL_SYSCTL_switchMCLKfromSYSOSCtoHSCLK
000015f1  DL_Timer_initCaptureMode             
00001929  DL_Timer_initFourCCPWMMode           
00001b19  DL_Timer_initTimerMode               
00003055  DL_Timer_setCaptCompUpdateMethod     
000030a9  DL_Timer_setCaptureCompareOutCtl     
0000313d  DL_Timer_setCaptureCompareValue      
00003071  DL_Timer_setClockConfig              
00002acd  DL_UART_init                         
00003119  DL_UART_setClockConfig               
00001393  DMA_IRQHandler                       
00001393  Default_Handler                      
00001393  GROUP0_IRQHandler                    
00001393  GROUP1_IRQHandler                    
000031c3  HOSTexit                             
00001393  HardFault_Handler                    
00001393  I2C0_IRQHandler                      
00001393  I2C1_IRQHandler                      
00001393  NMI_Handler                          
00001a2d  PID_Realize                          
00001393  PendSV_Handler                       
00001393  RTC_IRQHandler                       
000031c7  Reset_Handler                        
00001393  SPI0_IRQHandler                      
00001393  SPI1_IRQHandler                      
00001393  SVC_Handler                          
00002e45  SYSCFG_DL_CLOCK_init                 
00002ca1  SYSCFG_DL_ENCODER1A_init             
00002cdd  SYSCFG_DL_ENCODER2A_init             
000020ad  SYSCFG_DL_GPIO_init                  
00002145  SYSCFG_DL_PWM_0_init                 
00002f9d  SYSCFG_DL_SYSCTL_CLK_init            
000025f1  SYSCFG_DL_SYSCTL_init                
0000277d  SYSCFG_DL_UART_0_init                
00002b15  SYSCFG_DL_init                       
000027dd  SYSCFG_DL_initPower                  
00001393  SysTick_Handler                      
0000308d  TB6612_Motor_Stop                    
00002eb5  TIMA0_IRQHandler                     
00001393  TIMA1_IRQHandler                     
00000a91  TIMG0_IRQHandler                     
00001393  TIMG12_IRQHandler                    
00002f45  TIMG6_IRQHandler                     
00001393  TIMG7_IRQHandler                     
00001393  TIMG8_IRQHandler                     
00001393  UART0_IRQHandler                     
00001393  UART1_IRQHandler                     
00001393  UART2_IRQHandler                     
00001393  UART3_IRQHandler                     
20208000  __STACK_END                          
00000200  __STACK_SIZE                         
00000000  __TI_ATRegion0_region_sz             
00000000  __TI_ATRegion0_src_addr              
00000000  __TI_ATRegion0_trg_addr              
00000000  __TI_ATRegion1_region_sz             
00000000  __TI_ATRegion1_src_addr              
00000000  __TI_ATRegion1_trg_addr              
00000000  __TI_ATRegion2_region_sz             
00000000  __TI_ATRegion2_src_addr              
00000000  __TI_ATRegion2_trg_addr              
000033fc  __TI_CINIT_Base                      
0000340c  __TI_CINIT_Limit                     
0000340c  __TI_CINIT_Warm                      
000033e0  __TI_Handler_Table_Base              
000033ec  __TI_Handler_Table_Limit             
00002d91  __TI_auto_init_nobinit_nopinit       
000022e9  __TI_decompress_lzss                 
0000312b  __TI_decompress_none                 
00002899  __TI_ltoa                            
ffffffff  __TI_pprof_out_hndl                  
000000c1  __TI_printfi                         
ffffffff  __TI_prof_data_size                  
ffffffff  __TI_prof_data_start                 
00000000  __TI_static_base__                   
000030d9  __TI_zero_init_nomemset              
0000120b  __adddf3                             
00001ea3  __addsf3                             
000031d0  __aeabi_ctype_table_                 
000031d0  __aeabi_ctype_table_C                
000023e1  __aeabi_d2f                          
000029f1  __aeabi_d2iz                         
0000120b  __aeabi_dadd                         
00002655  __aeabi_dcmpeq                       
00002691  __aeabi_dcmpge                       
000026a5  __aeabi_dcmpgt                       
0000267d  __aeabi_dcmple                       
00002669  __aeabi_dcmplt                       
0000181d  __aeabi_ddiv                         
00001c01  __aeabi_dmul                         
00001201  __aeabi_dsub                         
202003ac  __aeabi_errno                        
000023d9  __aeabi_errno_addr                   
00002be1  __aeabi_f2d                          
00002e7d  __aeabi_f2iz                         
00001ea3  __aeabi_fadd                         
000026b9  __aeabi_fcmpeq                       
000026f5  __aeabi_fcmpge                       
00002709  __aeabi_fcmpgt                       
000026e1  __aeabi_fcmple                       
000026cd  __aeabi_fcmplt                       
00002265  __aeabi_fdiv                         
000021d9  __aeabi_fmul                         
00001e99  __aeabi_fsub                         
00002f71  __aeabi_i2d                          
00002d19  __aeabi_i2f                          
00002949  __aeabi_idiv                         
000022e7  __aeabi_idiv0                        
00002949  __aeabi_idivmod                      
0000258b  __aeabi_ldiv0                        
00003035  __aeabi_llsl                         
00002fed  __aeabi_lmul                         
00003179  __aeabi_memclr                       
00003179  __aeabi_memclr4                      
00003179  __aeabi_memclr8                      
000031b5  __aeabi_memcpy                       
000031b5  __aeabi_memcpy4                      
000031b5  __aeabi_memcpy8                      
0000315d  __aeabi_memset                       
0000315d  __aeabi_memset4                      
0000315d  __aeabi_memset8                      
00002ba1  __aeabi_uidiv                        
00002ba1  __aeabi_uidivmod                     
000030f1  __aeabi_uldivmod                     
00003035  __ashldi3                            
ffffffff  __binit__                            
00002455  __cmpdf2                             
00002dcd  __cmpsf2                             
0000181d  __divdf3                             
00002265  __divsf3                             
00002455  __eqdf2                              
00002dcd  __eqsf2                              
00002be1  __extendsfdf2                        
000029f1  __fixdfsi                            
00002e7d  __fixsfsi                            
00002f71  __floatsidf                          
00002d19  __floatsisf                          
00002365  __gedf2                              
00002d55  __gesf2                              
00002365  __gtdf2                              
00002d55  __gtsf2                              
00002455  __ledf2                              
00002dcd  __lesf2                              
00002455  __ltdf2                              
00002dcd  __ltsf2                              
UNDEFED   __mpu_init                           
00001c01  __muldf3                             
00002fed  __muldi3                             
00002e09  __muldsi3                            
000021d9  __mulsf3                             
00002455  __nedf2                              
00002dcd  __nesf2                              
20207e00  __stack                              
20200000  __start___llvm_prf_bits              
20200000  __start___llvm_prf_cnts              
20200000  __stop___llvm_prf_bits               
20200000  __stop___llvm_prf_cnts               
00001201  __subdf3                             
00001e99  __subsf3                             
000023e1  __truncdfsf2                         
00001f71  __udivmoddi4                         
00002fc5  _c_int00_noargs                      
UNDEFED   _system_post_cinit                   
000031cb  _system_pre_init                     
000031bd  abort                                
00002c21  atoi                                 
ffffffff  binit                                
202003a8  direction_l                          
202003a9  direction_l_last                     
202003aa  direction_r                          
202003ab  direction_r_last                     
0000283d  frexp                                
0000283d  frexpl                               
20200188  gENCODER1ABackup                     
20200300  gENCODER2ABackup                     
20200244  gPWM_0Backup                         
00000000  interruptVectors                     
000024bd  lc_printf                            
00001dc1  ldexp                                
00001dc1  ldexpl                               
0000170d  main                                 
00003011  memccpy                              
00002013  memcpy                               
0000271b  memset                               
20200000  motor_l                              
202000c4  motor_r                              
202003a0  route_l                              
202003a4  route_r                              
00001dc1  scalbn                               
00001dc1  scalbnl                              
00002c61  vsnprintf                            
0000314d  wcslen                               


GLOBAL SYMBOLS: SORTED BY Symbol Address 

address   name                                 
-------   ----                                 
00000000  __TI_ATRegion0_region_sz             
00000000  __TI_ATRegion0_src_addr              
00000000  __TI_ATRegion0_trg_addr              
00000000  __TI_ATRegion1_region_sz             
00000000  __TI_ATRegion1_src_addr              
00000000  __TI_ATRegion1_trg_addr              
00000000  __TI_ATRegion2_region_sz             
00000000  __TI_ATRegion2_src_addr              
00000000  __TI_ATRegion2_trg_addr              
00000000  __TI_static_base__                   
00000000  interruptVectors                     
000000c1  __TI_printfi                         
00000200  __STACK_SIZE                         
00000a91  TIMG0_IRQHandler                     
00001201  __aeabi_dsub                         
00001201  __subdf3                             
0000120b  __adddf3                             
0000120b  __aeabi_dadd                         
00001393  ADC0_IRQHandler                      
00001393  ADC1_IRQHandler                      
00001393  AES_IRQHandler                       
00001393  CANFD0_IRQHandler                    
00001393  DAC0_IRQHandler                      
00001393  DMA_IRQHandler                       
00001393  Default_Handler                      
00001393  GROUP0_IRQHandler                    
00001393  GROUP1_IRQHandler                    
00001393  HardFault_Handler                    
00001393  I2C0_IRQHandler                      
00001393  I2C1_IRQHandler                      
00001393  NMI_Handler                          
00001393  PendSV_Handler                       
00001393  RTC_IRQHandler                       
00001393  SPI0_IRQHandler                      
00001393  SPI1_IRQHandler                      
00001393  SVC_Handler                          
00001393  SysTick_Handler                      
00001393  TIMA1_IRQHandler                     
00001393  TIMG12_IRQHandler                    
00001393  TIMG7_IRQHandler                     
00001393  TIMG8_IRQHandler                     
00001393  UART0_IRQHandler                     
00001393  UART1_IRQHandler                     
00001393  UART2_IRQHandler                     
00001393  UART3_IRQHandler                     
000015f1  DL_Timer_initCaptureMode             
0000170d  main                                 
0000181d  __aeabi_ddiv                         
0000181d  __divdf3                             
00001929  DL_Timer_initFourCCPWMMode           
00001a2d  PID_Realize                          
00001b19  DL_Timer_initTimerMode               
00001c01  __aeabi_dmul                         
00001c01  __muldf3                             
00001ce5  DL_SYSCTL_configSYSPLL               
00001dc1  ldexp                                
00001dc1  ldexpl                               
00001dc1  scalbn                               
00001dc1  scalbnl                              
00001e99  __aeabi_fsub                         
00001e99  __subsf3                             
00001ea3  __addsf3                             
00001ea3  __aeabi_fadd                         
00001f71  __udivmoddi4                         
00002013  memcpy                               
000020ad  SYSCFG_DL_GPIO_init                  
00002145  SYSCFG_DL_PWM_0_init                 
000021d9  __aeabi_fmul                         
000021d9  __mulsf3                             
00002265  __aeabi_fdiv                         
00002265  __divsf3                             
000022e7  __aeabi_idiv0                        
000022e9  __TI_decompress_lzss                 
00002365  __gedf2                              
00002365  __gtdf2                              
000023d9  __aeabi_errno_addr                   
000023e1  __aeabi_d2f                          
000023e1  __truncdfsf2                         
00002455  __cmpdf2                             
00002455  __eqdf2                              
00002455  __ledf2                              
00002455  __ltdf2                              
00002455  __nedf2                              
000024bd  lc_printf                            
0000258b  __aeabi_ldiv0                        
0000258d  DL_SYSCTL_setHFCLKSourceHFXTParams   
000025f1  SYSCFG_DL_SYSCTL_init                
00002655  __aeabi_dcmpeq                       
00002669  __aeabi_dcmplt                       
0000267d  __aeabi_dcmple                       
00002691  __aeabi_dcmpge                       
000026a5  __aeabi_dcmpgt                       
000026b9  __aeabi_fcmpeq                       
000026cd  __aeabi_fcmplt                       
000026e1  __aeabi_fcmple                       
000026f5  __aeabi_fcmpge                       
00002709  __aeabi_fcmpgt                       
0000271b  memset                               
0000277d  SYSCFG_DL_UART_0_init                
000027dd  SYSCFG_DL_initPower                  
0000283d  frexp                                
0000283d  frexpl                               
00002899  __TI_ltoa                            
00002949  __aeabi_idiv                         
00002949  __aeabi_idivmod                      
000029f1  __aeabi_d2iz                         
000029f1  __fixdfsi                            
00002a3d  AO_Control                           
00002a85  BO_Control                           
00002acd  DL_UART_init                         
00002b15  SYSCFG_DL_init                       
00002b5d  DL_SYSCTL_switchMCLKfromSYSOSCtoHSCLK
00002ba1  __aeabi_uidiv                        
00002ba1  __aeabi_uidivmod                     
00002be1  __aeabi_f2d                          
00002be1  __extendsfdf2                        
00002c21  atoi                                 
00002c61  vsnprintf                            
00002ca1  SYSCFG_DL_ENCODER1A_init             
00002cdd  SYSCFG_DL_ENCODER2A_init             
00002d19  __aeabi_i2f                          
00002d19  __floatsisf                          
00002d55  __gesf2                              
00002d55  __gtsf2                              
00002d91  __TI_auto_init_nobinit_nopinit       
00002dcd  __cmpsf2                             
00002dcd  __eqsf2                              
00002dcd  __lesf2                              
00002dcd  __ltsf2                              
00002dcd  __nesf2                              
00002e09  __muldsi3                            
00002e45  SYSCFG_DL_CLOCK_init                 
00002e7d  __aeabi_f2iz                         
00002e7d  __fixsfsi                            
00002eb5  TIMA0_IRQHandler                     
00002f45  TIMG6_IRQHandler                     
00002f71  __aeabi_i2d                          
00002f71  __floatsidf                          
00002f9d  SYSCFG_DL_SYSCTL_CLK_init            
00002fc5  _c_int00_noargs                      
00002fed  __aeabi_lmul                         
00002fed  __muldi3                             
00003011  memccpy                              
00003035  __aeabi_llsl                         
00003035  __ashldi3                            
00003055  DL_Timer_setCaptCompUpdateMethod     
00003071  DL_Timer_setClockConfig              
0000308d  TB6612_Motor_Stop                    
000030a9  DL_Timer_setCaptureCompareOutCtl     
000030d9  __TI_zero_init_nomemset              
000030f1  __aeabi_uldivmod                     
00003119  DL_UART_setClockConfig               
0000312b  __TI_decompress_none                 
0000313d  DL_Timer_setCaptureCompareValue      
0000314d  wcslen                               
0000315d  __aeabi_memset                       
0000315d  __aeabi_memset4                      
0000315d  __aeabi_memset8                      
00003179  __aeabi_memclr                       
00003179  __aeabi_memclr4                      
00003179  __aeabi_memclr8                      
00003185  DL_Common_delayCycles                
000031b5  __aeabi_memcpy                       
000031b5  __aeabi_memcpy4                      
000031b5  __aeabi_memcpy8                      
000031bd  abort                                
000031c2  C$$EXIT                              
000031c3  HOSTexit                             
000031c7  Reset_Handler                        
000031cb  _system_pre_init                     
000031d0  __aeabi_ctype_table_                 
000031d0  __aeabi_ctype_table_C                
000033e0  __TI_Handler_Table_Base              
000033ec  __TI_Handler_Table_Limit             
000033fc  __TI_CINIT_Base                      
0000340c  __TI_CINIT_Limit                     
0000340c  __TI_CINIT_Warm                      
20200000  __start___llvm_prf_bits              
20200000  __start___llvm_prf_cnts              
20200000  __stop___llvm_prf_bits               
20200000  __stop___llvm_prf_cnts               
20200000  motor_l                              
202000c4  motor_r                              
20200188  gENCODER1ABackup                     
20200244  gPWM_0Backup                         
20200300  gENCODER2ABackup                     
202003a0  route_l                              
202003a4  route_r                              
202003a8  direction_l                          
202003a9  direction_l_last                     
202003aa  direction_r                          
202003ab  direction_r_last                     
202003ac  __aeabi_errno                        
20207e00  __stack                              
20208000  __STACK_END                          
ffffffff  __TI_pprof_out_hndl                  
ffffffff  __TI_prof_data_size                  
ffffffff  __TI_prof_data_start                 
ffffffff  __binit__                            
ffffffff  binit                                
UNDEFED   __mpu_init                           
UNDEFED   _system_post_cinit                   

[202 symbols]
