******************************************************************************
            TI ARM Clang Linker PC v4.0.3                      
******************************************************************************
>> Linked Wed Jul 30 08:31:59 2025

OUTPUT FILE NAME:   <car.out>
ENTRY POINT SYMBOL: "_c_int00_noargs"  address: 00002ff5


MEMORY CONFIGURATION

         name            origin    length      used     unused   attr    fill
----------------------  --------  ---------  --------  --------  ----  --------
  FLASH                 00000000   00020000  00003440  0001cbc0  R  X
  SRAM                  20200000   00008000  000005b1  00007a4f  RW X
  BCR_CONFIG            41c00000   000000ff  00000000  000000ff  R   
  BSL_CONFIG            41c00100   00000080  00000000  00000080  R   


SEGMENT ALLOCATION MAP

run origin  load origin   length   init length attrs members
----------  ----------- ---------- ----------- ----- -------
00000000    00000000    00003440   00003440    r-x
  00000000    00000000    000000c0   000000c0    r-- .intvecs
  000000c0    000000c0    00003140   00003140    r-x .text
  00003200    00003200    00000210   00000210    r-- .rodata
  00003410    00003410    00000030   00000030    r-- .cinit
20200000    20200000    000003b1   00000000    rw-
  20200000    20200000    000003ac   00000000    rw- .bss
  202003ac    202003ac    00000005   00000000    rw- .data
20207e00    20207e00    00000200   00000000    rw-
  20207e00    20207e00    00000200   00000000    rw- .stack


SECTION ALLOCATION MAP

 output                                  attributes/
section   page    origin      length       input sections
--------  ----  ----------  ----------   ----------------
.intvecs   0    00000000    000000c0     
                  00000000    000000c0     startup_mspm0g350x_ticlang.o (.intvecs)

.text      0    000000c0    00003140     
                  000000c0    000009d0     libc.a : _printfi.c.obj (.text:__TI_printfi)
                  00000a90    00000390     empty.o (.text.TIMG0_IRQHandler)
                  00000e20    00000220     libc.a : _printfi.c.obj (.text._pconv_a)
                  00001040    000001dc            : _printfi.c.obj (.text._pconv_g)
                  0000121c    00000192     libclang_rt.builtins.a : adddf3.S.obj (.text.adddf3_subdf3)
                  000013ae    00000002     startup_mspm0g350x_ticlang.o (.text.Default_Handler)
                  000013b0    0000013c     libc.a : _printfi.c.obj (.text.fcvt)
                  000014ec    00000120            : _printfi.c.obj (.text._pconv_e)
                  0000160c    0000011c     driverlib.a : dl_timer.o (.text.DL_Timer_initCaptureMode)
                  00001728    00000110     empty.o (.text.main)
                  00001838    0000010c     libclang_rt.builtins.a : divdf3.S.obj (.text.__divdf3)
                  00001944    00000104     driverlib.a : dl_timer.o (.text.DL_Timer_initFourCCPWMMode)
                  00001a48    000000ec     empty.o (.text.PID_Realize)
                  00001b34    000000e8     driverlib.a : dl_timer.o (.text.DL_Timer_initTimerMode)
                  00001c1c    000000e4     libclang_rt.builtins.a : muldf3.S.obj (.text.__muldf3)
                  00001d00    000000dc     driverlib.a : dl_sysctl_mspm0g1x0x_g3x0x.o (.text.DL_SYSCTL_configSYSPLL)
                  00001ddc    000000d8     libc.a : s_scalbn.c.obj (.text.scalbn)
                  00001eb4    000000d8     libclang_rt.builtins.a : addsf3.S.obj (.text)
                  00001f8c    000000a2                            : udivmoddi4.S.obj (.text)
                  0000202e    0000009a     libc.a : memcpy16.S.obj (.text:memcpy)
                  000020c8    00000098     ti_msp_dl_config.o (.text.SYSCFG_DL_GPIO_init)
                  00002160    00000094     ti_msp_dl_config.o (.text.SYSCFG_DL_PWM_0_init)
                  000021f4    0000008c     libclang_rt.builtins.a : mulsf3.S.obj (.text.__mulsf3)
                  00002280    00000082                            : divsf3.S.obj (.text.__divsf3)
                  00002302    00000002                            : aeabi_div0.c.obj (.text.__aeabi_idiv0)
                  00002304    0000007c     libc.a : copy_decompress_lzss.c.obj (.text:decompress:lzss)
                  00002380    00000074     libclang_rt.builtins.a : comparedf2.c.obj (.text.__gedf2)
                  000023f4    0000000c                            : aeabi_memset.S.obj (.text.__aeabi_memclr)
                  00002400    00000074                            : truncdfsf2.S.obj (.text.__truncdfsf2)
                  00002474    00000068                            : comparedf2.c.obj (.text.__ledf2)
                  000024dc    00000068     board.o (.text.lc_printf)
                  00002544    00000066     libc.a : _printfi.c.obj (.text._mcpy)
                  000025aa    00000002     libclang_rt.builtins.a : aeabi_div0.c.obj (.text.__aeabi_ldiv0)
                  000025ac    00000064     driverlib.a : dl_sysctl_mspm0g1x0x_g3x0x.o (.text.DL_SYSCTL_setHFCLKSourceHFXTParams)
                  00002610    00000064     ti_msp_dl_config.o (.text.SYSCFG_DL_SYSCTL_init)
                  00002674    00000062     libclang_rt.builtins.a : aeabi_dcmp.S.obj (.text.__aeabi_dcmp)
                  000026d6    00000002     --HOLE-- [fill = 0]
                  000026d8    00000062                            : aeabi_fcmp.S.obj (.text.__aeabi_fcmp)
                  0000273a    00000062     libc.a : memset16.S.obj (.text:memset)
                  0000279c    00000060     ti_msp_dl_config.o (.text.SYSCFG_DL_UART_0_init)
                  000027fc    00000060     ti_msp_dl_config.o (.text.SYSCFG_DL_initPower)
                  0000285c    0000005c     libc.a : s_frexp.c.obj (.text.frexp)
                  000028b8    00000058            : _ltoa.c.obj (.text.__TI_ltoa)
                  00002910    00000058            : _printfi.c.obj (.text._pconv_f)
                  00002968    00000056     libclang_rt.builtins.a : aeabi_idivmod.S.obj (.text.__aeabi_idivmod)
                  000029be    00000052     libc.a : _printfi.c.obj (.text._ecpy)
                  00002a10    0000004a     libclang_rt.builtins.a : fixdfsi.S.obj (.text.__fixdfsi)
                  00002a5a    00000002     --HOLE-- [fill = 0]
                  00002a5c    00000048     bsp_tb6612.o (.text.AO_Control)
                  00002aa4    00000048     bsp_tb6612.o (.text.BO_Control)
                  00002aec    00000048     driverlib.a : dl_uart.o (.text.DL_UART_init)
                  00002b34    00000048     ti_msp_dl_config.o (.text.SYSCFG_DL_init)
                  00002b7c    00000044     driverlib.a : dl_sysctl_mspm0g1x0x_g3x0x.o (.text.DL_SYSCTL_switchMCLKfromSYSOSCtoHSCLK)
                  00002bc0    00000040     libclang_rt.builtins.a : aeabi_uidivmod.S.obj (.text.__aeabi_uidivmod)
                  00002c00    00000040                            : extendsfdf2.S.obj (.text.__extendsfdf2)
                  00002c40    00000040     libc.a : atoi.c.obj (.text.atoi)
                  00002c80    00000040            : vsnprintf.c.obj (.text.vsnprintf)
                  00002cc0    0000003c     ti_msp_dl_config.o (.text.SYSCFG_DL_ENCODER1A_init)
                  00002cfc    0000003c     ti_msp_dl_config.o (.text.SYSCFG_DL_ENCODER2A_init)
                  00002d38    0000003c     libclang_rt.builtins.a : floatsisf.S.obj (.text.__floatsisf)
                  00002d74    0000003c                            : comparesf2.S.obj (.text.__gtsf2)
                  00002db0    0000003c     libc.a : autoinit.c.obj (.text:__TI_auto_init_nobinit_nopinit)
                  00002dec    0000003a     libclang_rt.builtins.a : comparesf2.S.obj (.text.__eqsf2)
                  00002e26    00000002     --HOLE-- [fill = 0]
                  00002e28    0000003a                            : muldsi3.S.obj (.text.__muldsi3)
                  00002e62    00000002     --HOLE-- [fill = 0]
                  00002e64    00000038     ti_msp_dl_config.o (.text.SYSCFG_DL_CLOCK_init)
                  00002e9c    00000038     empty.o (.text.TIMA0_IRQHandler)
                  00002ed4    00000038     libclang_rt.builtins.a : fixsfsi.S.obj (.text.__fixsfsi)
                  00002f0c    00000034     empty.o (.text.TIMG6_IRQHandler)
                  00002f40    00000030     libc.a : _printfi.c.obj (.text._fcpy)
                  00002f70    00000030            : vsnprintf.c.obj (.text._outs)
                  00002fa0    0000002c     libclang_rt.builtins.a : floatsidf.S.obj (.text.__floatsidf)
                  00002fcc    00000028     ti_msp_dl_config.o (.text.SYSCFG_DL_SYSCTL_CLK_init)
                  00002ff4    00000028     libc.a : boot_cortex_m.c.obj (.text:_c_int00_noargs)
                  0000301c    00000024     libclang_rt.builtins.a : muldi3.S.obj (.text.__muldi3)
                  00003040    00000022     libc.a : memccpy.c.obj (.text.memccpy)
                  00003062    00000002     --HOLE-- [fill = 0]
                  00003064    0000001e     libclang_rt.builtins.a : ashldi3.S.obj (.text.__ashldi3)
                  00003082    00000002     --HOLE-- [fill = 0]
                  00003084    0000001c     driverlib.a : dl_timer.o (.text.DL_Timer_setCaptCompUpdateMethod)
                  000030a0    0000001c                 : dl_timer.o (.text.DL_Timer_setClockConfig)
                  000030bc    0000001c     bsp_tb6612.o (.text.TB6612_Motor_Stop)
                  000030d8    00000018     driverlib.a : dl_timer.o (.text.DL_Timer_setCaptureCompareOutCtl)
                  000030f0    00000018     libc.a : vsnprintf.c.obj (.text._outc)
                  00003108    00000016            : copy_zero_init.c.obj (.text:decompress:ZI:__TI_zero_init_nomemset)
                  0000311e    00000002     --HOLE-- [fill = 0]
                  00003120    00000014     libclang_rt.builtins.a : aeabi_uldivmod.S.obj (.text.__aeabi_uldivmod)
                  00003134    00000014     libc.a : _printfi.c.obj (.text.strchr)
                  00003148    00000012     driverlib.a : dl_uart.o (.text.DL_UART_setClockConfig)
                  0000315a    00000012     libc.a : copy_decompress_none.c.obj (.text:decompress:none)
                  0000316c    00000010     driverlib.a : dl_timer.o (.text.DL_Timer_setCaptureCompareValue)
                  0000317c    00000010     libc.a : wcslen.c.obj (.text.wcslen)
                  0000318c    0000000e     libclang_rt.builtins.a : aeabi_memset.S.obj (.text.__aeabi_memset)
                  0000319a    0000000e     libc.a : _printfi.c.obj (.text.strlen)
                  000031a8    0000000a     driverlib.a : dl_common.o (.text.DL_Common_delayCycles)
                  000031b2    0000000a     libc.a : _printfi.c.obj (.text.OUTLINED_FUNCTION_0)
                  000031bc    00000010     libclang_rt.builtins.a : adddf3.S.obj (.tramp.__aeabi_dsub.1)
                  000031cc    0000000a     libc.a : _printfi.c.obj (.text.OUTLINED_FUNCTION_1)
                  000031d6    00000002     --HOLE-- [fill = 0]
                  000031d8    00000008            : aeabi_portable.c.obj (.text.__aeabi_errno_addr)
                  000031e0    00000008     libclang_rt.builtins.a : aeabi_memcpy.S.obj (.text.__aeabi_memcpy)
                  000031e8    00000006     libc.a : exit.c.obj (.text:abort)
                  000031ee    00000004     libsysbm.a : hostexit.c.obj (.text.HOSTexit)
                  000031f2    00000004     startup_mspm0g350x_ticlang.o (.text.Reset_Handler)
                  000031f6    00000004     libc.a : pre_init.c.obj (.text._system_pre_init)
                  000031fa    00000006     --HOLE-- [fill = 0]

.cinit     0    00003410    00000030     
                  00003410    0000000c     (__TI_handler_table)
                  0000341c    00000008     (.cinit..bss.load) [load image, compression = zero_init]
                  00003424    00000007     (.cinit..data.load) [load image, compression = lzss]
                  0000342b    00000001     --HOLE-- [fill = 0]
                  0000342c    00000010     (__TI_cinit_table)
                  0000343c    00000004     --HOLE-- [fill = 0]

.rodata    0    00003200    00000210     
                  00003200    00000101     libc.a : aeabi_ctype.S.obj (.rodata:__aeabi_ctype_table_)
                  00003301    00000003     ti_msp_dl_config.o (.rodata.gCLOCKClockConfig)
                  00003304    00000028     ti_msp_dl_config.o (.rodata.gSYSPLLConfig)
                  0000332c    00000021     bsp_tb6612.o (.rodata.str1.15091695396400935675.1)
                  0000334d    0000001e     empty.o (.rodata.str1.9517790425240694019.1)
                  0000336b    00000016     empty.o (.rodata.str1.254342170260855183.1)
                  00003381    00000003     ti_msp_dl_config.o (.rodata.gENCODER1AClockConfig)
                  00003384    00000014     ti_msp_dl_config.o (.rodata.gCLOCKTimerConfig)
                  00003398    00000011     libc.a : _printfi.c.obj (.rodata.str1.10348868589481759720.1)
                  000033a9    00000011            : _printfi.c.obj (.rodata.str1.15363888844622738466.1)
                  000033ba    00000002     ti_msp_dl_config.o (.rodata.gUART_0ClockConfig)
                  000033bc    00000010     ti_msp_dl_config.o (.rodata.gENCODER1ACaptureConfig)
                  000033cc    00000010     ti_msp_dl_config.o (.rodata.gENCODER2ACaptureConfig)
                  000033dc    0000000c     driverlib.a : dl_timer.o (.rodata..Lswitch.table.DL_Timer_initCompareMode)
                  000033e8    0000000a     ti_msp_dl_config.o (.rodata.gUART_0Config)
                  000033f2    00000002     --HOLE-- [fill = 0]
                  000033f4    00000008     ti_msp_dl_config.o (.rodata.gPWM_0Config)
                  000033fc    00000003     ti_msp_dl_config.o (.rodata.gENCODER2AClockConfig)
                  000033ff    00000003     ti_msp_dl_config.o (.rodata.gPWM_0ClockConfig)
                  00003402    0000000e     --HOLE-- [fill = 0]

.init_array 
*          0    00000000    00000000     UNINITIALIZED

.binit     0    00000000    00000000     

.bss       0    20200000    000003ac     UNINITIALIZED
                  20200000    000000c4     (.common:motor_l)
                  202000c4    000000c4     (.common:motor_r)
                  20200188    000000bc     (.common:gENCODER1ABackup)
                  20200244    000000bc     (.common:gPWM_0Backup)
                  20200300    000000a0     (.common:gENCODER2ABackup)
                  202003a0    00000004     (.common:route_l)
                  202003a4    00000004     (.common:route_r)
                  202003a8    00000001     (.common:direction_l)
                  202003a9    00000001     (.common:direction_l_last)
                  202003aa    00000001     (.common:direction_r)
                  202003ab    00000001     (.common:direction_r_last)

.data      0    202003ac    00000005     UNINITIALIZED
                  202003ac    00000004     libc.a : aeabi_portable.c.obj (.data.__aeabi_errno)
                  202003b0    00000001     empty.o (.data.TIMG0_IRQHandler.numes)

.stack     0    20207e00    00000200     UNINITIALIZED
                  20207e00    00000004     libc.a : boot_cortex_m.c.obj (.stack)
                  20207e04    000001fc     --HOLE--

__llvm_prf_cnts 
*          0    20200000    00000000     UNINITIALIZED

__llvm_prf_bits 
*          0    20200000    00000000     UNINITIALIZED

MODULE SUMMARY

       Module                         code    ro data   rw data
       ------                         ----    -------   -------
    .\
       empty.o                        1528    52        405    
       ti_msp_dl_config.o             880     124       536    
       startup_mspm0g350x_ticlang.o   6       192       0      
    +--+------------------------------+-------+---------+---------+
       Total:                         2414    368       941    
                                                               
    .\BSP\src\
       bsp_tb6612.o                   172     33        0      
    +--+------------------------------+-------+---------+---------+
       Total:                         172     33        0      
                                                               
    .\Board\
       board.o                        104     0         0      
    +--+------------------------------+-------+---------+---------+
       Total:                         104     0         0      
                                                               
    C:/ti/mspm0_sdk_2_05_01_00/source/ti/driverlib/lib/ticlang/m0p/mspm0g1x0x_g3x0x/driverlib.a
       dl_timer.o                     872     12        0      
       dl_sysctl_mspm0g1x0x_g3x0x.o   388     0         0      
       dl_uart.o                      90      0         0      
       dl_common.o                    10      0         0      
    +--+------------------------------+-------+---------+---------+
       Total:                         1360    12        0      
                                                               
    C:\ti\ccs2020\ccs\tools\compiler\ti-cgt-armllvm_4.0.3.LTS\lib\armv6m-ti-none-eabi/c/libc.a
       _printfi.c.obj                 4510    34        0      
       aeabi_ctype.S.obj              0       257       0      
       s_scalbn.c.obj                 216     0         0      
       memcpy16.S.obj                 154     0         0      
       vsnprintf.c.obj                136     0         0      
       copy_decompress_lzss.c.obj     124     0         0      
       memset16.S.obj                 98      0         0      
       s_frexp.c.obj                  92      0         0      
       _ltoa.c.obj                    88      0         0      
       atoi.c.obj                     64      0         0      
       autoinit.c.obj                 60      0         0      
       boot_cortex_m.c.obj            40      0         0      
       memccpy.c.obj                  34      0         0      
       copy_zero_init.c.obj           22      0         0      
       copy_decompress_none.c.obj     18      0         0      
       wcslen.c.obj                   16      0         0      
       aeabi_portable.c.obj           8       0         4      
       exit.c.obj                     6       0         0      
       pre_init.c.obj                 4       0         0      
    +--+------------------------------+-------+---------+---------+
       Total:                         5690    291       4      
                                                               
    C:\ti\ccs2020\ccs\tools\compiler\ti-cgt-armllvm_4.0.3.LTS\lib\armv6m-ti-none-eabi/c/libsysbm.a
       hostexit.c.obj                 4       0         0      
    +--+------------------------------+-------+---------+---------+
       Total:                         4       0         0      
                                                               
    C:\ti\ccs2020\ccs\tools\compiler\ti-cgt-armllvm_4.0.3.LTS\lib\armv6m-ti-none-eabi/libclang_rt.builtins.a
       adddf3.S.obj                   418     0         0      
       divdf3.S.obj                   268     0         0      
       muldf3.S.obj                   228     0         0      
       comparedf2.c.obj               220     0         0      
       addsf3.S.obj                   216     0         0      
       udivmoddi4.S.obj               162     0         0      
       mulsf3.S.obj                   140     0         0      
       divsf3.S.obj                   130     0         0      
       comparesf2.S.obj               118     0         0      
       truncdfsf2.S.obj               116     0         0      
       aeabi_dcmp.S.obj               98      0         0      
       aeabi_fcmp.S.obj               98      0         0      
       aeabi_idivmod.S.obj            86      0         0      
       fixdfsi.S.obj                  74      0         0      
       aeabi_uidivmod.S.obj           64      0         0      
       extendsfdf2.S.obj              64      0         0      
       floatsisf.S.obj                60      0         0      
       muldsi3.S.obj                  58      0         0      
       fixsfsi.S.obj                  56      0         0      
       floatsidf.S.obj                44      0         0      
       muldi3.S.obj                   36      0         0      
       ashldi3.S.obj                  30      0         0      
       aeabi_memset.S.obj             26      0         0      
       aeabi_uldivmod.S.obj           20      0         0      
       aeabi_memcpy.S.obj             8       0         0      
       aeabi_div0.c.obj               4       0         0      
    +--+------------------------------+-------+---------+---------+
       Total:                         2842    0         0      
                                                               
       Stack:                         0       0         512    
       Linker Generated:              0       43        0      
    +--+------------------------------+-------+---------+---------+
       Grand Total:                   12586   747       1457   


LINKER GENERATED COPY TABLES

__TI_cinit_table @ 0000342c records: 2, size/record: 8, table size: 16
	.bss: load addr=0000341c, load size=00000008 bytes, run addr=20200000, run size=000003ac bytes, compression=zero_init
	.data: load addr=00003424, load size=00000007 bytes, run addr=202003ac, run size=00000005 bytes, compression=lzss


LINKER GENERATED HANDLER TABLE

__TI_handler_table @ 00003410 records: 3, size/record: 4, table size: 12
	index: 0, handler: __TI_decompress_lzss
	index: 1, handler: __TI_decompress_none
	index: 2, handler: __TI_zero_init


FAR CALL TRAMPOLINES

callee name               trampoline name
   callee addr  tramp addr   call addr  call info
--------------  -----------  ---------  ----------------
__aeabi_dsub              $Tramp$TT$L$PI$$__aeabi_dsub
   0000121d     000031bc     000031ba   libc.a : _printfi.c.obj (.text.OUTLINED_FUNCTION_0)

[1 trampolines]
[1 trampoline calls]


GLOBAL SYMBOLS: SORTED ALPHABETICALLY BY Name 

address   name                                 
-------   ----                                 
000013af  ADC0_IRQHandler                      
000013af  ADC1_IRQHandler                      
000013af  AES_IRQHandler                       
00002a5d  AO_Control                           
00002aa5  BO_Control                           
000031ee  C$$EXIT                              
000013af  CANFD0_IRQHandler                    
000013af  DAC0_IRQHandler                      
000031a9  DL_Common_delayCycles                
00001d01  DL_SYSCTL_configSYSPLL               
000025ad  DL_SYSCTL_setHFCLKSourceHFXTParams   
00002b7d  DL_SYSCTL_switchMCLKfromSYSOSCtoHSCLK
0000160d  DL_Timer_initCaptureMode             
00001945  DL_Timer_initFourCCPWMMode           
00001b35  DL_Timer_initTimerMode               
00003085  DL_Timer_setCaptCompUpdateMethod     
000030d9  DL_Timer_setCaptureCompareOutCtl     
0000316d  DL_Timer_setCaptureCompareValue      
000030a1  DL_Timer_setClockConfig              
00002aed  DL_UART_init                         
00003149  DL_UART_setClockConfig               
000013af  DMA_IRQHandler                       
000013af  Default_Handler                      
000013af  GROUP0_IRQHandler                    
000013af  GROUP1_IRQHandler                    
000031ef  HOSTexit                             
000013af  HardFault_Handler                    
000013af  I2C0_IRQHandler                      
000013af  I2C1_IRQHandler                      
000013af  NMI_Handler                          
00001a49  PID_Realize                          
000013af  PendSV_Handler                       
000013af  RTC_IRQHandler                       
000031f3  Reset_Handler                        
000013af  SPI0_IRQHandler                      
000013af  SPI1_IRQHandler                      
000013af  SVC_Handler                          
00002e65  SYSCFG_DL_CLOCK_init                 
00002cc1  SYSCFG_DL_ENCODER1A_init             
00002cfd  SYSCFG_DL_ENCODER2A_init             
000020c9  SYSCFG_DL_GPIO_init                  
00002161  SYSCFG_DL_PWM_0_init                 
00002fcd  SYSCFG_DL_SYSCTL_CLK_init            
00002611  SYSCFG_DL_SYSCTL_init                
0000279d  SYSCFG_DL_UART_0_init                
00002b35  SYSCFG_DL_init                       
000027fd  SYSCFG_DL_initPower                  
000013af  SysTick_Handler                      
000030bd  TB6612_Motor_Stop                    
00002e9d  TIMA0_IRQHandler                     
000013af  TIMA1_IRQHandler                     
00000a91  TIMG0_IRQHandler                     
000013af  TIMG12_IRQHandler                    
00002f0d  TIMG6_IRQHandler                     
000013af  TIMG7_IRQHandler                     
000013af  TIMG8_IRQHandler                     
000013af  UART0_IRQHandler                     
000013af  UART1_IRQHandler                     
000013af  UART2_IRQHandler                     
000013af  UART3_IRQHandler                     
20208000  __STACK_END                          
00000200  __STACK_SIZE                         
00000000  __TI_ATRegion0_region_sz             
00000000  __TI_ATRegion0_src_addr              
00000000  __TI_ATRegion0_trg_addr              
00000000  __TI_ATRegion1_region_sz             
00000000  __TI_ATRegion1_src_addr              
00000000  __TI_ATRegion1_trg_addr              
00000000  __TI_ATRegion2_region_sz             
00000000  __TI_ATRegion2_src_addr              
00000000  __TI_ATRegion2_trg_addr              
0000342c  __TI_CINIT_Base                      
0000343c  __TI_CINIT_Limit                     
0000343c  __TI_CINIT_Warm                      
00003410  __TI_Handler_Table_Base              
0000341c  __TI_Handler_Table_Limit             
00002db1  __TI_auto_init_nobinit_nopinit       
00002305  __TI_decompress_lzss                 
0000315b  __TI_decompress_none                 
000028b9  __TI_ltoa                            
ffffffff  __TI_pprof_out_hndl                  
000000c1  __TI_printfi                         
ffffffff  __TI_prof_data_size                  
ffffffff  __TI_prof_data_start                 
00000000  __TI_static_base__                   
00003109  __TI_zero_init_nomemset              
00001227  __adddf3                             
00001ebf  __addsf3                             
00003200  __aeabi_ctype_table_                 
00003200  __aeabi_ctype_table_C                
00002401  __aeabi_d2f                          
00002a11  __aeabi_d2iz                         
00001227  __aeabi_dadd                         
00002675  __aeabi_dcmpeq                       
000026b1  __aeabi_dcmpge                       
000026c5  __aeabi_dcmpgt                       
0000269d  __aeabi_dcmple                       
00002689  __aeabi_dcmplt                       
00001839  __aeabi_ddiv                         
00001c1d  __aeabi_dmul                         
0000121d  __aeabi_dsub                         
202003ac  __aeabi_errno                        
000031d9  __aeabi_errno_addr                   
00002c01  __aeabi_f2d                          
00002ed5  __aeabi_f2iz                         
00001ebf  __aeabi_fadd                         
000026d9  __aeabi_fcmpeq                       
00002715  __aeabi_fcmpge                       
00002729  __aeabi_fcmpgt                       
00002701  __aeabi_fcmple                       
000026ed  __aeabi_fcmplt                       
00002281  __aeabi_fdiv                         
000021f5  __aeabi_fmul                         
00001eb5  __aeabi_fsub                         
00002fa1  __aeabi_i2d                          
00002d39  __aeabi_i2f                          
00002969  __aeabi_idiv                         
00002303  __aeabi_idiv0                        
00002969  __aeabi_idivmod                      
000025ab  __aeabi_ldiv0                        
00003065  __aeabi_llsl                         
0000301d  __aeabi_lmul                         
000023f5  __aeabi_memclr                       
000023f5  __aeabi_memclr4                      
000023f5  __aeabi_memclr8                      
000031e1  __aeabi_memcpy                       
000031e1  __aeabi_memcpy4                      
000031e1  __aeabi_memcpy8                      
0000318d  __aeabi_memset                       
0000318d  __aeabi_memset4                      
0000318d  __aeabi_memset8                      
00002bc1  __aeabi_uidiv                        
00002bc1  __aeabi_uidivmod                     
00003121  __aeabi_uldivmod                     
00003065  __ashldi3                            
ffffffff  __binit__                            
00002475  __cmpdf2                             
00002ded  __cmpsf2                             
00001839  __divdf3                             
00002281  __divsf3                             
00002475  __eqdf2                              
00002ded  __eqsf2                              
00002c01  __extendsfdf2                        
00002a11  __fixdfsi                            
00002ed5  __fixsfsi                            
00002fa1  __floatsidf                          
00002d39  __floatsisf                          
00002381  __gedf2                              
00002d75  __gesf2                              
00002381  __gtdf2                              
00002d75  __gtsf2                              
00002475  __ledf2                              
00002ded  __lesf2                              
00002475  __ltdf2                              
00002ded  __ltsf2                              
UNDEFED   __mpu_init                           
00001c1d  __muldf3                             
0000301d  __muldi3                             
00002e29  __muldsi3                            
000021f5  __mulsf3                             
00002475  __nedf2                              
00002ded  __nesf2                              
20207e00  __stack                              
20200000  __start___llvm_prf_bits              
20200000  __start___llvm_prf_cnts              
20200000  __stop___llvm_prf_bits               
20200000  __stop___llvm_prf_cnts               
0000121d  __subdf3                             
00001eb5  __subsf3                             
00002401  __truncdfsf2                         
00001f8d  __udivmoddi4                         
00002ff5  _c_int00_noargs                      
UNDEFED   _system_post_cinit                   
000031f7  _system_pre_init                     
000031e9  abort                                
00002c41  atoi                                 
ffffffff  binit                                
202003a8  direction_l                          
202003a9  direction_l_last                     
202003aa  direction_r                          
202003ab  direction_r_last                     
0000285d  frexp                                
0000285d  frexpl                               
20200188  gENCODER1ABackup                     
20200300  gENCODER2ABackup                     
20200244  gPWM_0Backup                         
00000000  interruptVectors                     
000024dd  lc_printf                            
00001ddd  ldexp                                
00001ddd  ldexpl                               
00001729  main                                 
00003041  memccpy                              
0000202f  memcpy                               
0000273b  memset                               
20200000  motor_l                              
202000c4  motor_r                              
202003a0  route_l                              
202003a4  route_r                              
00001ddd  scalbn                               
00001ddd  scalbnl                              
00002c81  vsnprintf                            
0000317d  wcslen                               


GLOBAL SYMBOLS: SORTED BY Symbol Address 

address   name                                 
-------   ----                                 
00000000  __TI_ATRegion0_region_sz             
00000000  __TI_ATRegion0_src_addr              
00000000  __TI_ATRegion0_trg_addr              
00000000  __TI_ATRegion1_region_sz             
00000000  __TI_ATRegion1_src_addr              
00000000  __TI_ATRegion1_trg_addr              
00000000  __TI_ATRegion2_region_sz             
00000000  __TI_ATRegion2_src_addr              
00000000  __TI_ATRegion2_trg_addr              
00000000  __TI_static_base__                   
00000000  interruptVectors                     
000000c1  __TI_printfi                         
00000200  __STACK_SIZE                         
00000a91  TIMG0_IRQHandler                     
0000121d  __aeabi_dsub                         
0000121d  __subdf3                             
00001227  __adddf3                             
00001227  __aeabi_dadd                         
000013af  ADC0_IRQHandler                      
000013af  ADC1_IRQHandler                      
000013af  AES_IRQHandler                       
000013af  CANFD0_IRQHandler                    
000013af  DAC0_IRQHandler                      
000013af  DMA_IRQHandler                       
000013af  Default_Handler                      
000013af  GROUP0_IRQHandler                    
000013af  GROUP1_IRQHandler                    
000013af  HardFault_Handler                    
000013af  I2C0_IRQHandler                      
000013af  I2C1_IRQHandler                      
000013af  NMI_Handler                          
000013af  PendSV_Handler                       
000013af  RTC_IRQHandler                       
000013af  SPI0_IRQHandler                      
000013af  SPI1_IRQHandler                      
000013af  SVC_Handler                          
000013af  SysTick_Handler                      
000013af  TIMA1_IRQHandler                     
000013af  TIMG12_IRQHandler                    
000013af  TIMG7_IRQHandler                     
000013af  TIMG8_IRQHandler                     
000013af  UART0_IRQHandler                     
000013af  UART1_IRQHandler                     
000013af  UART2_IRQHandler                     
000013af  UART3_IRQHandler                     
0000160d  DL_Timer_initCaptureMode             
00001729  main                                 
00001839  __aeabi_ddiv                         
00001839  __divdf3                             
00001945  DL_Timer_initFourCCPWMMode           
00001a49  PID_Realize                          
00001b35  DL_Timer_initTimerMode               
00001c1d  __aeabi_dmul                         
00001c1d  __muldf3                             
00001d01  DL_SYSCTL_configSYSPLL               
00001ddd  ldexp                                
00001ddd  ldexpl                               
00001ddd  scalbn                               
00001ddd  scalbnl                              
00001eb5  __aeabi_fsub                         
00001eb5  __subsf3                             
00001ebf  __addsf3                             
00001ebf  __aeabi_fadd                         
00001f8d  __udivmoddi4                         
0000202f  memcpy                               
000020c9  SYSCFG_DL_GPIO_init                  
00002161  SYSCFG_DL_PWM_0_init                 
000021f5  __aeabi_fmul                         
000021f5  __mulsf3                             
00002281  __aeabi_fdiv                         
00002281  __divsf3                             
00002303  __aeabi_idiv0                        
00002305  __TI_decompress_lzss                 
00002381  __gedf2                              
00002381  __gtdf2                              
000023f5  __aeabi_memclr                       
000023f5  __aeabi_memclr4                      
000023f5  __aeabi_memclr8                      
00002401  __aeabi_d2f                          
00002401  __truncdfsf2                         
00002475  __cmpdf2                             
00002475  __eqdf2                              
00002475  __ledf2                              
00002475  __ltdf2                              
00002475  __nedf2                              
000024dd  lc_printf                            
000025ab  __aeabi_ldiv0                        
000025ad  DL_SYSCTL_setHFCLKSourceHFXTParams   
00002611  SYSCFG_DL_SYSCTL_init                
00002675  __aeabi_dcmpeq                       
00002689  __aeabi_dcmplt                       
0000269d  __aeabi_dcmple                       
000026b1  __aeabi_dcmpge                       
000026c5  __aeabi_dcmpgt                       
000026d9  __aeabi_fcmpeq                       
000026ed  __aeabi_fcmplt                       
00002701  __aeabi_fcmple                       
00002715  __aeabi_fcmpge                       
00002729  __aeabi_fcmpgt                       
0000273b  memset                               
0000279d  SYSCFG_DL_UART_0_init                
000027fd  SYSCFG_DL_initPower                  
0000285d  frexp                                
0000285d  frexpl                               
000028b9  __TI_ltoa                            
00002969  __aeabi_idiv                         
00002969  __aeabi_idivmod                      
00002a11  __aeabi_d2iz                         
00002a11  __fixdfsi                            
00002a5d  AO_Control                           
00002aa5  BO_Control                           
00002aed  DL_UART_init                         
00002b35  SYSCFG_DL_init                       
00002b7d  DL_SYSCTL_switchMCLKfromSYSOSCtoHSCLK
00002bc1  __aeabi_uidiv                        
00002bc1  __aeabi_uidivmod                     
00002c01  __aeabi_f2d                          
00002c01  __extendsfdf2                        
00002c41  atoi                                 
00002c81  vsnprintf                            
00002cc1  SYSCFG_DL_ENCODER1A_init             
00002cfd  SYSCFG_DL_ENCODER2A_init             
00002d39  __aeabi_i2f                          
00002d39  __floatsisf                          
00002d75  __gesf2                              
00002d75  __gtsf2                              
00002db1  __TI_auto_init_nobinit_nopinit       
00002ded  __cmpsf2                             
00002ded  __eqsf2                              
00002ded  __lesf2                              
00002ded  __ltsf2                              
00002ded  __nesf2                              
00002e29  __muldsi3                            
00002e65  SYSCFG_DL_CLOCK_init                 
00002e9d  TIMA0_IRQHandler                     
00002ed5  __aeabi_f2iz                         
00002ed5  __fixsfsi                            
00002f0d  TIMG6_IRQHandler                     
00002fa1  __aeabi_i2d                          
00002fa1  __floatsidf                          
00002fcd  SYSCFG_DL_SYSCTL_CLK_init            
00002ff5  _c_int00_noargs                      
0000301d  __aeabi_lmul                         
0000301d  __muldi3                             
00003041  memccpy                              
00003065  __aeabi_llsl                         
00003065  __ashldi3                            
00003085  DL_Timer_setCaptCompUpdateMethod     
000030a1  DL_Timer_setClockConfig              
000030bd  TB6612_Motor_Stop                    
000030d9  DL_Timer_setCaptureCompareOutCtl     
00003109  __TI_zero_init_nomemset              
00003121  __aeabi_uldivmod                     
00003149  DL_UART_setClockConfig               
0000315b  __TI_decompress_none                 
0000316d  DL_Timer_setCaptureCompareValue      
0000317d  wcslen                               
0000318d  __aeabi_memset                       
0000318d  __aeabi_memset4                      
0000318d  __aeabi_memset8                      
000031a9  DL_Common_delayCycles                
000031d9  __aeabi_errno_addr                   
000031e1  __aeabi_memcpy                       
000031e1  __aeabi_memcpy4                      
000031e1  __aeabi_memcpy8                      
000031e9  abort                                
000031ee  C$$EXIT                              
000031ef  HOSTexit                             
000031f3  Reset_Handler                        
000031f7  _system_pre_init                     
00003200  __aeabi_ctype_table_                 
00003200  __aeabi_ctype_table_C                
00003410  __TI_Handler_Table_Base              
0000341c  __TI_Handler_Table_Limit             
0000342c  __TI_CINIT_Base                      
0000343c  __TI_CINIT_Limit                     
0000343c  __TI_CINIT_Warm                      
20200000  __start___llvm_prf_bits              
20200000  __start___llvm_prf_cnts              
20200000  __stop___llvm_prf_bits               
20200000  __stop___llvm_prf_cnts               
20200000  motor_l                              
202000c4  motor_r                              
20200188  gENCODER1ABackup                     
20200244  gPWM_0Backup                         
20200300  gENCODER2ABackup                     
202003a0  route_l                              
202003a4  route_r                              
202003a8  direction_l                          
202003a9  direction_l_last                     
202003aa  direction_r                          
202003ab  direction_r_last                     
202003ac  __aeabi_errno                        
20207e00  __stack                              
20208000  __STACK_END                          
ffffffff  __TI_pprof_out_hndl                  
ffffffff  __TI_prof_data_size                  
ffffffff  __TI_prof_data_start                 
ffffffff  __binit__                            
ffffffff  binit                                
UNDEFED   __mpu_init                           
UNDEFED   _system_post_cinit                   

[202 symbols]
