<?xml version="1.0" encoding="ISO-8859-1" ?>
<link_info>
   <banner>TI ARM Clang Linker PC v4.0.3.LTS</banner>
   <copyright>Copyright (c) 1996-2018 Texas Instruments Incorporated</copyright>
   <command_line>C:\ti\ccs2020\ccs\tools\compiler\ti-cgt-armllvm_4.0.3.LTS\bin\tiarmlnk -IC:\ti\ccs2020\ccs\tools\compiler\ti-cgt-armllvm_4.0.3.LTS\lib -o car.out -mcar.map -iC:/ti/mspm0_sdk_2_05_01_00/source -iC:/Code/M0G3507/car -iC:/Code/M0G3507/car/Debug/syscfg -iC:/ti/ccs2020/ccs/tools/compiler/ti-cgt-armllvm_4.0.3.LTS/lib --diag_wrap=off --display_error_number --warn_sections --xml_link_info=car_linkInfo.xml --rom_model ./empty.o ./ti_msp_dl_config.o ./startup_mspm0g350x_ticlang.o ./BSP/src/bsp_tb6612.o ./Board/board.o -l./device_linker.cmd -ldevice.cmd.genlibs -llibc.a --start-group -llibc++.a -llibc++abi.a -llibc.a -llibsys.a -llibsysbm.a -llibclang_rt.builtins.a -llibclang_rt.profile.a --end-group --cg_opt_level=2</command_line>
   <link_time>0x6888a9d4</link_time>
   <link_errors>0x0</link_errors>
   <output_file>C:\Code\M0G3507\car\Debug\car.out</output_file>
   <entry_point>
      <name>_c_int00_noargs</name>
      <address>0x2fc5</address>
   </entry_point>
   <input_file_list>
      <input_file id="fl-1">
         <path>C:\Code\M0G3507\car\Debug\.\</path>
         <kind>object</kind>
         <file>empty.o</file>
         <name>empty.o</name>
      </input_file>
      <input_file id="fl-2">
         <path>C:\Code\M0G3507\car\Debug\.\</path>
         <kind>object</kind>
         <file>ti_msp_dl_config.o</file>
         <name>ti_msp_dl_config.o</name>
      </input_file>
      <input_file id="fl-3">
         <path>C:\Code\M0G3507\car\Debug\.\</path>
         <kind>object</kind>
         <file>startup_mspm0g350x_ticlang.o</file>
         <name>startup_mspm0g350x_ticlang.o</name>
      </input_file>
      <input_file id="fl-4">
         <path>C:\Code\M0G3507\car\Debug\.\BSP\src\</path>
         <kind>object</kind>
         <file>bsp_tb6612.o</file>
         <name>bsp_tb6612.o</name>
      </input_file>
      <input_file id="fl-5">
         <path>C:\Code\M0G3507\car\Debug\.\Board\</path>
         <kind>object</kind>
         <file>board.o</file>
         <name>board.o</name>
      </input_file>
      <input_file id="fl-12">
         <path>C:\Code\M0G3507\car\Debug\</path>
         <kind>object</kind>
         <file>&lt;internal&gt;</file>
         <name>&lt;internal&gt;</name>
      </input_file>
      <input_file id="fl-13">
         <path>C:\ti\mspm0_sdk_2_05_01_00\source\ti\driverlib\lib\ticlang\m0p\mspm0g1x0x_g3x0x\</path>
         <kind>archive</kind>
         <file>driverlib.a</file>
         <name>dl_common.o</name>
      </input_file>
      <input_file id="fl-14">
         <path>C:\ti\mspm0_sdk_2_05_01_00\source\ti\driverlib\lib\ticlang\m0p\mspm0g1x0x_g3x0x\</path>
         <kind>archive</kind>
         <file>driverlib.a</file>
         <name>dl_timer.o</name>
      </input_file>
      <input_file id="fl-15">
         <path>C:\ti\mspm0_sdk_2_05_01_00\source\ti\driverlib\lib\ticlang\m0p\mspm0g1x0x_g3x0x\</path>
         <kind>archive</kind>
         <file>driverlib.a</file>
         <name>dl_uart.o</name>
      </input_file>
      <input_file id="fl-16">
         <path>C:\ti\mspm0_sdk_2_05_01_00\source\ti\driverlib\lib\ticlang\m0p\mspm0g1x0x_g3x0x\</path>
         <kind>archive</kind>
         <file>driverlib.a</file>
         <name>dl_sysctl_mspm0g1x0x_g3x0x.o</name>
      </input_file>
      <input_file id="fl-2d">
         <path>C:\ti\ccs2020\ccs\tools\compiler\ti-cgt-armllvm_4.0.3.LTS\lib\armv6m-ti-none-eabi\c\</path>
         <kind>archive</kind>
         <file>libc.a</file>
         <name>sprintf.c.obj</name>
      </input_file>
      <input_file id="fl-2e">
         <path>C:\ti\ccs2020\ccs\tools\compiler\ti-cgt-armllvm_4.0.3.LTS\lib\armv6m-ti-none-eabi\c\</path>
         <kind>archive</kind>
         <file>libc.a</file>
         <name>vsnprintf.c.obj</name>
      </input_file>
      <input_file id="fl-2f">
         <path>C:\ti\ccs2020\ccs\tools\compiler\ti-cgt-armllvm_4.0.3.LTS\lib\armv6m-ti-none-eabi\c\</path>
         <kind>archive</kind>
         <file>libc.a</file>
         <name>boot_cortex_m.c.obj</name>
      </input_file>
      <input_file id="fl-30">
         <path>C:\ti\ccs2020\ccs\tools\compiler\ti-cgt-armllvm_4.0.3.LTS\lib\armv6m-ti-none-eabi\c\</path>
         <kind>archive</kind>
         <file>libc.a</file>
         <name>mathacl_init.c.obj</name>
      </input_file>
      <input_file id="fl-31">
         <path>C:\ti\ccs2020\ccs\tools\compiler\ti-cgt-armllvm_4.0.3.LTS\lib\armv6m-ti-none-eabi\c\</path>
         <kind>archive</kind>
         <file>libc.a</file>
         <name>autoinit.c.obj</name>
      </input_file>
      <input_file id="fl-32">
         <path>C:\ti\ccs2020\ccs\tools\compiler\ti-cgt-armllvm_4.0.3.LTS\lib\armv6m-ti-none-eabi\c\</path>
         <kind>archive</kind>
         <file>libc.a</file>
         <name>pre_init.c.obj</name>
      </input_file>
      <input_file id="fl-33">
         <path>C:\ti\ccs2020\ccs\tools\compiler\ti-cgt-armllvm_4.0.3.LTS\lib\armv6m-ti-none-eabi\c\</path>
         <kind>archive</kind>
         <file>libc.a</file>
         <name>cpy_tbl.c.obj</name>
      </input_file>
      <input_file id="fl-34">
         <path>C:\ti\ccs2020\ccs\tools\compiler\ti-cgt-armllvm_4.0.3.LTS\lib\armv6m-ti-none-eabi\c\</path>
         <kind>archive</kind>
         <file>libc.a</file>
         <name>copy_zero_init.c.obj</name>
      </input_file>
      <input_file id="fl-35">
         <path>C:\ti\ccs2020\ccs\tools\compiler\ti-cgt-armllvm_4.0.3.LTS\lib\armv6m-ti-none-eabi\c\</path>
         <kind>archive</kind>
         <file>libc.a</file>
         <name>copy_decompress_none.c.obj</name>
      </input_file>
      <input_file id="fl-36">
         <path>C:\ti\ccs2020\ccs\tools\compiler\ti-cgt-armllvm_4.0.3.LTS\lib\armv6m-ti-none-eabi\c\</path>
         <kind>archive</kind>
         <file>libc.a</file>
         <name>copy_decompress_lzss.c.obj</name>
      </input_file>
      <input_file id="fl-37">
         <path>C:\ti\ccs2020\ccs\tools\compiler\ti-cgt-armllvm_4.0.3.LTS\lib\armv6m-ti-none-eabi\c\</path>
         <kind>archive</kind>
         <file>libc.a</file>
         <name>_printfi.c.obj</name>
      </input_file>
      <input_file id="fl-38">
         <path>C:\ti\ccs2020\ccs\tools\compiler\ti-cgt-armllvm_4.0.3.LTS\lib\armv6m-ti-none-eabi\c\</path>
         <kind>archive</kind>
         <file>libc.a</file>
         <name>s_frexp.c.obj</name>
      </input_file>
      <input_file id="fl-39">
         <path>C:\ti\ccs2020\ccs\tools\compiler\ti-cgt-armllvm_4.0.3.LTS\lib\armv6m-ti-none-eabi\c\</path>
         <kind>archive</kind>
         <file>libc.a</file>
         <name>s_scalbn.c.obj</name>
      </input_file>
      <input_file id="fl-3a">
         <path>C:\ti\ccs2020\ccs\tools\compiler\ti-cgt-armllvm_4.0.3.LTS\lib\armv6m-ti-none-eabi\c\</path>
         <kind>archive</kind>
         <file>libc.a</file>
         <name>wcslen.c.obj</name>
      </input_file>
      <input_file id="fl-3b">
         <path>C:\ti\ccs2020\ccs\tools\compiler\ti-cgt-armllvm_4.0.3.LTS\lib\armv6m-ti-none-eabi\c\</path>
         <kind>archive</kind>
         <file>libc.a</file>
         <name>aeabi_portable.c.obj</name>
      </input_file>
      <input_file id="fl-3c">
         <path>C:\ti\ccs2020\ccs\tools\compiler\ti-cgt-armllvm_4.0.3.LTS\lib\armv6m-ti-none-eabi\c\</path>
         <kind>archive</kind>
         <file>libc.a</file>
         <name>exit.c.obj</name>
      </input_file>
      <input_file id="fl-3d">
         <path>C:\ti\ccs2020\ccs\tools\compiler\ti-cgt-armllvm_4.0.3.LTS\lib\armv6m-ti-none-eabi\c\</path>
         <kind>archive</kind>
         <file>libc.a</file>
         <name>_lock.c.obj</name>
      </input_file>
      <input_file id="fl-3e">
         <path>C:\ti\ccs2020\ccs\tools\compiler\ti-cgt-armllvm_4.0.3.LTS\lib\armv6m-ti-none-eabi\c\</path>
         <kind>archive</kind>
         <file>libc.a</file>
         <name>_ltoa.c.obj</name>
      </input_file>
      <input_file id="fl-3f">
         <path>C:\ti\ccs2020\ccs\tools\compiler\ti-cgt-armllvm_4.0.3.LTS\lib\armv6m-ti-none-eabi\c\</path>
         <kind>archive</kind>
         <file>libc.a</file>
         <name>args_main.c.obj</name>
      </input_file>
      <input_file id="fl-40">
         <path>C:\ti\ccs2020\ccs\tools\compiler\ti-cgt-armllvm_4.0.3.LTS\lib\armv6m-ti-none-eabi\c\</path>
         <kind>archive</kind>
         <file>libc.a</file>
         <name>assert.c.obj</name>
      </input_file>
      <input_file id="fl-41">
         <path>C:\ti\ccs2020\ccs\tools\compiler\ti-cgt-armllvm_4.0.3.LTS\lib\armv6m-ti-none-eabi\c\</path>
         <kind>archive</kind>
         <file>libc.a</file>
         <name>atoi.c.obj</name>
      </input_file>
      <input_file id="fl-42">
         <path>C:\ti\ccs2020\ccs\tools\compiler\ti-cgt-armllvm_4.0.3.LTS\lib\armv6m-ti-none-eabi\c\</path>
         <kind>archive</kind>
         <file>libc.a</file>
         <name>defs.c.obj</name>
      </input_file>
      <input_file id="fl-43">
         <path>C:\ti\ccs2020\ccs\tools\compiler\ti-cgt-armllvm_4.0.3.LTS\lib\armv6m-ti-none-eabi\c\</path>
         <kind>archive</kind>
         <file>libc.a</file>
         <name>memccpy.c.obj</name>
      </input_file>
      <input_file id="fl-44">
         <path>C:\ti\ccs2020\ccs\tools\compiler\ti-cgt-armllvm_4.0.3.LTS\lib\armv6m-ti-none-eabi\c\</path>
         <kind>archive</kind>
         <file>libc.a</file>
         <name>memory.c.obj</name>
      </input_file>
      <input_file id="fl-45">
         <path>C:\ti\ccs2020\ccs\tools\compiler\ti-cgt-armllvm_4.0.3.LTS\lib\armv6m-ti-none-eabi\c\</path>
         <kind>archive</kind>
         <file>libc.a</file>
         <name>fflush.c.obj</name>
      </input_file>
      <input_file id="fl-46">
         <path>C:\ti\ccs2020\ccs\tools\compiler\ti-cgt-armllvm_4.0.3.LTS\lib\armv6m-ti-none-eabi\c\</path>
         <kind>archive</kind>
         <file>libc.a</file>
         <name>fputs.c.obj</name>
      </input_file>
      <input_file id="fl-47">
         <path>C:\ti\ccs2020\ccs\tools\compiler\ti-cgt-armllvm_4.0.3.LTS\lib\armv6m-ti-none-eabi\c\</path>
         <kind>archive</kind>
         <file>libc.a</file>
         <name>_io_perm.c.obj</name>
      </input_file>
      <input_file id="fl-48">
         <path>C:\ti\ccs2020\ccs\tools\compiler\ti-cgt-armllvm_4.0.3.LTS\lib\armv6m-ti-none-eabi\c\</path>
         <kind>archive</kind>
         <file>libc.a</file>
         <name>setvbuf.c.obj</name>
      </input_file>
      <input_file id="fl-49">
         <path>C:\ti\ccs2020\ccs\tools\compiler\ti-cgt-armllvm_4.0.3.LTS\lib\armv6m-ti-none-eabi\c\</path>
         <kind>archive</kind>
         <file>libc.a</file>
         <name>aeabi_ctype.S.obj</name>
      </input_file>
      <input_file id="fl-4a">
         <path>C:\ti\ccs2020\ccs\tools\compiler\ti-cgt-armllvm_4.0.3.LTS\lib\armv6m-ti-none-eabi\c\</path>
         <kind>archive</kind>
         <file>libc.a</file>
         <name>fopen.c.obj</name>
      </input_file>
      <input_file id="fl-4b">
         <path>C:\ti\ccs2020\ccs\tools\compiler\ti-cgt-armllvm_4.0.3.LTS\lib\armv6m-ti-none-eabi\c\</path>
         <kind>archive</kind>
         <file>libc.a</file>
         <name>fseek.c.obj</name>
      </input_file>
      <input_file id="fl-4c">
         <path>C:\ti\ccs2020\ccs\tools\compiler\ti-cgt-armllvm_4.0.3.LTS\lib\armv6m-ti-none-eabi\c\</path>
         <kind>archive</kind>
         <file>libc.a</file>
         <name>fclose.c.obj</name>
      </input_file>
      <input_file id="fl-ec">
         <path>C:\ti\ccs2020\ccs\tools\compiler\ti-cgt-armllvm_4.0.3.LTS\lib\armv6m-ti-none-eabi\c\</path>
         <kind>archive</kind>
         <file>libsysbm.a</file>
         <name>hostexit.c.obj</name>
      </input_file>
      <input_file id="fl-ed">
         <path>C:\ti\ccs2020\ccs\tools\compiler\ti-cgt-armllvm_4.0.3.LTS\lib\armv6m-ti-none-eabi\c\</path>
         <kind>archive</kind>
         <file>libsysbm.a</file>
         <name>write.c.obj</name>
      </input_file>
      <input_file id="fl-ee">
         <path>C:\ti\ccs2020\ccs\tools\compiler\ti-cgt-armllvm_4.0.3.LTS\lib\armv6m-ti-none-eabi\c\</path>
         <kind>archive</kind>
         <file>libsysbm.a</file>
         <name>host_device.c.obj</name>
      </input_file>
      <input_file id="fl-ef">
         <path>C:\ti\ccs2020\ccs\tools\compiler\ti-cgt-armllvm_4.0.3.LTS\lib\armv6m-ti-none-eabi\c\</path>
         <kind>archive</kind>
         <file>libsysbm.a</file>
         <name>remove.c.obj</name>
      </input_file>
      <input_file id="fl-f0">
         <path>C:\ti\ccs2020\ccs\tools\compiler\ti-cgt-armllvm_4.0.3.LTS\lib\armv6m-ti-none-eabi\c\</path>
         <kind>archive</kind>
         <file>libsysbm.a</file>
         <name>open.c.obj</name>
      </input_file>
      <input_file id="fl-f1">
         <path>C:\ti\ccs2020\ccs\tools\compiler\ti-cgt-armllvm_4.0.3.LTS\lib\armv6m-ti-none-eabi\c\</path>
         <kind>archive</kind>
         <file>libsysbm.a</file>
         <name>lseek.c.obj</name>
      </input_file>
      <input_file id="fl-f2">
         <path>C:\ti\ccs2020\ccs\tools\compiler\ti-cgt-armllvm_4.0.3.LTS\lib\armv6m-ti-none-eabi\c\</path>
         <kind>archive</kind>
         <file>libsysbm.a</file>
         <name>close.c.obj</name>
      </input_file>
      <input_file id="fl-f3">
         <path>C:\ti\ccs2020\ccs\tools\compiler\ti-cgt-armllvm_4.0.3.LTS\lib\armv6m-ti-none-eabi\c\</path>
         <kind>archive</kind>
         <file>libsysbm.a</file>
         <name>unlink.c.obj</name>
      </input_file>
      <input_file id="fl-f4">
         <path>C:\ti\ccs2020\ccs\tools\compiler\ti-cgt-armllvm_4.0.3.LTS\lib\armv6m-ti-none-eabi\c\</path>
         <kind>archive</kind>
         <file>libsysbm.a</file>
         <name>hostclose.c.obj</name>
      </input_file>
      <input_file id="fl-f5">
         <path>C:\ti\ccs2020\ccs\tools\compiler\ti-cgt-armllvm_4.0.3.LTS\lib\armv6m-ti-none-eabi\c\</path>
         <kind>archive</kind>
         <file>libsysbm.a</file>
         <name>hostlseek.c.obj</name>
      </input_file>
      <input_file id="fl-f6">
         <path>C:\ti\ccs2020\ccs\tools\compiler\ti-cgt-armllvm_4.0.3.LTS\lib\armv6m-ti-none-eabi\c\</path>
         <kind>archive</kind>
         <file>libsysbm.a</file>
         <name>hostopen.c.obj</name>
      </input_file>
      <input_file id="fl-f7">
         <path>C:\ti\ccs2020\ccs\tools\compiler\ti-cgt-armllvm_4.0.3.LTS\lib\armv6m-ti-none-eabi\c\</path>
         <kind>archive</kind>
         <file>libsysbm.a</file>
         <name>hostread.c.obj</name>
      </input_file>
      <input_file id="fl-f8">
         <path>C:\ti\ccs2020\ccs\tools\compiler\ti-cgt-armllvm_4.0.3.LTS\lib\armv6m-ti-none-eabi\c\</path>
         <kind>archive</kind>
         <file>libsysbm.a</file>
         <name>hostrename.c.obj</name>
      </input_file>
      <input_file id="fl-f9">
         <path>C:\ti\ccs2020\ccs\tools\compiler\ti-cgt-armllvm_4.0.3.LTS\lib\armv6m-ti-none-eabi\c\</path>
         <kind>archive</kind>
         <file>libsysbm.a</file>
         <name>hostunlink.c.obj</name>
      </input_file>
      <input_file id="fl-fa">
         <path>C:\ti\ccs2020\ccs\tools\compiler\ti-cgt-armllvm_4.0.3.LTS\lib\armv6m-ti-none-eabi\c\</path>
         <kind>archive</kind>
         <file>libsysbm.a</file>
         <name>hostwrite.c.obj</name>
      </input_file>
      <input_file id="fl-fb">
         <path>C:\ti\ccs2020\ccs\tools\compiler\ti-cgt-armllvm_4.0.3.LTS\lib\armv6m-ti-none-eabi\c\</path>
         <kind>archive</kind>
         <file>libsysbm.a</file>
         <name>trgmsg.c.obj</name>
      </input_file>
      <input_file id="fl-fc">
         <path>C:\ti\ccs2020\ccs\tools\compiler\ti-cgt-armllvm_4.0.3.LTS\lib\armv6m-ti-none-eabi\</path>
         <kind>archive</kind>
         <file>libclang_rt.builtins.a</file>
         <name>addsf3.S.obj</name>
      </input_file>
      <input_file id="fl-fd">
         <path>C:\ti\ccs2020\ccs\tools\compiler\ti-cgt-armllvm_4.0.3.LTS\lib\armv6m-ti-none-eabi\</path>
         <kind>archive</kind>
         <file>libclang_rt.builtins.a</file>
         <name>adddf3.S.obj</name>
      </input_file>
      <input_file id="fl-fe">
         <path>C:\ti\ccs2020\ccs\tools\compiler\ti-cgt-armllvm_4.0.3.LTS\lib\armv6m-ti-none-eabi\</path>
         <kind>archive</kind>
         <file>libclang_rt.builtins.a</file>
         <name>muldf3.S.obj</name>
      </input_file>
      <input_file id="fl-ff">
         <path>C:\ti\ccs2020\ccs\tools\compiler\ti-cgt-armllvm_4.0.3.LTS\lib\armv6m-ti-none-eabi\</path>
         <kind>archive</kind>
         <file>libclang_rt.builtins.a</file>
         <name>muldsi3.S.obj</name>
      </input_file>
      <input_file id="fl-100">
         <path>C:\ti\ccs2020\ccs\tools\compiler\ti-cgt-armllvm_4.0.3.LTS\lib\armv6m-ti-none-eabi\</path>
         <kind>archive</kind>
         <file>libclang_rt.builtins.a</file>
         <name>mulsf3.S.obj</name>
      </input_file>
      <input_file id="fl-101">
         <path>C:\ti\ccs2020\ccs\tools\compiler\ti-cgt-armllvm_4.0.3.LTS\lib\armv6m-ti-none-eabi\</path>
         <kind>archive</kind>
         <file>libclang_rt.builtins.a</file>
         <name>divsf3.S.obj</name>
      </input_file>
      <input_file id="fl-102">
         <path>C:\ti\ccs2020\ccs\tools\compiler\ti-cgt-armllvm_4.0.3.LTS\lib\armv6m-ti-none-eabi\</path>
         <kind>archive</kind>
         <file>libclang_rt.builtins.a</file>
         <name>divdf3.S.obj</name>
      </input_file>
      <input_file id="fl-103">
         <path>C:\ti\ccs2020\ccs\tools\compiler\ti-cgt-armllvm_4.0.3.LTS\lib\armv6m-ti-none-eabi\</path>
         <kind>archive</kind>
         <file>libclang_rt.builtins.a</file>
         <name>extendsfdf2.S.obj</name>
      </input_file>
      <input_file id="fl-104">
         <path>C:\ti\ccs2020\ccs\tools\compiler\ti-cgt-armllvm_4.0.3.LTS\lib\armv6m-ti-none-eabi\</path>
         <kind>archive</kind>
         <file>libclang_rt.builtins.a</file>
         <name>fixdfsi.S.obj</name>
      </input_file>
      <input_file id="fl-105">
         <path>C:\ti\ccs2020\ccs\tools\compiler\ti-cgt-armllvm_4.0.3.LTS\lib\armv6m-ti-none-eabi\</path>
         <kind>archive</kind>
         <file>libclang_rt.builtins.a</file>
         <name>fixsfsi.S.obj</name>
      </input_file>
      <input_file id="fl-106">
         <path>C:\ti\ccs2020\ccs\tools\compiler\ti-cgt-armllvm_4.0.3.LTS\lib\armv6m-ti-none-eabi\</path>
         <kind>archive</kind>
         <file>libclang_rt.builtins.a</file>
         <name>floatsidf.S.obj</name>
      </input_file>
      <input_file id="fl-107">
         <path>C:\ti\ccs2020\ccs\tools\compiler\ti-cgt-armllvm_4.0.3.LTS\lib\armv6m-ti-none-eabi\</path>
         <kind>archive</kind>
         <file>libclang_rt.builtins.a</file>
         <name>floatsisf.S.obj</name>
      </input_file>
      <input_file id="fl-108">
         <path>C:\ti\ccs2020\ccs\tools\compiler\ti-cgt-armllvm_4.0.3.LTS\lib\armv6m-ti-none-eabi\</path>
         <kind>archive</kind>
         <file>libclang_rt.builtins.a</file>
         <name>muldi3.S.obj</name>
      </input_file>
      <input_file id="fl-109">
         <path>C:\ti\ccs2020\ccs\tools\compiler\ti-cgt-armllvm_4.0.3.LTS\lib\armv6m-ti-none-eabi\</path>
         <kind>archive</kind>
         <file>libclang_rt.builtins.a</file>
         <name>truncdfsf2.S.obj</name>
      </input_file>
      <input_file id="fl-10a">
         <path>C:\ti\ccs2020\ccs\tools\compiler\ti-cgt-armllvm_4.0.3.LTS\lib\armv6m-ti-none-eabi\</path>
         <kind>archive</kind>
         <file>libclang_rt.builtins.a</file>
         <name>aeabi_dcmp.S.obj</name>
      </input_file>
      <input_file id="fl-10b">
         <path>C:\ti\ccs2020\ccs\tools\compiler\ti-cgt-armllvm_4.0.3.LTS\lib\armv6m-ti-none-eabi\</path>
         <kind>archive</kind>
         <file>libclang_rt.builtins.a</file>
         <name>aeabi_fcmp.S.obj</name>
      </input_file>
      <input_file id="fl-10c">
         <path>C:\ti\ccs2020\ccs\tools\compiler\ti-cgt-armllvm_4.0.3.LTS\lib\armv6m-ti-none-eabi\</path>
         <kind>archive</kind>
         <file>libclang_rt.builtins.a</file>
         <name>aeabi_idivmod.S.obj</name>
      </input_file>
      <input_file id="fl-10d">
         <path>C:\ti\ccs2020\ccs\tools\compiler\ti-cgt-armllvm_4.0.3.LTS\lib\armv6m-ti-none-eabi\</path>
         <kind>archive</kind>
         <file>libclang_rt.builtins.a</file>
         <name>aeabi_memcpy.S.obj</name>
      </input_file>
      <input_file id="fl-10e">
         <path>C:\ti\ccs2020\ccs\tools\compiler\ti-cgt-armllvm_4.0.3.LTS\lib\armv6m-ti-none-eabi\</path>
         <kind>archive</kind>
         <file>libclang_rt.builtins.a</file>
         <name>aeabi_memset.S.obj</name>
      </input_file>
      <input_file id="fl-10f">
         <path>C:\ti\ccs2020\ccs\tools\compiler\ti-cgt-armllvm_4.0.3.LTS\lib\armv6m-ti-none-eabi\</path>
         <kind>archive</kind>
         <file>libclang_rt.builtins.a</file>
         <name>aeabi_uidivmod.S.obj</name>
      </input_file>
      <input_file id="fl-110">
         <path>C:\ti\ccs2020\ccs\tools\compiler\ti-cgt-armllvm_4.0.3.LTS\lib\armv6m-ti-none-eabi\</path>
         <kind>archive</kind>
         <file>libclang_rt.builtins.a</file>
         <name>aeabi_uldivmod.S.obj</name>
      </input_file>
      <input_file id="fl-111">
         <path>C:\ti\ccs2020\ccs\tools\compiler\ti-cgt-armllvm_4.0.3.LTS\lib\armv6m-ti-none-eabi\</path>
         <kind>archive</kind>
         <file>libclang_rt.builtins.a</file>
         <name>comparesf2.S.obj</name>
      </input_file>
      <input_file id="fl-112">
         <path>C:\ti\ccs2020\ccs\tools\compiler\ti-cgt-armllvm_4.0.3.LTS\lib\armv6m-ti-none-eabi\</path>
         <kind>archive</kind>
         <file>libclang_rt.builtins.a</file>
         <name>udivmoddi4.S.obj</name>
      </input_file>
      <input_file id="fl-113">
         <path>C:\ti\ccs2020\ccs\tools\compiler\ti-cgt-armllvm_4.0.3.LTS\lib\armv6m-ti-none-eabi\</path>
         <kind>archive</kind>
         <file>libclang_rt.builtins.a</file>
         <name>ashldi3.S.obj</name>
      </input_file>
      <input_file id="fl-114">
         <path>C:\ti\ccs2020\ccs\tools\compiler\ti-cgt-armllvm_4.0.3.LTS\lib\armv6m-ti-none-eabi\</path>
         <kind>archive</kind>
         <file>libclang_rt.builtins.a</file>
         <name>comparedf2.c.obj</name>
      </input_file>
      <input_file id="fl-115">
         <path>C:\ti\ccs2020\ccs\tools\compiler\ti-cgt-armllvm_4.0.3.LTS\lib\armv6m-ti-none-eabi\</path>
         <kind>archive</kind>
         <file>libclang_rt.builtins.a</file>
         <name>aeabi_div0.c.obj</name>
      </input_file>
      <input_file id="fl-116">
         <path>C:\ti\ccs2020\ccs\tools\compiler\ti-cgt-armllvm_4.0.3.LTS\lib\armv6m-ti-none-eabi\c\</path>
         <kind>archive</kind>
         <file>libc.a</file>
         <name>getdevice.c.obj</name>
      </input_file>
      <input_file id="fl-117">
         <path>C:\ti\ccs2020\ccs\tools\compiler\ti-cgt-armllvm_4.0.3.LTS\lib\armv6m-ti-none-eabi\c\</path>
         <kind>archive</kind>
         <file>libc.a</file>
         <name>memcpy16.S.obj</name>
      </input_file>
      <input_file id="fl-118">
         <path>C:\ti\ccs2020\ccs\tools\compiler\ti-cgt-armllvm_4.0.3.LTS\lib\armv6m-ti-none-eabi\c\</path>
         <kind>archive</kind>
         <file>libc.a</file>
         <name>memset16.S.obj</name>
      </input_file>
      <input_file id="fl-119">
         <path>C:\ti\ccs2020\ccs\tools\compiler\ti-cgt-armllvm_4.0.3.LTS\lib\armv6m-ti-none-eabi\c\</path>
         <kind>archive</kind>
         <file>libc.a</file>
         <name>strcmp-armv6m.S.obj</name>
      </input_file>
   </input_file_list>
   <object_component_list>
      <object_component id="oc-18">
         <name>.intvecs</name>
         <load_address>0x0</load_address>
         <readonly>true</readonly>
         <run_address>0x0</run_address>
         <size>0xc0</size>
         <alignment>0x4</alignment>
         <input_file_ref idref="fl-3"/>
      </object_component>
      <object_component id="oc-13c">
         <name>.text:__TI_printfi</name>
         <load_address>0xc0</load_address>
         <readonly>true</readonly>
         <executable>true</executable>
         <run_address>0xc0</run_address>
         <size>0x9d0</size>
         <alignment>0x4</alignment>
         <input_file_ref idref="fl-37"/>
      </object_component>
      <object_component id="oc-34">
         <name>.text.TIMG0_IRQHandler</name>
         <load_address>0xa90</load_address>
         <readonly>true</readonly>
         <executable>true</executable>
         <run_address>0xa90</run_address>
         <size>0x374</size>
         <alignment>0x4</alignment>
         <input_file_ref idref="fl-1"/>
      </object_component>
      <object_component id="oc-190">
         <name>.text._pconv_a</name>
         <load_address>0xe04</load_address>
         <readonly>true</readonly>
         <executable>true</executable>
         <run_address>0xe04</run_address>
         <size>0x220</size>
         <alignment>0x4</alignment>
         <input_file_ref idref="fl-37"/>
      </object_component>
      <object_component id="oc-195">
         <name>.text._pconv_g</name>
         <load_address>0x1024</load_address>
         <readonly>true</readonly>
         <executable>true</executable>
         <run_address>0x1024</run_address>
         <size>0x1dc</size>
         <alignment>0x4</alignment>
         <input_file_ref idref="fl-37"/>
      </object_component>
      <object_component id="oc-76">
         <name>.text.adddf3_subdf3</name>
         <load_address>0x1200</load_address>
         <readonly>true</readonly>
         <executable>true</executable>
         <run_address>0x1200</run_address>
         <size>0x192</size>
         <alignment>0x4</alignment>
         <input_file_ref idref="fl-fd"/>
      </object_component>
      <object_component id="oc-33">
         <name>.text.Default_Handler</name>
         <load_address>0x1392</load_address>
         <readonly>true</readonly>
         <executable>true</executable>
         <run_address>0x1392</run_address>
         <size>0x2</size>
         <alignment>0x2</alignment>
         <input_file_ref idref="fl-3"/>
      </object_component>
      <object_component id="oc-1df">
         <name>.text.fcvt</name>
         <load_address>0x1394</load_address>
         <readonly>true</readonly>
         <executable>true</executable>
         <run_address>0x1394</run_address>
         <size>0x13c</size>
         <alignment>0x4</alignment>
         <input_file_ref idref="fl-37"/>
      </object_component>
      <object_component id="oc-197">
         <name>.text._pconv_e</name>
         <load_address>0x14d0</load_address>
         <readonly>true</readonly>
         <executable>true</executable>
         <run_address>0x14d0</run_address>
         <size>0x120</size>
         <alignment>0x4</alignment>
         <input_file_ref idref="fl-37"/>
      </object_component>
      <object_component id="oc-151">
         <name>.text.DL_Timer_initCaptureMode</name>
         <load_address>0x15f0</load_address>
         <readonly>true</readonly>
         <executable>true</executable>
         <run_address>0x15f0</run_address>
         <size>0x11c</size>
         <alignment>0x4</alignment>
         <input_file_ref idref="fl-14"/>
      </object_component>
      <object_component id="oc-ad">
         <name>.text.main</name>
         <load_address>0x170c</load_address>
         <readonly>true</readonly>
         <executable>true</executable>
         <run_address>0x170c</run_address>
         <size>0x110</size>
         <alignment>0x4</alignment>
         <input_file_ref idref="fl-1"/>
      </object_component>
      <object_component id="oc-1db">
         <name>.text.__divdf3</name>
         <load_address>0x181c</load_address>
         <readonly>true</readonly>
         <executable>true</executable>
         <run_address>0x181c</run_address>
         <size>0x10c</size>
         <alignment>0x4</alignment>
         <input_file_ref idref="fl-102"/>
      </object_component>
      <object_component id="oc-14c">
         <name>.text.DL_Timer_initFourCCPWMMode</name>
         <load_address>0x1928</load_address>
         <readonly>true</readonly>
         <executable>true</executable>
         <run_address>0x1928</run_address>
         <size>0x104</size>
         <alignment>0x4</alignment>
         <input_file_ref idref="fl-14"/>
      </object_component>
      <object_component id="oc-7e">
         <name>.text.PID_Realize</name>
         <load_address>0x1a2c</load_address>
         <readonly>true</readonly>
         <executable>true</executable>
         <run_address>0x1a2c</run_address>
         <size>0xec</size>
         <alignment>0x2</alignment>
         <input_file_ref idref="fl-1"/>
      </object_component>
      <object_component id="oc-156">
         <name>.text.DL_Timer_initTimerMode</name>
         <load_address>0x1b18</load_address>
         <readonly>true</readonly>
         <executable>true</executable>
         <run_address>0x1b18</run_address>
         <size>0xe8</size>
         <alignment>0x4</alignment>
         <input_file_ref idref="fl-14"/>
      </object_component>
      <object_component id="oc-72">
         <name>.text.__muldf3</name>
         <load_address>0x1c00</load_address>
         <readonly>true</readonly>
         <executable>true</executable>
         <run_address>0x1c00</run_address>
         <size>0xe4</size>
         <alignment>0x4</alignment>
         <input_file_ref idref="fl-fe"/>
      </object_component>
      <object_component id="oc-148">
         <name>.text.DL_SYSCTL_configSYSPLL</name>
         <load_address>0x1ce4</load_address>
         <readonly>true</readonly>
         <executable>true</executable>
         <run_address>0x1ce4</run_address>
         <size>0xdc</size>
         <alignment>0x4</alignment>
         <input_file_ref idref="fl-16"/>
      </object_component>
      <object_component id="oc-1be">
         <name>.text.scalbn</name>
         <load_address>0x1dc0</load_address>
         <readonly>true</readonly>
         <executable>true</executable>
         <run_address>0x1dc0</run_address>
         <size>0xd8</size>
         <alignment>0x4</alignment>
         <input_file_ref idref="fl-39"/>
      </object_component>
      <object_component id="oc-6a">
         <name>.text</name>
         <load_address>0x1e98</load_address>
         <readonly>true</readonly>
         <executable>true</executable>
         <run_address>0x1e98</run_address>
         <size>0xd8</size>
         <alignment>0x4</alignment>
         <input_file_ref idref="fl-fc"/>
      </object_component>
      <object_component id="oc-1b5">
         <name>.text</name>
         <load_address>0x1f70</load_address>
         <readonly>true</readonly>
         <executable>true</executable>
         <run_address>0x1f70</run_address>
         <size>0xa2</size>
         <alignment>0x4</alignment>
         <input_file_ref idref="fl-112"/>
      </object_component>
      <object_component id="oc-e2">
         <name>.text:memcpy</name>
         <load_address>0x2012</load_address>
         <readonly>true</readonly>
         <executable>true</executable>
         <run_address>0x2012</run_address>
         <size>0x9a</size>
         <alignment>0x1</alignment>
         <input_file_ref idref="fl-117"/>
      </object_component>
      <object_component id="oc-117">
         <name>.text.SYSCFG_DL_GPIO_init</name>
         <load_address>0x20ac</load_address>
         <readonly>true</readonly>
         <executable>true</executable>
         <run_address>0x20ac</run_address>
         <size>0x98</size>
         <alignment>0x4</alignment>
         <input_file_ref idref="fl-2"/>
      </object_component>
      <object_component id="oc-11a">
         <name>.text.SYSCFG_DL_PWM_0_init</name>
         <load_address>0x2144</load_address>
         <readonly>true</readonly>
         <executable>true</executable>
         <run_address>0x2144</run_address>
         <size>0x94</size>
         <alignment>0x4</alignment>
         <input_file_ref idref="fl-2"/>
      </object_component>
      <object_component id="oc-62">
         <name>.text.__mulsf3</name>
         <load_address>0x21d8</load_address>
         <readonly>true</readonly>
         <executable>true</executable>
         <run_address>0x21d8</run_address>
         <size>0x8c</size>
         <alignment>0x4</alignment>
         <input_file_ref idref="fl-100"/>
      </object_component>
      <object_component id="oc-66">
         <name>.text.__divsf3</name>
         <load_address>0x2264</load_address>
         <readonly>true</readonly>
         <executable>true</executable>
         <run_address>0x2264</run_address>
         <size>0x82</size>
         <alignment>0x4</alignment>
         <input_file_ref idref="fl-101"/>
      </object_component>
      <object_component id="oc-1a3">
         <name>.text.__aeabi_idiv0</name>
         <load_address>0x22e6</load_address>
         <readonly>true</readonly>
         <executable>true</executable>
         <run_address>0x22e6</run_address>
         <size>0x2</size>
         <alignment>0x2</alignment>
         <input_file_ref idref="fl-115"/>
      </object_component>
      <object_component id="oc-1c">
         <name>.text:decompress:lzss</name>
         <load_address>0x22e8</load_address>
         <readonly>true</readonly>
         <executable>true</executable>
         <run_address>0x22e8</run_address>
         <size>0x7c</size>
         <alignment>0x4</alignment>
         <input_file_ref idref="fl-36"/>
      </object_component>
      <object_component id="oc-1d9">
         <name>.text.__gedf2</name>
         <load_address>0x2364</load_address>
         <readonly>true</readonly>
         <executable>true</executable>
         <run_address>0x2364</run_address>
         <size>0x74</size>
         <alignment>0x4</alignment>
         <input_file_ref idref="fl-114"/>
      </object_component>
      <object_component id="oc-182">
         <name>.text.__aeabi_errno_addr</name>
         <load_address>0x23d8</load_address>
         <readonly>true</readonly>
         <executable>true</executable>
         <run_address>0x23d8</run_address>
         <size>0x8</size>
         <alignment>0x4</alignment>
         <input_file_ref idref="fl-3b"/>
      </object_component>
      <object_component id="oc-7a">
         <name>.text.__truncdfsf2</name>
         <load_address>0x23e0</load_address>
         <readonly>true</readonly>
         <executable>true</executable>
         <run_address>0x23e0</run_address>
         <size>0x74</size>
         <alignment>0x10</alignment>
         <input_file_ref idref="fl-109"/>
      </object_component>
      <object_component id="oc-1d3">
         <name>.text.__ledf2</name>
         <load_address>0x2454</load_address>
         <readonly>true</readonly>
         <executable>true</executable>
         <run_address>0x2454</run_address>
         <size>0x68</size>
         <alignment>0x4</alignment>
         <input_file_ref idref="fl-114"/>
      </object_component>
      <object_component id="oc-7f">
         <name>.text.lc_printf</name>
         <load_address>0x24bc</load_address>
         <readonly>true</readonly>
         <executable>true</executable>
         <run_address>0x24bc</run_address>
         <size>0x68</size>
         <alignment>0x4</alignment>
         <input_file_ref idref="fl-5"/>
      </object_component>
      <object_component id="oc-1d2">
         <name>.text._mcpy</name>
         <load_address>0x2524</load_address>
         <readonly>true</readonly>
         <executable>true</executable>
         <run_address>0x2524</run_address>
         <size>0x66</size>
         <alignment>0x2</alignment>
         <input_file_ref idref="fl-37"/>
      </object_component>
      <object_component id="oc-1e4">
         <name>.text.__aeabi_ldiv0</name>
         <load_address>0x258a</load_address>
         <readonly>true</readonly>
         <executable>true</executable>
         <run_address>0x258a</run_address>
         <size>0x2</size>
         <alignment>0x2</alignment>
         <input_file_ref idref="fl-115"/>
      </object_component>
      <object_component id="oc-142">
         <name>.text.DL_SYSCTL_setHFCLKSourceHFXTParams</name>
         <load_address>0x258c</load_address>
         <readonly>true</readonly>
         <executable>true</executable>
         <run_address>0x258c</run_address>
         <size>0x64</size>
         <alignment>0x4</alignment>
         <input_file_ref idref="fl-16"/>
      </object_component>
      <object_component id="oc-118">
         <name>.text.SYSCFG_DL_SYSCTL_init</name>
         <load_address>0x25f0</load_address>
         <readonly>true</readonly>
         <executable>true</executable>
         <run_address>0x25f0</run_address>
         <size>0x64</size>
         <alignment>0x4</alignment>
         <input_file_ref idref="fl-2"/>
      </object_component>
      <object_component id="oc-191">
         <name>.text.__aeabi_dcmp</name>
         <load_address>0x2654</load_address>
         <readonly>true</readonly>
         <executable>true</executable>
         <run_address>0x2654</run_address>
         <size>0x62</size>
         <alignment>0x4</alignment>
         <input_file_ref idref="fl-10a"/>
      </object_component>
      <object_component id="oc-85">
         <name>.text.__aeabi_fcmp</name>
         <load_address>0x26b8</load_address>
         <readonly>true</readonly>
         <executable>true</executable>
         <run_address>0x26b8</run_address>
         <size>0x62</size>
         <alignment>0x4</alignment>
         <input_file_ref idref="fl-10b"/>
      </object_component>
      <object_component id="oc-115">
         <name>.text:memset</name>
         <load_address>0x271a</load_address>
         <readonly>true</readonly>
         <executable>true</executable>
         <run_address>0x271a</run_address>
         <size>0x62</size>
         <alignment>0x1</alignment>
         <input_file_ref idref="fl-118"/>
      </object_component>
      <object_component id="oc-11e">
         <name>.text.SYSCFG_DL_UART_0_init</name>
         <load_address>0x277c</load_address>
         <readonly>true</readonly>
         <executable>true</executable>
         <run_address>0x277c</run_address>
         <size>0x60</size>
         <alignment>0x4</alignment>
         <input_file_ref idref="fl-2"/>
      </object_component>
      <object_component id="oc-116">
         <name>.text.SYSCFG_DL_initPower</name>
         <load_address>0x27dc</load_address>
         <readonly>true</readonly>
         <executable>true</executable>
         <run_address>0x27dc</run_address>
         <size>0x60</size>
         <alignment>0x4</alignment>
         <input_file_ref idref="fl-2"/>
      </object_component>
      <object_component id="oc-1ba">
         <name>.text.frexp</name>
         <load_address>0x283c</load_address>
         <readonly>true</readonly>
         <executable>true</executable>
         <run_address>0x283c</run_address>
         <size>0x5c</size>
         <alignment>0x4</alignment>
         <input_file_ref idref="fl-38"/>
      </object_component>
      <object_component id="oc-1c6">
         <name>.text.__TI_ltoa</name>
         <load_address>0x2898</load_address>
         <readonly>true</readonly>
         <executable>true</executable>
         <run_address>0x2898</run_address>
         <size>0x58</size>
         <alignment>0x2</alignment>
         <input_file_ref idref="fl-3e"/>
      </object_component>
      <object_component id="oc-196">
         <name>.text._pconv_f</name>
         <load_address>0x28f0</load_address>
         <readonly>true</readonly>
         <executable>true</executable>
         <run_address>0x28f0</run_address>
         <size>0x58</size>
         <alignment>0x2</alignment>
         <input_file_ref idref="fl-37"/>
      </object_component>
      <object_component id="oc-1f1">
         <name>.text.__aeabi_idivmod</name>
         <load_address>0x2948</load_address>
         <readonly>true</readonly>
         <executable>true</executable>
         <run_address>0x2948</run_address>
         <size>0x56</size>
         <alignment>0x4</alignment>
         <input_file_ref idref="fl-10c"/>
      </object_component>
      <object_component id="oc-1d0">
         <name>.text._ecpy</name>
         <load_address>0x299e</load_address>
         <readonly>true</readonly>
         <executable>true</executable>
         <run_address>0x299e</run_address>
         <size>0x52</size>
         <alignment>0x2</alignment>
         <input_file_ref idref="fl-37"/>
      </object_component>
      <object_component id="oc-1c2">
         <name>.text.__fixdfsi</name>
         <load_address>0x29f0</load_address>
         <readonly>true</readonly>
         <executable>true</executable>
         <run_address>0x29f0</run_address>
         <size>0x4a</size>
         <alignment>0x4</alignment>
         <input_file_ref idref="fl-104"/>
      </object_component>
      <object_component id="oc-94">
         <name>.text.AO_Control</name>
         <load_address>0x2a3c</load_address>
         <readonly>true</readonly>
         <executable>true</executable>
         <run_address>0x2a3c</run_address>
         <size>0x48</size>
         <alignment>0x4</alignment>
         <input_file_ref idref="fl-4"/>
      </object_component>
      <object_component id="oc-92">
         <name>.text.BO_Control</name>
         <load_address>0x2a84</load_address>
         <readonly>true</readonly>
         <executable>true</executable>
         <run_address>0x2a84</run_address>
         <size>0x48</size>
         <alignment>0x4</alignment>
         <input_file_ref idref="fl-4"/>
      </object_component>
      <object_component id="oc-15f">
         <name>.text.DL_UART_init</name>
         <load_address>0x2acc</load_address>
         <readonly>true</readonly>
         <executable>true</executable>
         <run_address>0x2acc</run_address>
         <size>0x48</size>
         <alignment>0x4</alignment>
         <input_file_ref idref="fl-15"/>
      </object_component>
      <object_component id="oc-e7">
         <name>.text.SYSCFG_DL_init</name>
         <load_address>0x2b14</load_address>
         <readonly>true</readonly>
         <executable>true</executable>
         <run_address>0x2b14</run_address>
         <size>0x48</size>
         <alignment>0x4</alignment>
         <input_file_ref idref="fl-2"/>
      </object_component>
      <object_component id="oc-149">
         <name>.text.DL_SYSCTL_switchMCLKfromSYSOSCtoHSCLK</name>
         <load_address>0x2b5c</load_address>
         <readonly>true</readonly>
         <executable>true</executable>
         <run_address>0x2b5c</run_address>
         <size>0x44</size>
         <alignment>0x4</alignment>
         <input_file_ref idref="fl-16"/>
      </object_component>
      <object_component id="oc-174">
         <name>.text.__aeabi_uidivmod</name>
         <load_address>0x2ba0</load_address>
         <readonly>true</readonly>
         <executable>true</executable>
         <run_address>0x2ba0</run_address>
         <size>0x40</size>
         <alignment>0x4</alignment>
         <input_file_ref idref="fl-10f"/>
      </object_component>
      <object_component id="oc-6e">
         <name>.text.__extendsfdf2</name>
         <load_address>0x2be0</load_address>
         <readonly>true</readonly>
         <executable>true</executable>
         <run_address>0x2be0</run_address>
         <size>0x40</size>
         <alignment>0x4</alignment>
         <input_file_ref idref="fl-103"/>
      </object_component>
      <object_component id="oc-17a">
         <name>.text.atoi</name>
         <load_address>0x2c20</load_address>
         <readonly>true</readonly>
         <executable>true</executable>
         <run_address>0x2c20</run_address>
         <size>0x40</size>
         <alignment>0x4</alignment>
         <input_file_ref idref="fl-41"/>
      </object_component>
      <object_component id="oc-c4">
         <name>.text.vsnprintf</name>
         <load_address>0x2c60</load_address>
         <readonly>true</readonly>
         <executable>true</executable>
         <run_address>0x2c60</run_address>
         <size>0x40</size>
         <alignment>0x4</alignment>
         <input_file_ref idref="fl-2e"/>
      </object_component>
      <object_component id="oc-11b">
         <name>.text.SYSCFG_DL_ENCODER1A_init</name>
         <load_address>0x2ca0</load_address>
         <readonly>true</readonly>
         <executable>true</executable>
         <run_address>0x2ca0</run_address>
         <size>0x3c</size>
         <alignment>0x4</alignment>
         <input_file_ref idref="fl-2"/>
      </object_component>
      <object_component id="oc-11c">
         <name>.text.SYSCFG_DL_ENCODER2A_init</name>
         <load_address>0x2cdc</load_address>
         <readonly>true</readonly>
         <executable>true</executable>
         <run_address>0x2cdc</run_address>
         <size>0x3c</size>
         <alignment>0x4</alignment>
         <input_file_ref idref="fl-2"/>
      </object_component>
      <object_component id="oc-5e">
         <name>.text.__floatsisf</name>
         <load_address>0x2d18</load_address>
         <readonly>true</readonly>
         <executable>true</executable>
         <run_address>0x2d18</run_address>
         <size>0x3c</size>
         <alignment>0x4</alignment>
         <input_file_ref idref="fl-107"/>
      </object_component>
      <object_component id="oc-d1">
         <name>.text.__gtsf2</name>
         <load_address>0x2d54</load_address>
         <readonly>true</readonly>
         <executable>true</executable>
         <run_address>0x2d54</run_address>
         <size>0x3c</size>
         <alignment>0x4</alignment>
         <input_file_ref idref="fl-111"/>
      </object_component>
      <object_component id="oc-f4">
         <name>.text:__TI_auto_init_nobinit_nopinit</name>
         <load_address>0x2d90</load_address>
         <readonly>true</readonly>
         <executable>true</executable>
         <run_address>0x2d90</run_address>
         <size>0x3c</size>
         <alignment>0x4</alignment>
         <input_file_ref idref="fl-31"/>
      </object_component>
      <object_component id="oc-cc">
         <name>.text.__eqsf2</name>
         <load_address>0x2dcc</load_address>
         <readonly>true</readonly>
         <executable>true</executable>
         <run_address>0x2dcc</run_address>
         <size>0x3a</size>
         <alignment>0x4</alignment>
         <input_file_ref idref="fl-111"/>
      </object_component>
      <object_component id="oc-b9">
         <name>.text.__muldsi3</name>
         <load_address>0x2e08</load_address>
         <readonly>true</readonly>
         <executable>true</executable>
         <run_address>0x2e08</run_address>
         <size>0x3a</size>
         <alignment>0x4</alignment>
         <input_file_ref idref="fl-ff"/>
      </object_component>
      <object_component id="oc-11d">
         <name>.text.SYSCFG_DL_CLOCK_init</name>
         <load_address>0x2e44</load_address>
         <readonly>true</readonly>
         <executable>true</executable>
         <run_address>0x2e44</run_address>
         <size>0x38</size>
         <alignment>0x4</alignment>
         <input_file_ref idref="fl-2"/>
      </object_component>
      <object_component id="oc-8e">
         <name>.text.__fixsfsi</name>
         <load_address>0x2e7c</load_address>
         <readonly>true</readonly>
         <executable>true</executable>
         <run_address>0x2e7c</run_address>
         <size>0x38</size>
         <alignment>0x4</alignment>
         <input_file_ref idref="fl-105"/>
      </object_component>
      <object_component id="oc-3b">
         <name>.text.TIMA0_IRQHandler</name>
         <load_address>0x2eb4</load_address>
         <readonly>true</readonly>
         <executable>true</executable>
         <run_address>0x2eb4</run_address>
         <size>0x30</size>
         <alignment>0x4</alignment>
         <input_file_ref idref="fl-1"/>
      </object_component>
      <object_component id="oc-1d1">
         <name>.text._fcpy</name>
         <load_address>0x2ee4</load_address>
         <readonly>true</readonly>
         <executable>true</executable>
         <run_address>0x2ee4</run_address>
         <size>0x30</size>
         <alignment>0x2</alignment>
         <input_file_ref idref="fl-37"/>
      </object_component>
      <object_component id="oc-108">
         <name>.text._outs</name>
         <load_address>0x2f14</load_address>
         <readonly>true</readonly>
         <executable>true</executable>
         <run_address>0x2f14</run_address>
         <size>0x30</size>
         <alignment>0x2</alignment>
         <input_file_ref idref="fl-2e"/>
      </object_component>
      <object_component id="oc-3a">
         <name>.text.TIMG6_IRQHandler</name>
         <load_address>0x2f44</load_address>
         <readonly>true</readonly>
         <executable>true</executable>
         <run_address>0x2f44</run_address>
         <size>0x2c</size>
         <alignment>0x4</alignment>
         <input_file_ref idref="fl-1"/>
      </object_component>
      <object_component id="oc-1ca">
         <name>.text.__floatsidf</name>
         <load_address>0x2f70</load_address>
         <readonly>true</readonly>
         <executable>true</executable>
         <run_address>0x2f70</run_address>
         <size>0x2c</size>
         <alignment>0x4</alignment>
         <input_file_ref idref="fl-106"/>
      </object_component>
      <object_component id="oc-11f">
         <name>.text.SYSCFG_DL_SYSCTL_CLK_init</name>
         <load_address>0x2f9c</load_address>
         <readonly>true</readonly>
         <executable>true</executable>
         <run_address>0x2f9c</run_address>
         <size>0x28</size>
         <alignment>0x4</alignment>
         <input_file_ref idref="fl-2"/>
      </object_component>
      <object_component id="oc-57">
         <name>.text:_c_int00_noargs</name>
         <load_address>0x2fc4</load_address>
         <readonly>true</readonly>
         <executable>true</executable>
         <run_address>0x2fc4</run_address>
         <size>0x28</size>
         <alignment>0x4</alignment>
         <input_file_ref idref="fl-2f"/>
      </object_component>
      <object_component id="oc-187">
         <name>.text.__muldi3</name>
         <load_address>0x2fec</load_address>
         <readonly>true</readonly>
         <executable>true</executable>
         <run_address>0x2fec</run_address>
         <size>0x24</size>
         <alignment>0x4</alignment>
         <input_file_ref idref="fl-108"/>
      </object_component>
      <object_component id="oc-16f">
         <name>.text.memccpy</name>
         <load_address>0x3010</load_address>
         <readonly>true</readonly>
         <executable>true</executable>
         <run_address>0x3010</run_address>
         <size>0x22</size>
         <alignment>0x2</alignment>
         <input_file_ref idref="fl-43"/>
      </object_component>
      <object_component id="oc-1e5">
         <name>.text.__ashldi3</name>
         <load_address>0x3034</load_address>
         <readonly>true</readonly>
         <executable>true</executable>
         <run_address>0x3034</run_address>
         <size>0x1e</size>
         <alignment>0x4</alignment>
         <input_file_ref idref="fl-113"/>
      </object_component>
      <object_component id="oc-14e">
         <name>.text.DL_Timer_setCaptCompUpdateMethod</name>
         <load_address>0x3054</load_address>
         <readonly>true</readonly>
         <executable>true</executable>
         <run_address>0x3054</run_address>
         <size>0x1c</size>
         <alignment>0x4</alignment>
         <input_file_ref idref="fl-14"/>
      </object_component>
      <object_component id="oc-14b">
         <name>.text.DL_Timer_setClockConfig</name>
         <load_address>0x3070</load_address>
         <readonly>true</readonly>
         <executable>true</executable>
         <run_address>0x3070</run_address>
         <size>0x1c</size>
         <alignment>0x4</alignment>
         <input_file_ref idref="fl-14"/>
      </object_component>
      <object_component id="oc-89">
         <name>.text.TB6612_Motor_Stop</name>
         <load_address>0x308c</load_address>
         <readonly>true</readonly>
         <executable>true</executable>
         <run_address>0x308c</run_address>
         <size>0x1c</size>
         <alignment>0x4</alignment>
         <input_file_ref idref="fl-4"/>
      </object_component>
      <object_component id="oc-14d">
         <name>.text.DL_Timer_setCaptureCompareOutCtl</name>
         <load_address>0x30a8</load_address>
         <readonly>true</readonly>
         <executable>true</executable>
         <run_address>0x30a8</run_address>
         <size>0x18</size>
         <alignment>0x4</alignment>
         <input_file_ref idref="fl-14"/>
      </object_component>
      <object_component id="oc-109">
         <name>.text._outc</name>
         <load_address>0x30c0</load_address>
         <readonly>true</readonly>
         <executable>true</executable>
         <run_address>0x30c0</run_address>
         <size>0x18</size>
         <alignment>0x2</alignment>
         <input_file_ref idref="fl-2e"/>
      </object_component>
      <object_component id="oc-4e">
         <name>.text:decompress:ZI:__TI_zero_init_nomemset</name>
         <load_address>0x30d8</load_address>
         <readonly>true</readonly>
         <executable>true</executable>
         <run_address>0x30d8</run_address>
         <size>0x16</size>
         <alignment>0x2</alignment>
         <input_file_ref idref="fl-34"/>
      </object_component>
      <object_component id="oc-18c">
         <name>.text.__aeabi_uldivmod</name>
         <load_address>0x30f0</load_address>
         <readonly>true</readonly>
         <executable>true</executable>
         <run_address>0x30f0</run_address>
         <size>0x14</size>
         <alignment>0x4</alignment>
         <input_file_ref idref="fl-110"/>
      </object_component>
      <object_component id="oc-1cf">
         <name>.text.strchr</name>
         <load_address>0x3104</load_address>
         <readonly>true</readonly>
         <executable>true</executable>
         <run_address>0x3104</run_address>
         <size>0x14</size>
         <alignment>0x2</alignment>
         <input_file_ref idref="fl-37"/>
      </object_component>
      <object_component id="oc-159">
         <name>.text.DL_UART_setClockConfig</name>
         <load_address>0x3118</load_address>
         <readonly>true</readonly>
         <executable>true</executable>
         <run_address>0x3118</run_address>
         <size>0x12</size>
         <alignment>0x2</alignment>
         <input_file_ref idref="fl-15"/>
      </object_component>
      <object_component id="oc-20">
         <name>.text:decompress:none</name>
         <load_address>0x312a</load_address>
         <readonly>true</readonly>
         <executable>true</executable>
         <run_address>0x312a</run_address>
         <size>0x12</size>
         <alignment>0x2</alignment>
         <input_file_ref idref="fl-35"/>
      </object_component>
      <object_component id="oc-d6">
         <name>.text.DL_Timer_setCaptureCompareValue</name>
         <load_address>0x313c</load_address>
         <readonly>true</readonly>
         <executable>true</executable>
         <run_address>0x313c</run_address>
         <size>0x10</size>
         <alignment>0x4</alignment>
         <input_file_ref idref="fl-14"/>
      </object_component>
      <object_component id="oc-17e">
         <name>.text.wcslen</name>
         <load_address>0x314c</load_address>
         <readonly>true</readonly>
         <executable>true</executable>
         <run_address>0x314c</run_address>
         <size>0x10</size>
         <alignment>0x2</alignment>
         <input_file_ref idref="fl-3a"/>
      </object_component>
      <object_component id="oc-16e">
         <name>.text.__aeabi_memset</name>
         <load_address>0x315c</load_address>
         <readonly>true</readonly>
         <executable>true</executable>
         <run_address>0x315c</run_address>
         <size>0xe</size>
         <alignment>0x4</alignment>
         <input_file_ref idref="fl-10e"/>
      </object_component>
      <object_component id="oc-16d">
         <name>.text.strlen</name>
         <load_address>0x316a</load_address>
         <readonly>true</readonly>
         <executable>true</executable>
         <run_address>0x316a</run_address>
         <size>0xe</size>
         <alignment>0x2</alignment>
         <input_file_ref idref="fl-37"/>
      </object_component>
      <object_component id="oc-a4">
         <name>.text.__aeabi_memclr</name>
         <load_address>0x3178</load_address>
         <readonly>true</readonly>
         <executable>true</executable>
         <run_address>0x3178</run_address>
         <size>0xc</size>
         <alignment>0x4</alignment>
         <input_file_ref idref="fl-10e"/>
      </object_component>
      <object_component id="oc-13e">
         <name>.text.DL_Common_delayCycles</name>
         <load_address>0x3184</load_address>
         <readonly>true</readonly>
         <executable>true</executable>
         <run_address>0x3184</run_address>
         <size>0xa</size>
         <alignment>0x2</alignment>
         <input_file_ref idref="fl-13"/>
      </object_component>
      <object_component id="oc-1ce">
         <name>.text.OUTLINED_FUNCTION_0</name>
         <load_address>0x318e</load_address>
         <readonly>true</readonly>
         <executable>true</executable>
         <run_address>0x318e</run_address>
         <size>0xa</size>
         <alignment>0x2</alignment>
         <input_file_ref idref="fl-37"/>
      </object_component>
      <object_component id="oc-245">
         <name>.tramp.__aeabi_dsub.1</name>
         <load_address>0x3198</load_address>
         <readonly>true</readonly>
         <executable>true</executable>
         <run_address>0x3198</run_address>
         <size>0x10</size>
         <alignment>0x4</alignment>
         <input_file_ref idref="fl-fd"/>
      </object_component>
      <object_component id="oc-1e0">
         <name>.text.OUTLINED_FUNCTION_1</name>
         <load_address>0x31a8</load_address>
         <readonly>true</readonly>
         <executable>true</executable>
         <run_address>0x31a8</run_address>
         <size>0xa</size>
         <alignment>0x2</alignment>
         <input_file_ref idref="fl-37"/>
      </object_component>
      <object_component id="oc-47">
         <name>.text.__aeabi_memcpy</name>
         <load_address>0x31b4</load_address>
         <readonly>true</readonly>
         <executable>true</executable>
         <run_address>0x31b4</run_address>
         <size>0x8</size>
         <alignment>0x4</alignment>
         <input_file_ref idref="fl-10d"/>
      </object_component>
      <object_component id="oc-ed">
         <name>.text:abort</name>
         <load_address>0x31bc</load_address>
         <readonly>true</readonly>
         <executable>true</executable>
         <run_address>0x31bc</run_address>
         <size>0x6</size>
         <alignment>0x2</alignment>
         <input_file_ref idref="fl-3c"/>
      </object_component>
      <object_component id="oc-125">
         <name>.text.HOSTexit</name>
         <load_address>0x31c2</load_address>
         <readonly>true</readonly>
         <executable>true</executable>
         <run_address>0x31c2</run_address>
         <size>0x4</size>
         <alignment>0x2</alignment>
         <input_file_ref idref="fl-ec"/>
      </object_component>
      <object_component id="oc-2f">
         <name>.text.Reset_Handler</name>
         <load_address>0x31c6</load_address>
         <readonly>true</readonly>
         <executable>true</executable>
         <run_address>0x31c6</run_address>
         <size>0x4</size>
         <alignment>0x2</alignment>
         <input_file_ref idref="fl-3"/>
      </object_component>
      <object_component id="oc-a9">
         <name>.text._system_pre_init</name>
         <load_address>0x31ca</load_address>
         <readonly>true</readonly>
         <executable>true</executable>
         <run_address>0x31ca</run_address>
         <size>0x4</size>
         <alignment>0x2</alignment>
         <input_file_ref idref="fl-32"/>
      </object_component>
      <object_component id="oc-23f">
         <name>__TI_handler_table</name>
         <load_address>0x33e0</load_address>
         <readonly>true</readonly>
         <run_address>0x33e0</run_address>
         <size>0xc</size>
         <alignment>0x4</alignment>
      </object_component>
      <object_component id="oc-242">
         <name>.cinit..bss.load</name>
         <load_address>0x33ec</load_address>
         <readonly>true</readonly>
         <run_address>0x33ec</run_address>
         <size>0x8</size>
         <alignment>0x4</alignment>
      </object_component>
      <object_component id="oc-241">
         <name>.cinit..data.load</name>
         <load_address>0x33f4</load_address>
         <readonly>true</readonly>
         <run_address>0x33f4</run_address>
         <size>0x7</size>
         <alignment>0x1</alignment>
      </object_component>
      <object_component id="oc-240">
         <name>__TI_cinit_table</name>
         <load_address>0x33fc</load_address>
         <readonly>true</readonly>
         <run_address>0x33fc</run_address>
         <size>0x10</size>
         <alignment>0x4</alignment>
      </object_component>
      <object_component id="oc-1a9">
         <name>.rodata:__aeabi_ctype_table_</name>
         <load_address>0x31d0</load_address>
         <readonly>true</readonly>
         <run_address>0x31d0</run_address>
         <size>0x101</size>
         <alignment>0x10</alignment>
         <input_file_ref idref="fl-49"/>
      </object_component>
      <object_component id="oc-157">
         <name>.rodata.gCLOCKClockConfig</name>
         <load_address>0x32d1</load_address>
         <readonly>true</readonly>
         <run_address>0x32d1</run_address>
         <size>0x3</size>
         <alignment>0x1</alignment>
         <input_file_ref idref="fl-2"/>
      </object_component>
      <object_component id="oc-14a">
         <name>.rodata.gSYSPLLConfig</name>
         <load_address>0x32d4</load_address>
         <readonly>true</readonly>
         <run_address>0x32d4</run_address>
         <size>0x28</size>
         <alignment>0x4</alignment>
         <input_file_ref idref="fl-2"/>
      </object_component>
      <object_component id="oc-dc">
         <name>.rodata.str1.15091695396400935675.1</name>
         <load_address>0x32fc</load_address>
         <readonly>true</readonly>
         <run_address>0x32fc</run_address>
         <size>0x21</size>
         <alignment>0x1</alignment>
         <input_file_ref idref="fl-4"/>
      </object_component>
      <object_component id="oc-ec">
         <name>.rodata.str1.9517790425240694019.1</name>
         <load_address>0x331d</load_address>
         <readonly>true</readonly>
         <run_address>0x331d</run_address>
         <size>0x1e</size>
         <alignment>0x1</alignment>
         <input_file_ref idref="fl-1"/>
      </object_component>
      <object_component id="oc-99">
         <name>.rodata.str1.254342170260855183.1</name>
         <load_address>0x333b</load_address>
         <readonly>true</readonly>
         <run_address>0x333b</run_address>
         <size>0x16</size>
         <alignment>0x1</alignment>
         <input_file_ref idref="fl-1"/>
      </object_component>
      <object_component id="oc-152">
         <name>.rodata.gENCODER1AClockConfig</name>
         <load_address>0x3351</load_address>
         <readonly>true</readonly>
         <run_address>0x3351</run_address>
         <size>0x3</size>
         <alignment>0x1</alignment>
         <input_file_ref idref="fl-2"/>
      </object_component>
      <object_component id="oc-158">
         <name>.rodata.gCLOCKTimerConfig</name>
         <load_address>0x3354</load_address>
         <readonly>true</readonly>
         <run_address>0x3354</run_address>
         <size>0x14</size>
         <alignment>0x4</alignment>
         <input_file_ref idref="fl-2"/>
      </object_component>
      <object_component id="oc-18b">
         <name>.rodata.str1.10348868589481759720.1</name>
         <load_address>0x3368</load_address>
         <readonly>true</readonly>
         <run_address>0x3368</run_address>
         <size>0x11</size>
         <alignment>0x1</alignment>
         <input_file_ref idref="fl-37"/>
      </object_component>
      <object_component id="oc-173">
         <name>.rodata.str1.15363888844622738466.1</name>
         <load_address>0x3379</load_address>
         <readonly>true</readonly>
         <run_address>0x3379</run_address>
         <size>0x11</size>
         <alignment>0x1</alignment>
         <input_file_ref idref="fl-37"/>
      </object_component>
      <object_component id="oc-160">
         <name>.rodata.gUART_0ClockConfig</name>
         <load_address>0x338a</load_address>
         <readonly>true</readonly>
         <run_address>0x338a</run_address>
         <size>0x2</size>
         <alignment>0x1</alignment>
         <input_file_ref idref="fl-2"/>
      </object_component>
      <object_component id="oc-153">
         <name>.rodata.gENCODER1ACaptureConfig</name>
         <load_address>0x338c</load_address>
         <readonly>true</readonly>
         <run_address>0x338c</run_address>
         <size>0x10</size>
         <alignment>0x4</alignment>
         <input_file_ref idref="fl-2"/>
      </object_component>
      <object_component id="oc-155">
         <name>.rodata.gENCODER2ACaptureConfig</name>
         <load_address>0x339c</load_address>
         <readonly>true</readonly>
         <run_address>0x339c</run_address>
         <size>0x10</size>
         <alignment>0x4</alignment>
         <input_file_ref idref="fl-2"/>
      </object_component>
      <object_component id="oc-19d">
         <name>.rodata..Lswitch.table.DL_Timer_initCompareMode</name>
         <load_address>0x33ac</load_address>
         <readonly>true</readonly>
         <run_address>0x33ac</run_address>
         <size>0xc</size>
         <alignment>0x4</alignment>
         <input_file_ref idref="fl-14"/>
      </object_component>
      <object_component id="oc-161">
         <name>.rodata.gUART_0Config</name>
         <load_address>0x33b8</load_address>
         <readonly>true</readonly>
         <run_address>0x33b8</run_address>
         <size>0xa</size>
         <alignment>0x2</alignment>
         <input_file_ref idref="fl-2"/>
      </object_component>
      <object_component id="oc-150">
         <name>.rodata.gPWM_0Config</name>
         <load_address>0x33c4</load_address>
         <readonly>true</readonly>
         <run_address>0x33c4</run_address>
         <size>0x8</size>
         <alignment>0x4</alignment>
         <input_file_ref idref="fl-2"/>
      </object_component>
      <object_component id="oc-154">
         <name>.rodata.gENCODER2AClockConfig</name>
         <load_address>0x33cc</load_address>
         <readonly>true</readonly>
         <run_address>0x33cc</run_address>
         <size>0x3</size>
         <alignment>0x1</alignment>
         <input_file_ref idref="fl-2"/>
      </object_component>
      <object_component id="oc-14f">
         <name>.rodata.gPWM_0ClockConfig</name>
         <load_address>0x33cf</load_address>
         <readonly>true</readonly>
         <run_address>0x33cf</run_address>
         <size>0x3</size>
         <alignment>0x1</alignment>
         <input_file_ref idref="fl-2"/>
      </object_component>
      <object_component id="oc-207">
         <name>.binit</name>
         <load_address>0x0</load_address>
         <readonly>true</readonly>
         <run_address>0x0</run_address>
         <size>0x0</size>
         <alignment>0x4</alignment>
      </object_component>
      <object_component id="oc-1b0">
         <name>.data.__aeabi_errno</name>
         <load_address>0x202003ac</load_address>
         <readwrite>true</readwrite>
         <run_address>0x202003ac</run_address>
         <size>0x4</size>
         <alignment>0x4</alignment>
         <input_file_ref idref="fl-3b"/>
      </object_component>
      <object_component id="oc-95">
         <name>.common:motor_l</name>
         <uninitialized>true</uninitialized>
         <readwrite>true</readwrite>
         <run_address>0x20200000</run_address>
         <size>0xc4</size>
         <alignment>0x4</alignment>
      </object_component>
      <object_component id="oc-96">
         <name>.common:motor_r</name>
         <uninitialized>true</uninitialized>
         <readwrite>true</readwrite>
         <run_address>0x202000c4</run_address>
         <size>0xc4</size>
         <alignment>0x4</alignment>
      </object_component>
      <object_component id="oc-97">
         <name>.common:route_l</name>
         <uninitialized>true</uninitialized>
         <readwrite>true</readwrite>
         <run_address>0x202003a0</run_address>
         <size>0x4</size>
         <alignment>0x4</alignment>
      </object_component>
      <object_component id="oc-98">
         <name>.common:route_r</name>
         <uninitialized>true</uninitialized>
         <readwrite>true</readwrite>
         <run_address>0x202003a4</run_address>
         <size>0x4</size>
         <alignment>0x4</alignment>
      </object_component>
      <object_component id="oc-9a">
         <name>.common:direction_l</name>
         <uninitialized>true</uninitialized>
         <readwrite>true</readwrite>
         <run_address>0x202003a8</run_address>
         <size>0x1</size>
         <alignment>0x1</alignment>
      </object_component>
      <object_component id="oc-9b">
         <name>.common:direction_r</name>
         <uninitialized>true</uninitialized>
         <readwrite>true</readwrite>
         <run_address>0x202003aa</run_address>
         <size>0x1</size>
         <alignment>0x1</alignment>
      </object_component>
      <object_component id="oc-9c">
         <name>.common:direction_l_last</name>
         <uninitialized>true</uninitialized>
         <readwrite>true</readwrite>
         <run_address>0x202003a9</run_address>
         <size>0x1</size>
         <alignment>0x1</alignment>
      </object_component>
      <object_component id="oc-9d">
         <name>.common:direction_r_last</name>
         <uninitialized>true</uninitialized>
         <readwrite>true</readwrite>
         <run_address>0x202003ab</run_address>
         <size>0x1</size>
         <alignment>0x1</alignment>
      </object_component>
      <object_component id="oc-120">
         <name>.common:gPWM_0Backup</name>
         <uninitialized>true</uninitialized>
         <readwrite>true</readwrite>
         <run_address>0x20200244</run_address>
         <size>0xbc</size>
         <alignment>0x4</alignment>
      </object_component>
      <object_component id="oc-121">
         <name>.common:gENCODER1ABackup</name>
         <uninitialized>true</uninitialized>
         <readwrite>true</readwrite>
         <run_address>0x20200188</run_address>
         <size>0xbc</size>
         <alignment>0x4</alignment>
      </object_component>
      <object_component id="oc-122">
         <name>.common:gENCODER2ABackup</name>
         <uninitialized>true</uninitialized>
         <readwrite>true</readwrite>
         <run_address>0x20200300</run_address>
         <size>0xa0</size>
         <alignment>0x4</alignment>
      </object_component>
      <object_component id="oc-1a">
         <name>.stack</name>
         <uninitialized>true</uninitialized>
         <readwrite>true</readwrite>
         <run_address>0x20207e00</run_address>
         <size>0x4</size>
         <alignment>0x4</alignment>
         <input_file_ref idref="fl-2f"/>
      </object_component>
      <object_component id="oc-244">
         <name>.stack</name>
         <uninitialized>true</uninitialized>
         <readwrite>true</readwrite>
         <run_address>0x20207e00</run_address>
         <size>0x0</size>
         <alignment>0x8</alignment>
      </object_component>
      <object_component id="oc-38">
         <name>.debug_loc</name>
         <load_address>0x0</load_address>
         <run_address>0x0</run_address>
         <size>0x3d3</size>
         <alignment>0x1</alignment>
         <input_file_ref idref="fl-1"/>
      </object_component>
      <object_component id="oc-119">
         <name>.debug_loc</name>
         <load_address>0x3d3</load_address>
         <run_address>0x3d3</run_address>
         <size>0x14a</size>
         <alignment>0x1</alignment>
         <input_file_ref idref="fl-2"/>
      </object_component>
      <object_component id="oc-93">
         <name>.debug_loc</name>
         <load_address>0x51d</load_address>
         <run_address>0x51d</run_address>
         <size>0x100</size>
         <alignment>0x1</alignment>
         <input_file_ref idref="fl-4"/>
      </object_component>
      <object_component id="oc-81">
         <name>.debug_loc</name>
         <load_address>0x61d</load_address>
         <run_address>0x61d</run_address>
         <size>0x260</size>
         <alignment>0x1</alignment>
         <input_file_ref idref="fl-5"/>
      </object_component>
      <object_component id="oc-19a">
         <name>.debug_loc</name>
         <load_address>0x87d</load_address>
         <run_address>0x87d</run_address>
         <size>0x13</size>
         <alignment>0x1</alignment>
         <input_file_ref idref="fl-13"/>
      </object_component>
      <object_component id="oc-da">
         <name>.debug_loc</name>
         <load_address>0x890</load_address>
         <run_address>0x890</run_address>
         <size>0x1a27</size>
         <alignment>0x1</alignment>
         <input_file_ref idref="fl-14"/>
      </object_component>
      <object_component id="oc-15b">
         <name>.debug_loc</name>
         <load_address>0x22b7</load_address>
         <run_address>0x22b7</run_address>
         <size>0x7bc</size>
         <alignment>0x1</alignment>
         <input_file_ref idref="fl-15"/>
      </object_component>
      <object_component id="oc-145">
         <name>.debug_loc</name>
         <load_address>0x2a73</load_address>
         <run_address>0x2a73</run_address>
         <size>0x414</size>
         <alignment>0x1</alignment>
         <input_file_ref idref="fl-16"/>
      </object_component>
      <object_component id="oc-c8">
         <name>.debug_loc</name>
         <load_address>0x2e87</load_address>
         <run_address>0x2e87</run_address>
         <size>0x186</size>
         <alignment>0x1</alignment>
         <input_file_ref idref="fl-2e"/>
      </object_component>
      <object_component id="oc-42">
         <name>.debug_loc</name>
         <load_address>0x300d</load_address>
         <run_address>0x300d</run_address>
         <size>0xd8</size>
         <alignment>0x1</alignment>
         <input_file_ref idref="fl-2f"/>
      </object_component>
      <object_component id="oc-f9">
         <name>.debug_loc</name>
         <load_address>0x30e5</load_address>
         <run_address>0x30e5</run_address>
         <size>0x424</size>
         <alignment>0x1</alignment>
         <input_file_ref idref="fl-31"/>
      </object_component>
      <object_component id="oc-4f">
         <name>.debug_loc</name>
         <load_address>0x3509</load_address>
         <run_address>0x3509</run_address>
         <size>0x16c</size>
         <alignment>0x1</alignment>
         <input_file_ref idref="fl-34"/>
      </object_component>
      <object_component id="oc-4d">
         <name>.debug_loc</name>
         <load_address>0x3675</load_address>
         <run_address>0x3675</run_address>
         <size>0x6f</size>
         <alignment>0x1</alignment>
         <input_file_ref idref="fl-35"/>
      </object_component>
      <object_component id="oc-45">
         <name>.debug_loc</name>
         <load_address>0x36e4</load_address>
         <run_address>0x36e4</run_address>
         <size>0x167</size>
         <alignment>0x1</alignment>
         <input_file_ref idref="fl-36"/>
      </object_component>
      <object_component id="oc-13a">
         <name>.debug_loc</name>
         <load_address>0x384b</load_address>
         <run_address>0x384b</run_address>
         <size>0x32d8</size>
         <alignment>0x1</alignment>
         <input_file_ref idref="fl-37"/>
      </object_component>
      <object_component id="oc-1ec">
         <name>.debug_loc</name>
         <load_address>0x6b23</load_address>
         <run_address>0x6b23</run_address>
         <size>0x9c</size>
         <alignment>0x1</alignment>
         <input_file_ref idref="fl-38"/>
      </object_component>
      <object_component id="oc-1ef">
         <name>.debug_loc</name>
         <load_address>0x6bbf</load_address>
         <run_address>0x6bbf</run_address>
         <size>0x127</size>
         <alignment>0x1</alignment>
         <input_file_ref idref="fl-39"/>
      </object_component>
      <object_component id="oc-1af">
         <name>.debug_loc</name>
         <load_address>0x6ce6</load_address>
         <run_address>0x6ce6</run_address>
         <size>0x33</size>
         <alignment>0x1</alignment>
         <input_file_ref idref="fl-3a"/>
      </object_component>
      <object_component id="oc-1b3">
         <name>.debug_loc</name>
         <load_address>0x6d19</load_address>
         <run_address>0x6d19</run_address>
         <size>0x101</size>
         <alignment>0x1</alignment>
         <input_file_ref idref="fl-3b"/>
      </object_component>
      <object_component id="oc-f3">
         <name>.debug_loc</name>
         <load_address>0x6e1a</load_address>
         <run_address>0x6e1a</run_address>
         <size>0x26</size>
         <alignment>0x1</alignment>
         <input_file_ref idref="fl-3c"/>
      </object_component>
      <object_component id="oc-1f7">
[...]
         <value>0x0</value>
      </symbol>
      <symbol id="sm-e7">
         <name>__TI_ATRegion0_region_sz</name>
         <value>0x0</value>
      </symbol>
      <symbol id="sm-e8">
         <name>__TI_ATRegion1_src_addr</name>
         <value>0x0</value>
      </symbol>
      <symbol id="sm-e9">
         <name>__TI_ATRegion1_trg_addr</name>
         <value>0x0</value>
      </symbol>
      <symbol id="sm-ea">
         <name>__TI_ATRegion1_region_sz</name>
         <value>0x0</value>
      </symbol>
      <symbol id="sm-eb">
         <name>__TI_ATRegion2_src_addr</name>
         <value>0x0</value>
      </symbol>
      <symbol id="sm-ec">
         <name>__TI_ATRegion2_trg_addr</name>
         <value>0x0</value>
      </symbol>
      <symbol id="sm-ed">
         <name>__TI_ATRegion2_region_sz</name>
         <value>0x0</value>
      </symbol>
      <symbol id="sm-f6">
         <name>DL_Common_delayCycles</name>
         <value>0x3185</value>
         <object_component_ref idref="oc-13e"/>
      </symbol>
      <symbol id="sm-116">
         <name>DL_Timer_setClockConfig</name>
         <value>0x3071</value>
         <object_component_ref idref="oc-14b"/>
      </symbol>
      <symbol id="sm-117">
         <name>DL_Timer_initTimerMode</name>
         <value>0x1b19</value>
         <object_component_ref idref="oc-156"/>
      </symbol>
      <symbol id="sm-118">
         <name>DL_Timer_setCaptureCompareValue</name>
         <value>0x313d</value>
         <object_component_ref idref="oc-d6"/>
      </symbol>
      <symbol id="sm-119">
         <name>DL_Timer_initCaptureMode</name>
         <value>0x15f1</value>
         <object_component_ref idref="oc-151"/>
      </symbol>
      <symbol id="sm-11a">
         <name>DL_Timer_setCaptCompUpdateMethod</name>
         <value>0x3055</value>
         <object_component_ref idref="oc-14e"/>
      </symbol>
      <symbol id="sm-11b">
         <name>DL_Timer_setCaptureCompareOutCtl</name>
         <value>0x30a9</value>
         <object_component_ref idref="oc-14d"/>
      </symbol>
      <symbol id="sm-11c">
         <name>DL_Timer_initFourCCPWMMode</name>
         <value>0x1929</value>
         <object_component_ref idref="oc-14c"/>
      </symbol>
      <symbol id="sm-129">
         <name>DL_UART_init</name>
         <value>0x2acd</value>
         <object_component_ref idref="oc-15f"/>
      </symbol>
      <symbol id="sm-12a">
         <name>DL_UART_setClockConfig</name>
         <value>0x3119</value>
         <object_component_ref idref="oc-159"/>
      </symbol>
      <symbol id="sm-13b">
         <name>DL_SYSCTL_configSYSPLL</name>
         <value>0x1ce5</value>
         <object_component_ref idref="oc-148"/>
      </symbol>
      <symbol id="sm-13c">
         <name>DL_SYSCTL_switchMCLKfromSYSOSCtoHSCLK</name>
         <value>0x2b5d</value>
         <object_component_ref idref="oc-149"/>
      </symbol>
      <symbol id="sm-13d">
         <name>DL_SYSCTL_setHFCLKSourceHFXTParams</name>
         <value>0x258d</value>
         <object_component_ref idref="oc-142"/>
      </symbol>
      <symbol id="sm-14f">
         <name>vsnprintf</name>
         <value>0x2c61</value>
         <object_component_ref idref="oc-c4"/>
      </symbol>
      <symbol id="sm-15a">
         <name>_c_int00_noargs</name>
         <value>0x2fc5</value>
         <object_component_ref idref="oc-57"/>
      </symbol>
      <symbol id="sm-15b">
         <name>__stack</name>
         <value>0x20207e00</value>
         <object_component_ref idref="oc-1a"/>
      </symbol>
      <symbol id="sm-167">
         <name>__TI_auto_init_nobinit_nopinit</name>
         <value>0x2d91</value>
         <object_component_ref idref="oc-f4"/>
      </symbol>
      <symbol id="sm-16f">
         <name>_system_pre_init</name>
         <value>0x31cb</value>
         <object_component_ref idref="oc-a9"/>
      </symbol>
      <symbol id="sm-17a">
         <name>__TI_zero_init_nomemset</name>
         <value>0x30d9</value>
         <object_component_ref idref="oc-4e"/>
      </symbol>
      <symbol id="sm-183">
         <name>__TI_decompress_none</name>
         <value>0x312b</value>
         <object_component_ref idref="oc-20"/>
      </symbol>
      <symbol id="sm-18e">
         <name>__TI_decompress_lzss</name>
         <value>0x22e9</value>
         <object_component_ref idref="oc-1c"/>
      </symbol>
      <symbol id="sm-1d7">
         <name>__TI_printfi</name>
         <value>0xc1</value>
         <object_component_ref idref="oc-13c"/>
      </symbol>
      <symbol id="sm-1e1">
         <name>frexp</name>
         <value>0x283d</value>
         <object_component_ref idref="oc-1ba"/>
      </symbol>
      <symbol id="sm-1e2">
         <name>frexpl</name>
         <value>0x283d</value>
         <object_component_ref idref="oc-1ba"/>
      </symbol>
      <symbol id="sm-1ec">
         <name>scalbn</name>
         <value>0x1dc1</value>
         <object_component_ref idref="oc-1be"/>
      </symbol>
      <symbol id="sm-1ed">
         <name>ldexp</name>
         <value>0x1dc1</value>
         <object_component_ref idref="oc-1be"/>
      </symbol>
      <symbol id="sm-1ee">
         <name>scalbnl</name>
         <value>0x1dc1</value>
         <object_component_ref idref="oc-1be"/>
      </symbol>
      <symbol id="sm-1ef">
         <name>ldexpl</name>
         <value>0x1dc1</value>
         <object_component_ref idref="oc-1be"/>
      </symbol>
      <symbol id="sm-1f8">
         <name>wcslen</name>
         <value>0x314d</value>
         <object_component_ref idref="oc-17e"/>
      </symbol>
      <symbol id="sm-203">
         <name>__aeabi_errno_addr</name>
         <value>0x23d9</value>
         <object_component_ref idref="oc-182"/>
      </symbol>
      <symbol id="sm-204">
         <name>__aeabi_errno</name>
         <value>0x202003ac</value>
         <object_component_ref idref="oc-1b0"/>
      </symbol>
      <symbol id="sm-20e">
         <name>abort</name>
         <value>0x31bd</value>
         <object_component_ref idref="oc-ed"/>
      </symbol>
      <symbol id="sm-218">
         <name>__TI_ltoa</name>
         <value>0x2899</value>
         <object_component_ref idref="oc-1c6"/>
      </symbol>
      <symbol id="sm-224">
         <name>atoi</name>
         <value>0x2c21</value>
         <object_component_ref idref="oc-17a"/>
      </symbol>
      <symbol id="sm-22e">
         <name>memccpy</name>
         <value>0x3011</value>
         <object_component_ref idref="oc-16f"/>
      </symbol>
      <symbol id="sm-234">
         <name>__aeabi_ctype_table_</name>
         <value>0x31d0</value>
         <object_component_ref idref="oc-1a9"/>
      </symbol>
      <symbol id="sm-235">
         <name>__aeabi_ctype_table_C</name>
         <value>0x31d0</value>
         <object_component_ref idref="oc-1a9"/>
      </symbol>
      <symbol id="sm-240">
         <name>HOSTexit</name>
         <value>0x31c3</value>
         <object_component_ref idref="oc-125"/>
      </symbol>
      <symbol id="sm-241">
         <name>C$$EXIT</name>
         <value>0x31c2</value>
         <object_component_ref idref="oc-125"/>
      </symbol>
      <symbol id="sm-256">
         <name>__aeabi_fadd</name>
         <value>0x1ea3</value>
         <object_component_ref idref="oc-6a"/>
      </symbol>
      <symbol id="sm-257">
         <name>__addsf3</name>
         <value>0x1ea3</value>
         <object_component_ref idref="oc-6a"/>
      </symbol>
      <symbol id="sm-258">
         <name>__aeabi_fsub</name>
         <value>0x1e99</value>
         <object_component_ref idref="oc-6a"/>
      </symbol>
      <symbol id="sm-259">
         <name>__subsf3</name>
         <value>0x1e99</value>
         <object_component_ref idref="oc-6a"/>
      </symbol>
      <symbol id="sm-25f">
         <name>__aeabi_dadd</name>
         <value>0x120b</value>
         <object_component_ref idref="oc-76"/>
      </symbol>
      <symbol id="sm-260">
         <name>__adddf3</name>
         <value>0x120b</value>
         <object_component_ref idref="oc-76"/>
      </symbol>
      <symbol id="sm-261">
         <name>__aeabi_dsub</name>
         <value>0x1201</value>
         <object_component_ref idref="oc-76"/>
      </symbol>
      <symbol id="sm-262">
         <name>__subdf3</name>
         <value>0x1201</value>
         <object_component_ref idref="oc-76"/>
      </symbol>
      <symbol id="sm-26b">
         <name>__aeabi_dmul</name>
         <value>0x1c01</value>
         <object_component_ref idref="oc-72"/>
      </symbol>
      <symbol id="sm-26c">
         <name>__muldf3</name>
         <value>0x1c01</value>
         <object_component_ref idref="oc-72"/>
      </symbol>
      <symbol id="sm-272">
         <name>__muldsi3</name>
         <value>0x2e09</value>
         <object_component_ref idref="oc-b9"/>
      </symbol>
      <symbol id="sm-278">
         <name>__aeabi_fmul</name>
         <value>0x21d9</value>
         <object_component_ref idref="oc-62"/>
      </symbol>
      <symbol id="sm-279">
         <name>__mulsf3</name>
         <value>0x21d9</value>
         <object_component_ref idref="oc-62"/>
      </symbol>
      <symbol id="sm-27f">
         <name>__aeabi_fdiv</name>
         <value>0x2265</value>
         <object_component_ref idref="oc-66"/>
      </symbol>
      <symbol id="sm-280">
         <name>__divsf3</name>
         <value>0x2265</value>
         <object_component_ref idref="oc-66"/>
      </symbol>
      <symbol id="sm-286">
         <name>__aeabi_ddiv</name>
         <value>0x181d</value>
         <object_component_ref idref="oc-1db"/>
      </symbol>
      <symbol id="sm-287">
         <name>__divdf3</name>
         <value>0x181d</value>
         <object_component_ref idref="oc-1db"/>
      </symbol>
      <symbol id="sm-28d">
         <name>__aeabi_f2d</name>
         <value>0x2be1</value>
         <object_component_ref idref="oc-6e"/>
      </symbol>
      <symbol id="sm-28e">
         <name>__extendsfdf2</name>
         <value>0x2be1</value>
         <object_component_ref idref="oc-6e"/>
      </symbol>
      <symbol id="sm-294">
         <name>__aeabi_d2iz</name>
         <value>0x29f1</value>
         <object_component_ref idref="oc-1c2"/>
      </symbol>
      <symbol id="sm-295">
         <name>__fixdfsi</name>
         <value>0x29f1</value>
         <object_component_ref idref="oc-1c2"/>
      </symbol>
      <symbol id="sm-29b">
         <name>__aeabi_f2iz</name>
         <value>0x2e7d</value>
         <object_component_ref idref="oc-8e"/>
      </symbol>
      <symbol id="sm-29c">
         <name>__fixsfsi</name>
         <value>0x2e7d</value>
         <object_component_ref idref="oc-8e"/>
      </symbol>
      <symbol id="sm-2a2">
         <name>__aeabi_i2d</name>
         <value>0x2f71</value>
         <object_component_ref idref="oc-1ca"/>
      </symbol>
      <symbol id="sm-2a3">
         <name>__floatsidf</name>
         <value>0x2f71</value>
         <object_component_ref idref="oc-1ca"/>
      </symbol>
      <symbol id="sm-2a9">
         <name>__aeabi_i2f</name>
         <value>0x2d19</value>
         <object_component_ref idref="oc-5e"/>
      </symbol>
      <symbol id="sm-2aa">
         <name>__floatsisf</name>
         <value>0x2d19</value>
         <object_component_ref idref="oc-5e"/>
      </symbol>
      <symbol id="sm-2b0">
         <name>__aeabi_lmul</name>
         <value>0x2fed</value>
         <object_component_ref idref="oc-187"/>
      </symbol>
      <symbol id="sm-2b1">
         <name>__muldi3</name>
         <value>0x2fed</value>
         <object_component_ref idref="oc-187"/>
      </symbol>
      <symbol id="sm-2b8">
         <name>__aeabi_d2f</name>
         <value>0x23e1</value>
         <object_component_ref idref="oc-7a"/>
      </symbol>
      <symbol id="sm-2b9">
         <name>__truncdfsf2</name>
         <value>0x23e1</value>
         <object_component_ref idref="oc-7a"/>
      </symbol>
      <symbol id="sm-2bf">
         <name>__aeabi_dcmpeq</name>
         <value>0x2655</value>
         <object_component_ref idref="oc-191"/>
      </symbol>
      <symbol id="sm-2c0">
         <name>__aeabi_dcmplt</name>
         <value>0x2669</value>
         <object_component_ref idref="oc-191"/>
      </symbol>
      <symbol id="sm-2c1">
         <name>__aeabi_dcmple</name>
         <value>0x267d</value>
         <object_component_ref idref="oc-191"/>
      </symbol>
      <symbol id="sm-2c2">
         <name>__aeabi_dcmpge</name>
         <value>0x2691</value>
         <object_component_ref idref="oc-191"/>
      </symbol>
      <symbol id="sm-2c3">
         <name>__aeabi_dcmpgt</name>
         <value>0x26a5</value>
         <object_component_ref idref="oc-191"/>
      </symbol>
      <symbol id="sm-2c9">
         <name>__aeabi_fcmpeq</name>
         <value>0x26b9</value>
         <object_component_ref idref="oc-85"/>
      </symbol>
      <symbol id="sm-2ca">
         <name>__aeabi_fcmplt</name>
         <value>0x26cd</value>
         <object_component_ref idref="oc-85"/>
      </symbol>
      <symbol id="sm-2cb">
         <name>__aeabi_fcmple</name>
         <value>0x26e1</value>
         <object_component_ref idref="oc-85"/>
      </symbol>
      <symbol id="sm-2cc">
         <name>__aeabi_fcmpge</name>
         <value>0x26f5</value>
         <object_component_ref idref="oc-85"/>
      </symbol>
      <symbol id="sm-2cd">
         <name>__aeabi_fcmpgt</name>
         <value>0x2709</value>
         <object_component_ref idref="oc-85"/>
      </symbol>
      <symbol id="sm-2d3">
         <name>__aeabi_idiv</name>
         <value>0x2949</value>
         <object_component_ref idref="oc-1f1"/>
      </symbol>
      <symbol id="sm-2d4">
         <name>__aeabi_idivmod</name>
         <value>0x2949</value>
         <object_component_ref idref="oc-1f1"/>
      </symbol>
      <symbol id="sm-2da">
         <name>__aeabi_memcpy</name>
         <value>0x31b5</value>
         <object_component_ref idref="oc-47"/>
      </symbol>
      <symbol id="sm-2db">
         <name>__aeabi_memcpy4</name>
         <value>0x31b5</value>
         <object_component_ref idref="oc-47"/>
      </symbol>
      <symbol id="sm-2dc">
         <name>__aeabi_memcpy8</name>
         <value>0x31b5</value>
         <object_component_ref idref="oc-47"/>
      </symbol>
      <symbol id="sm-2e5">
         <name>__aeabi_memset</name>
         <value>0x315d</value>
         <object_component_ref idref="oc-16e"/>
      </symbol>
      <symbol id="sm-2e6">
         <name>__aeabi_memset4</name>
         <value>0x315d</value>
         <object_component_ref idref="oc-16e"/>
      </symbol>
      <symbol id="sm-2e7">
         <name>__aeabi_memset8</name>
         <value>0x315d</value>
         <object_component_ref idref="oc-16e"/>
      </symbol>
      <symbol id="sm-2e8">
         <name>__aeabi_memclr</name>
         <value>0x3179</value>
         <object_component_ref idref="oc-a4"/>
      </symbol>
      <symbol id="sm-2e9">
         <name>__aeabi_memclr4</name>
         <value>0x3179</value>
         <object_component_ref idref="oc-a4"/>
      </symbol>
      <symbol id="sm-2ea">
         <name>__aeabi_memclr8</name>
         <value>0x3179</value>
         <object_component_ref idref="oc-a4"/>
      </symbol>
      <symbol id="sm-2f0">
         <name>__aeabi_uidiv</name>
         <value>0x2ba1</value>
         <object_component_ref idref="oc-174"/>
      </symbol>
      <symbol id="sm-2f1">
         <name>__aeabi_uidivmod</name>
         <value>0x2ba1</value>
         <object_component_ref idref="oc-174"/>
      </symbol>
      <symbol id="sm-2f7">
         <name>__aeabi_uldivmod</name>
         <value>0x30f1</value>
         <object_component_ref idref="oc-18c"/>
      </symbol>
      <symbol id="sm-300">
         <name>__eqsf2</name>
         <value>0x2dcd</value>
         <object_component_ref idref="oc-cc"/>
      </symbol>
      <symbol id="sm-301">
         <name>__lesf2</name>
         <value>0x2dcd</value>
         <object_component_ref idref="oc-cc"/>
      </symbol>
      <symbol id="sm-302">
         <name>__ltsf2</name>
         <value>0x2dcd</value>
         <object_component_ref idref="oc-cc"/>
      </symbol>
      <symbol id="sm-303">
         <name>__nesf2</name>
         <value>0x2dcd</value>
         <object_component_ref idref="oc-cc"/>
      </symbol>
      <symbol id="sm-304">
         <name>__cmpsf2</name>
         <value>0x2dcd</value>
         <object_component_ref idref="oc-cc"/>
      </symbol>
      <symbol id="sm-305">
         <name>__gtsf2</name>
         <value>0x2d55</value>
         <object_component_ref idref="oc-d1"/>
      </symbol>
      <symbol id="sm-306">
         <name>__gesf2</name>
         <value>0x2d55</value>
         <object_component_ref idref="oc-d1"/>
      </symbol>
      <symbol id="sm-30c">
         <name>__udivmoddi4</name>
         <value>0x1f71</value>
         <object_component_ref idref="oc-1b5"/>
      </symbol>
      <symbol id="sm-312">
         <name>__aeabi_llsl</name>
         <value>0x3035</value>
         <object_component_ref idref="oc-1e5"/>
      </symbol>
      <symbol id="sm-313">
         <name>__ashldi3</name>
         <value>0x3035</value>
         <object_component_ref idref="oc-1e5"/>
      </symbol>
      <symbol id="sm-321">
         <name>__ledf2</name>
         <value>0x2455</value>
         <object_component_ref idref="oc-1d3"/>
      </symbol>
      <symbol id="sm-322">
         <name>__gedf2</name>
         <value>0x2365</value>
         <object_component_ref idref="oc-1d9"/>
      </symbol>
      <symbol id="sm-323">
         <name>__cmpdf2</name>
         <value>0x2455</value>
         <object_component_ref idref="oc-1d3"/>
      </symbol>
      <symbol id="sm-324">
         <name>__eqdf2</name>
         <value>0x2455</value>
         <object_component_ref idref="oc-1d3"/>
      </symbol>
      <symbol id="sm-325">
         <name>__ltdf2</name>
         <value>0x2455</value>
         <object_component_ref idref="oc-1d3"/>
      </symbol>
      <symbol id="sm-326">
         <name>__nedf2</name>
         <value>0x2455</value>
         <object_component_ref idref="oc-1d3"/>
      </symbol>
      <symbol id="sm-327">
         <name>__gtdf2</name>
         <value>0x2365</value>
         <object_component_ref idref="oc-1d9"/>
      </symbol>
      <symbol id="sm-333">
         <name>__aeabi_idiv0</name>
         <value>0x22e7</value>
         <object_component_ref idref="oc-1a3"/>
      </symbol>
      <symbol id="sm-334">
         <name>__aeabi_ldiv0</name>
         <value>0x258b</value>
         <object_component_ref idref="oc-1e4"/>
      </symbol>
      <symbol id="sm-34e">
         <name>memcpy</name>
         <value>0x2013</value>
         <object_component_ref idref="oc-e2"/>
      </symbol>
      <symbol id="sm-35d">
         <name>memset</name>
         <value>0x271b</value>
         <object_component_ref idref="oc-115"/>
      </symbol>
      <symbol id="sm-35e">
         <name>__TI_static_base__</name>
         <value>0x0</value>
      </symbol>
      <symbol id="sm-362">
         <name>__mpu_init</name>
         <value>0x0</value>
      </symbol>
      <symbol id="sm-363">
         <name>_system_post_cinit</name>
         <value>0x0</value>
      </symbol>
   </symbol_table>
   <title>Link successful</title>
</link_info>
